[prologue] host=cn121 start=2026-06-28T22:41:12+02:00
[prologue] repo=/projects/hep/fs10/shared/nnbar/billy/ccb-testbeam
[prologue] python=Python 3.11.14
[prologue] out=/projects/hep/fs10/shared/nnbar/billy/ccb-testbeam/reports/mv3_stopping_v3_1782679272
[mv3v3] start=2026-06-28T20:41:13.274344+00:00
[mv3v3] gain=92.0 ADC/MeV, peak_frac=0.733, threshold=1000.0 ADC
[mc_v3] events=1000000, charged_B_tracks=304646, above_threshold=249484 (81.9%), below_threshold=55162
[data:all] n_events=306745  B2=0.876  B4=0.063  B6=0.039  B8=0.023
[data:sample_i] n_events=233184  B2=0.933  B4=0.037  B6=0.020  B8=0.010
[data:sample_ii] n_events=73561  B2=0.695  B4=0.144  B6=0.098  B8=0.063
[mv3v3] chi2=204808.2 ndf=3 chi2/ndf=68269.41
[mv3v3] MC fracs: B2=0.470  B4=0.182  B6=0.125  B8=0.223
[mv3v3] Data(all): B2=0.876  B4=0.063  B6=0.039  B8=0.023
[mv3v3] Data(s_ii): B2=0.695  B4=0.144  B6=0.098  B8=0.063
[mv3v3] wrote /projects/hep/fs10/shared/nnbar/billy/ccb-testbeam/reports/mv3_stopping_v3_1782679272/mv3_summary.json
[mv3v3] wrote /projects/hep/fs10/shared/nnbar/billy/ccb-testbeam/reports/mv3_stopping_v3_1782679272/mv3_stop_frac.png
[mv3v3] wrote /projects/hep/fs10/shared/nnbar/billy/ccb-testbeam/reports/mv3_stopping_v3_1782679272/REPORT.md
[mv3v3] done=2026-06-28T20:41:23.961503+00:00
[job] done=2026-06-28T22:41:24+02:00 -> /projects/hep/fs10/shared/nnbar/billy/ccb-testbeam/reports/mv3_stopping_v3_1782679272
mv3_stop_frac.png
mv3_summary.json
REPORT.md
