
Inactive Modules:
  1) IPython/8.17.2                 8) cryptography/41.0.5
  2) JupyterLab/4.2.0               9) jedi/0.19.1
  3) JupyterNotebook/7.2.0         10) jupyter-server/2.14.0
  4) PyYAML/6.0.1                  11) libsodium/1.0.19
  5) PyZMQ/25.1.2                  12) lxml/4.9.3
  6) Python-bundle-PyPI/2023.10    13) tornado/6.4
  7) ZeroMQ/4.3.5                  14) virtualenv/20.24.6

Due to MODULEPATH changes, the following have been reloaded:
  1) BeautifulSoup/4.12.2     6) cffi/1.15.1        11) ncurses/6.4
  2) OpenPGM/5.2.122          7) libffi/3.4.4       12) util-linux/2.39
  3) Tcl/8.6.13               8) libreadline/8.2    13) zlib/1.2.13
  4) binutils/2.40            9) libxslt/1.1.38
  5) bzip2/1.0.8             10) libyaml/0.2.5

The following have been reloaded with a version change:
  1) GCCcore/13.2.0 => GCCcore/12.3.0     4) XZ/5.4.4 => XZ/5.4.2
  2) Python/3.11.5 => Python/3.11.3       5) libxml2/2.11.5 => libxml2/2.11.4
  3) SQLite/3.43.1 => SQLite/3.42.0

geant4 version: 11.2.2
CMake Deprecation Warning at /sw/easybuild_milan/software/Geant4/11.2.2-GCC-12.3.0/lib64/cmake/Geant4/PTL/PTLConfig.cmake:30 (cmake_minimum_required):
  Compatibility with CMake < 3.10 will be removed from a future version of
  CMake.

  Update the VERSION argument <min> value.  Or, use the <min>...<max> syntax
  to tell CMake that the project requires at least <min> but has been updated
  to work with policies introduced by <max> or earlier.
Call Stack (most recent call first):
  /usr/share/cmake/Modules/CMakeFindDependencyMacro.cmake:76 (find_package)
  /sw/easybuild_milan/software/Geant4/11.2.2-GCC-12.3.0/lib64/cmake/Geant4/Geant4Config.cmake:286 (find_dependency)
  CMakeLists.txt:15 (find_package)


-- Configuring done (0.4s)
-- Generating done (0.0s)
-- Build files have been written to: /projects/hep/fs10/shared/nnbar/billy/ccb-wt-i885/geant4/single_stave/build
[  7%] Building CXX object CMakeFiles/ccb_stave_sim.dir/src/AppConfig.cc.o
[ 14%] Building CXX object CMakeFiles/ccb_stave_sim.dir/src/DetectorConstruction.cc.o
[ 21%] Linking CXX executable ccb_stave_sim
[100%] Built target ccb_stave_sim
--- ctest (geometry + smoke) ---
Internal ctest changing into directory: /projects/hep/fs10/shared/nnbar/billy/ccb-wt-i885/geant4/single_stave/build
Test project /projects/hep/fs10/shared/nnbar/billy/ccb-wt-i885/geant4/single_stave/build
    Start 1: ccb_stave_geometry_smoke
1/4 Test #1: ccb_stave_geometry_smoke .............   Passed    0.50 sec
    Start 2: ccb_stave_proton_smoke
2/4 Test #2: ccb_stave_proton_smoke ...............   Passed   89.49 sec
    Start 3: ccb_stave_geometry_report_python
3/4 Test #3: ccb_stave_geometry_report_python .....   Passed    0.58 sec
    Start 4: ccb_stave_birks_visible_regression
4/4 Test #4: ccb_stave_birks_visible_regression ...***Failed  113.45 sec
RUN: /projects/hep/fs10/shared/nnbar/billy/ccb-wt-i885/geant4/single_stave/build/ccb_stave_sim --particle proton --energy 100.0 --nevents 3 --seed 1 --birks-kB 0.126 --optical-dir /projects/hep/fs10/shared/nnbar/billy/ccb-wt-i885/geant4/single_stave/build/optical --output /projects/hep/fs10/shared/nnbar/billy/ccb-wt-i885/geant4/single_stave/build/birks_regression/birks_on.root
RUN: /projects/hep/fs10/shared/nnbar/billy/ccb-wt-i885/geant4/single_stave/build/ccb_stave_sim --particle proton --energy 100.0 --nevents 3 --seed 1 --birks-kB 0.0 --optical-dir /projects/hep/fs10/shared/nnbar/billy/ccb-wt-i885/geant4/single_stave/build/optical --output /projects/hep/fs10/shared/nnbar/billy/ccb-wt-i885/geant4/single_stave/build/birks_regression/birks_off.root
SKIP: uproot is not installed in this python; install the optional [root] extra (uproot) to exercise the Birks regression test.


75% tests passed, 1 tests failed out of 4

Total Test time (real) = 204.04 sec

The following tests FAILED:
	  4 - ccb_stave_birks_visible_regression (Failed)
Errors while running CTest
