CCB_BEAM_PREFLIGHT intersects=1 enters_neg_z=1 path_cm=2 reason=ok
CCB_BEAM_ENVELOPE_PREFLIGHT profile=AREA_UNIFORM_CONE_SPREAD corners_checked=16 corners_missing=0 min_path_cm=2.03085 reason=ok

**************************************************************
 Geant4 version Name: geant4-11-02-patch-02 [MT]   (21-June-2024)
  << in Multi-threaded mode >> 
                       Copyright : Geant4 Collaboration
                      References : NIM A 506 (2003), 250-303
                                 : IEEE-TNS 53 (2006), 270-278
                                 : NIM A 835 (2016), 186-225
                             WWW : http://geant4.org/
**************************************************************

CCB_STAVE_START particle=mu- KE_MeV=300 nevents=300 threads_requested=32 threads_effective=32 g4_force_threads=unset seed=42 hit_x_cm=0 hit_y_cm=0 theta_deg=0 phi_deg=0 allow_miss=0 beam_profile_id=AREA_UNIFORM_CONE_SPREAD sample_position=1 hit_x_min_cm=-22 hit_x_max_cm=22 hit_y_min_cm=-2.2 hit_y_max_cm=2.2 sample_angle=1 theta_spread_deg=10 write_photon_ntuple=0 optical_max_time_ns=1000 optical_max_steps=200000 birks_kB=0.126 quenching_model_id=birks_geant4 quenching_model_status=HYPOTHESIS quenching_claims_authorized=false production_cut_mm=0.1 physics_list=QGSP_BIC neutron_timecut_policy_id=pin_qgsp_bic_default_10us neutron_time_cut_us=10 neutron_tracking_time_cut_configured=1 neutron_diagnostics=0 reflectivity_scale=1 attenuation_scale(deprecated)=1 scintillator_absorption_scale=1 y11_bulk_attenuation_scale=1 pde_scale=1 collection_efficiency=1 optical_interface_model=UNKNOWN_EXTERNAL far_end=instrumented wls_time_profile=exponential wls_fluorescence_model=geant4_default_one_secondary wls_fluorescence_yield=0.7 mode=optical optical_dir=/projects/hep/fs10/shared/nnbar/billy/ccb-wt-1623/geant4/single_stave/build/optical strict_optical=1 output=/projects/hep/fs10/shared/nnbar/billy/ccb-wt-1623/geant4/single_stave/guard_1623/g_mu300.root gpu_optical=0 optical_out= dump_gdml=
G4PhysListFactory::GetReferencePhysList <QGSP_BIC>  EMoption= 0
<<< Geant4 Physics List simulation engine: QGSP_BIC


Checking overlaps for volume Coating:0 (G4SubtractionSolid) ... OK! 
Checking overlaps for volume Scintillator:0 (G4SubtractionSolid) ... OK! 
Checking overlaps for volume OuterClad_F1:0 (G4Tubs) ... OK! 
Checking overlaps for volume InnerClad_F1:0 (G4Tubs) ... OK! 
Checking overlaps for volume Core_F1:0 (G4Tubs) ... OK! 
Checking overlaps for volume Sensor_F1_PlusX:0 (G4Tubs) ... OK! 
Checking overlaps for volume Sensor_F1_MinusX:1 (G4Tubs) ... OK! 
Checking overlaps for volume OuterClad_F2:1 (G4Tubs) ... OK! 
Checking overlaps for volume InnerClad_F2:1 (G4Tubs) ... OK! 
Checking overlaps for volume Core_F2:1 (G4Tubs) ... OK! 
Checking overlaps for volume Sensor_F2_PlusX:2 (G4Tubs) ... OK! 
Checking overlaps for volume Sensor_F2_MinusX:3 (G4Tubs) ... OK! 
GEOMETRY_REPORT_BEGIN
stave_length_cm 50
stave_width_cm 5.18
stave_thickness_cm 2
normal_path_cm 2
fibre_diameter_mm 1.8
hole_diameter_mm 2
fibre_separation_cm 2
fibre_within_hole 1
fibre_protrudes_for_readout 1
holes_contained_y 1
holes_contained_z 1
geometry_hash e323b92195f9a6288944f0738dbadccf9386422f076362ca172fd0b6d119d1e1
physics_hash 695755f15879c60b7dbc23f5ad7f972d0ec3d9710fa2ec357d17a3b37c48faee
optical_hash 02abddb7662749ea88712a86cced3d7438d45eb865b430c54073ae9dde8549eb
clad_inner_rindex 1.49
clad_outer_rindex 1.42
GEOMETRY_REPORT_END
GEOMETRY_SELFCHECK_PASS
### Adding tracking cuts for neutron  TimeCut(ns)= 10000  KinEnergyCut(MeV)= 0
### Birks coefficients used in run time
   G4_POLYSTYRENE     0.07943 mm/MeV     0.00841958 g/cm^2/MeV  massFactor=  504.5 effCharge= 18.5
   CCB_Scintillator     0.126 mm/MeV     0.013356 g/cm^2/MeV  massFactor=  504.5 effCharge= 18.5
=======================================================================
======                 Electromagnetic Physics Parameters      ========
=======================================================================
LPM effect enabled                                 1
Enable creation and use of sampling tables         0
Apply cuts on all EM processes                     0
Use combined TransportationWithMsc                 Disabled
Use general process                                1
Enable linear polarisation for gamma               0
Enable photoeffect sampling below K-shell          1
Enable sampling of quantum entanglement            0
X-section factor for integral approach             0.8
Min kinetic energy for tables                      100 eV 
Max kinetic energy for tables                      100 TeV
Number of bins per decade of a table               7
Verbose level                                      1
Verbose level for worker thread                    0
Bremsstrahlung energy threshold above which 
  primary e+- is added to the list of secondary    100 TeV
Bremsstrahlung energy threshold above which primary
  muon/hadron is added to the list of secondary    100 TeV
Lowest triplet kinetic energy                      1 MeV
Enable sampling of gamma linear polarisation       0
5D gamma conversion model type                     0
5D gamma conversion model on isolated ion          0
Livermore data directory                           epics_2017
=======================================================================
======                 Ionisation Parameters                   ========
=======================================================================
Step function for e+-                              (0.2, 1 mm)
Step function for muons/hadrons                    (0.2, 0.1 mm)
Step function for light ions                       (0.2, 0.1 mm)
Step function for general ions                     (0.2, 0.1 mm)
Lowest e+e- kinetic energy                         1 keV
Lowest muon/hadron kinetic energy                  1 keV
Use ICRU90 data                                    0
Fluctuations of dE/dx are enabled                  1
Type of fluctuation model for leptons and hadrons  Urban
Use built-in Birks satuaration                     1
Build CSDA range enabled                           0
Use cut as a final range enabled                   0
Enable angular generator interface                 0
Max kinetic energy for CSDA tables                 1 GeV
Max kinetic energy for NIEL computation            0 eV 
Linear loss limit                                  0.01
Read data from file for e+e- pair production by mu 0
=======================================================================
======                 Multiple Scattering Parameters          ========
=======================================================================
Type of msc step limit algorithm for e+-           1
Type of msc step limit algorithm for muons/hadrons 0
Msc lateral displacement for e+- enabled           1
Msc lateral displacement for muons and hadrons     0
Urban msc model lateral displacement alg96         1
Range factor for msc step limit for e+-            0.04
Range factor for msc step limit for muons/hadrons  0.2
Geometry factor for msc step limitation of e+-     2.5
Safety factor for msc step limit for e+-           0.6
Skin parameter for msc step limitation of e+-      1
Lambda limit for msc step limit for e+-            1 mm
Use Mott correction for e- scattering              0
Factor used for dynamic computation of angular 
  limit between single and multiple scattering     1
Fixed angular limit between single 
  and multiple scattering                          3.1416 rad
Upper energy limit for e+- multiple scattering     100 MeV
Type of electron single scattering model           0
Type of nuclear form-factor                        1
Screening factor                                   1
=======================================================================

phot:  for gamma SubType=12 BuildTable=0
      LambdaPrime table from 200 keV to 100 TeV in 61 bins 
      ===== EM models for the G4Region  DefaultRegionForTheWorld ======
 LivermorePhElectric : Emin=    0 eV  Emax=  100 TeV  SauterGavrila Fluo

compt:  for gamma SubType=13 BuildTable=1
      Lambda table from 100 eV  to 1 MeV, 7 bins/decade, spline: 1
      LambdaPrime table from 1 MeV to 100 TeV in 56 bins 
      ===== EM models for the G4Region  DefaultRegionForTheWorld ======
       Klein-Nishina : Emin=    0 eV  Emax=  100 TeV

conv:  for gamma SubType=14 BuildTable=1
      Lambda table from 1.022 MeV to 100 TeV, 18 bins/decade, spline: 1
      ===== EM models for the G4Region  DefaultRegionForTheWorld ======
     BetheHeitlerLPM : Emin=    0 eV  Emax=  100 TeV  ModifiedTsai

Rayl:  for gamma SubType=11 BuildTable=1
      Lambda table from 100 eV  to 150 keV, 7 bins/decade, spline: 0
      LambdaPrime table from 150 keV to 100 TeV in 62 bins 
      ===== EM models for the G4Region  DefaultRegionForTheWorld ======
   LivermoreRayleigh : Emin=    0 eV  Emax=  100 TeV  CullenGenerator

msc:  for e-  SubType= 10
      ===== EM models for the G4Region  DefaultRegionForTheWorld ======
            UrbanMsc : Emin=    0 eV  Emax=  100 MeV Nbins=42 100 eV  - 100 MeV
          StepLim=UseSafety Rfact=0.04 Gfact=2.5 Sfact=0.6 DispFlag:1 Skin=1 Llim=1 mm
        WentzelVIUni : Emin=  100 MeV Emax=  100 TeV Nbins=42 100 MeV - 100 TeV
          StepLim=UseSafety Rfact=0.04 Gfact=2.5 Sfact=0.6 DispFlag:1 Skin=1 Llim=1 mm

eIoni:  for e-  XStype:3  SubType=2
      dE/dx and range tables from 100 eV  to 100 TeV in 84 bins
      Lambda tables from threshold to 100 TeV, 7 bins/decade, spline: 1
      StepFunction=(0.2, 1 mm), integ: 3, fluct: 1, linLossLim= 0.01
      ===== EM models for the G4Region  DefaultRegionForTheWorld ======
        MollerBhabha : Emin=    0 eV  Emax=  100 TeV

eBrem:  for e-  XStype:4  SubType=3
      dE/dx and range tables from 100 eV  to 100 TeV in 84 bins
      Lambda tables from threshold to 100 TeV, 7 bins/decade, spline: 1
      LPM flag: 1 for E > 1 GeV,  VertexHighEnergyTh(GeV)= 100000
      ===== EM models for the G4Region  DefaultRegionForTheWorld ======
             eBremSB : Emin=    0 eV  Emax=    1 GeV  ModifiedTsai
            eBremLPM : Emin=    1 GeV Emax=  100 TeV  ModifiedTsai

CoulombScat:  for e- XStype:1 SubType=1 BuildTable=1
      Lambda table from 100 MeV to 100 TeV, 7 bins/decade, spline: 0
      ThetaMin(p) < Theta(degree) < 180, pLimit(GeV^1)= 0.139531
      ===== EM models for the G4Region  DefaultRegionForTheWorld ======
  eCoulombScattering : Emin=  100 MeV Emax=  100 TeV

msc:  for e+  SubType= 10
      ===== EM models for the G4Region  DefaultRegionForTheWorld ======
            UrbanMsc : Emin=    0 eV  Emax=  100 MeV Nbins=42 100 eV  - 100 MeV
          StepLim=UseSafety Rfact=0.04 Gfact=2.5 Sfact=0.6 DispFlag:1 Skin=1 Llim=1 mm
        WentzelVIUni : Emin=  100 MeV Emax=  100 TeV Nbins=42 100 MeV - 100 TeV
          StepLim=UseSafety Rfact=0.04 Gfact=2.5 Sfact=0.6 DispFlag:1 Skin=1 Llim=1 mm

eIoni:  for e+  XStype:3  SubType=2
      dE/dx and range tables from 100 eV  to 100 TeV in 84 bins
      Lambda tables from threshold to 100 TeV, 7 bins/decade, spline: 1
      StepFunction=(0.2, 1 mm), integ: 3, fluct: 1, linLossLim= 0.01
      ===== EM models for the G4Region  DefaultRegionForTheWorld ======
        MollerBhabha : Emin=    0 eV  Emax=  100 TeV

eBrem:  for e+  XStype:4  SubType=3
      dE/dx and range tables from 100 eV  to 100 TeV in 84 bins
      Lambda tables from threshold to 100 TeV, 7 bins/decade, spline: 1
      LPM flag: 1 for E > 1 GeV,  VertexHighEnergyTh(GeV)= 100000
      ===== EM models for the G4Region  DefaultRegionForTheWorld ======
             eBremSB : Emin=    0 eV  Emax=    1 GeV  ModifiedTsai
            eBremLPM : Emin=    1 GeV Emax=  100 TeV  ModifiedTsai

annihil:  for e+ XStype:2 SubType=5 BuildTable=0
      ===== EM models for the G4Region  DefaultRegionForTheWorld ======
            eplus2gg : Emin=    0 eV  Emax=  100 TeV

CoulombScat:  for e+ XStype:1 SubType=1 BuildTable=1
      Lambda table from 100 MeV to 100 TeV, 7 bins/decade, spline: 0
      ThetaMin(p) < Theta(degree) < 180, pLimit(GeV^1)= 0.139531
      ===== EM models for the G4Region  DefaultRegionForTheWorld ======
  eCoulombScattering : Emin=  100 MeV Emax=  100 TeV

msc:  for proton  SubType= 10
      ===== EM models for the G4Region  DefaultRegionForTheWorld ======
        WentzelVIUni : Emin=    0 eV  Emax=  100 TeV Nbins=84 100 eV  - 100 TeV
          StepLim=Minimal Rfact=0.2 Gfact=2.5 Sfact=0.6 DispFlag:0 Skin=1 Llim=1 mm

hIoni:  for proton  XStype:3  SubType=2
      dE/dx and range tables from 100 eV  to 100 TeV in 84 bins
      Lambda tables from threshold to 100 TeV, 7 bins/decade, spline: 1
      StepFunction=(0.2, 0.1 mm), integ: 3, fluct: 1, linLossLim= 0.01
      ===== EM models for the G4Region  DefaultRegionForTheWorld ======
               Bragg : Emin=    0 eV  Emax=    2 MeV
          BetheBloch : Emin=    2 MeV Emax=  100 TeV

hBrems:  for proton  XStype:1  SubType=3
      dE/dx and range tables from 100 eV  to 100 TeV in 84 bins
      Lambda tables from threshold to 100 TeV, 7 bins/decade, spline: 1
      ===== EM models for the G4Region  DefaultRegionForTheWorld ======
               hBrem : Emin=    0 eV  Emax=  100 TeV  ModifiedMephi

hPairProd:  for proton  XStype:1  SubType=4
      dE/dx and range tables from 100 eV  to 100 TeV in 84 bins
      Lambda tables from threshold to 100 TeV, 7 bins/decade, spline: 1
      Sampling table 17x1001; from 7.50618 GeV to 100 TeV 
      ===== EM models for the G4Region  DefaultRegionForTheWorld ======
           hPairProd : Emin=    0 eV  Emax=  100 TeV  ModifiedMephi

CoulombScat:  for proton XStype:1 SubType=1 BuildTable=1
      Lambda table from threshold  to 100 TeV, 7 bins/decade, spline: 0
      ThetaMin(p) < Theta(degree) < 180, pLimit(GeV^1)= 0.139531
      ===== EM models for the G4Region  DefaultRegionForTheWorld ======
  eCoulombScattering : Emin=    0 eV  Emax=  100 TeV

msc:  for GenericIon  SubType= 10
      ===== EM models for the G4Region  DefaultRegionForTheWorld ======
            UrbanMsc : Emin=    0 eV  Emax=  100 TeV
          StepLim=Minimal Rfact=0.2 Gfact=2.5 Sfact=0.6 DispFlag:0 Skin=1 Llim=1 mm

ionIoni:  for GenericIon  XStype:3  SubType=2
      dE/dx and range tables from 100 eV  to 100 TeV in 84 bins
      Lambda tables from threshold to 100 TeV, 7 bins/decade, spline: 1
      StepFunction=(0.2, 0.1 mm), integ: 3, fluct: 1, linLossLim= 0.02
      ===== EM models for the G4Region  DefaultRegionForTheWorld ======
            BraggIon : Emin=    0 eV  Emax=    2 MeV
          BetheBloch : Emin=    2 MeV Emax=  100 TeV

msc:  for alpha  SubType= 10
      ===== EM models for the G4Region  DefaultRegionForTheWorld ======
            UrbanMsc : Emin=    0 eV  Emax=  100 TeV
          StepLim=Minimal Rfact=0.2 Gfact=2.5 Sfact=0.6 DispFlag:0 Skin=1 Llim=1 mm

ionIoni:  for alpha  XStype:3  SubType=2
      dE/dx and range tables from 100 eV  to 100 TeV in 84 bins
      Lambda tables from threshold to 100 TeV, 7 bins/decade, spline: 1
      StepFunction=(0.2, 0.1 mm), integ: 3, fluct: 1, linLossLim= 0.02
      ===== EM models for the G4Region  DefaultRegionForTheWorld ======
            BraggIon : Emin=    0 eV  Emax=7.9452 MeV
          BetheBloch : Emin=7.9452 MeV Emax=  100 TeV

msc:  for anti_proton  SubType= 10
      ===== EM models for the G4Region  DefaultRegionForTheWorld ======
        WentzelVIUni : Emin=    0 eV  Emax=  100 TeV Nbins=84 100 eV  - 100 TeV
          StepLim=Minimal Rfact=0.2 Gfact=2.5 Sfact=0.6 DispFlag:0 Skin=1 Llim=1 mm

hIoni:  for anti_proton  XStype:3  SubType=2
      dE/dx and range tables from 100 eV  to 100 TeV in 84 bins
      Lambda tables from threshold to 100 TeV, 7 bins/decade, spline: 1
      StepFunction=(0.2, 0.1 mm), integ: 3, fluct: 1, linLossLim= 0.01
      ===== EM models for the G4Region  DefaultRegionForTheWorld ======
            ICRU73QO : Emin=    0 eV  Emax=    2 MeV
          BetheBloch : Emin=    2 MeV Emax=  100 TeV

hBrems:  for anti_proton  XStype:1  SubType=3
      dE/dx and range tables from 100 eV  to 100 TeV in 84 bins
      Lambda tables from threshold to 100 TeV, 7 bins/decade, spline: 1
      ===== EM models for the G4Region  DefaultRegionForTheWorld ======
               hBrem : Emin=    0 eV  Emax=  100 TeV  ModifiedMephi

hPairProd:  for anti_proton  XStype:1  SubType=4
      dE/dx and range tables from 100 eV  to 100 TeV in 84 bins
      Lambda tables from threshold to 100 TeV, 7 bins/decade, spline: 1
      Sampling table 17x1001; from 7.50618 GeV to 100 TeV 
      ===== EM models for the G4Region  DefaultRegionForTheWorld ======
           hPairProd : Emin=    0 eV  Emax=  100 TeV  ModifiedMephi

CoulombScat:  for anti_proton XStype:1 SubType=1 BuildTable=1
      Lambda table from threshold  to 100 TeV, 7 bins/decade, spline: 0
      ThetaMin(p) < Theta(degree) < 180, pLimit(GeV^1)= 0.139531
      ===== EM models for the G4Region  DefaultRegionForTheWorld ======
  eCoulombScattering : Emin=    0 eV  Emax=  100 TeV

msc:  for kaon+  SubType= 10
      ===== EM models for the G4Region  DefaultRegionForTheWorld ======
        WentzelVIUni : Emin=    0 eV  Emax=  100 TeV Nbins=84 100 eV  - 100 TeV
          StepLim=Minimal Rfact=0.2 Gfact=2.5 Sfact=0.6 DispFlag:0 Skin=1 Llim=1 mm

hIoni:  for kaon+  XStype:3  SubType=2
      dE/dx and range tables from 100 eV  to 100 TeV in 84 bins
      Lambda tables from threshold to 100 TeV, 7 bins/decade, spline: 1
      StepFunction=(0.2, 0.1 mm), integ: 3, fluct: 1, linLossLim= 0.01
      ===== EM models for the G4Region  DefaultRegionForTheWorld ======
               Bragg : Emin=    0 eV  Emax=1.05231 MeV
          BetheBloch : Emin=1.05231 MeV Emax=  100 TeV

hBrems:  for kaon+  XStype:1  SubType=3
      dE/dx and range tables from 100 eV  to 100 TeV in 84 bins
      Lambda tables from threshold to 100 TeV, 7 bins/decade, spline: 1
      ===== EM models for the G4Region  DefaultRegionForTheWorld ======
               hBrem : Emin=    0 eV  Emax=  100 TeV  ModifiedMephi

hPairProd:  for kaon+  XStype:1  SubType=4
      dE/dx and range tables from 100 eV  to 100 TeV in 84 bins
      Lambda tables from threshold to 100 TeV, 7 bins/decade, spline: 1
      Sampling table 18x1001; from 3.94942 GeV to 100 TeV 
      ===== EM models for the G4Region  DefaultRegionForTheWorld ======
           hPairProd : Emin=    0 eV  Emax=  100 TeV  ModifiedMephi

CoulombScat:  for kaon+ XStype:1 SubType=1 BuildTable=1
      Lambda table from threshold  to 100 TeV, 7 bins/decade, spline: 0
      ThetaMin(p) < Theta(degree) < 180, pLimit(GeV^1)= 0.139531
      ===== EM models for the G4Region  DefaultRegionForTheWorld ======
  eCoulombScattering : Emin=    0 eV  Emax=  100 TeV

msc:  for kaon-  SubType= 10
      ===== EM models for the G4Region  DefaultRegionForTheWorld ======
        WentzelVIUni : Emin=    0 eV  Emax=  100 TeV Nbins=84 100 eV  - 100 TeV
          StepLim=Minimal Rfact=0.2 Gfact=2.5 Sfact=0.6 DispFlag:0 Skin=1 Llim=1 mm

hIoni:  for kaon-  XStype:3  SubType=2
      dE/dx and range tables from 100 eV  to 100 TeV in 84 bins
      Lambda tables from threshold to 100 TeV, 7 bins/decade, spline: 1
      StepFunction=(0.2, 0.1 mm), integ: 3, fluct: 1, linLossLim= 0.01
      ===== EM models for the G4Region  DefaultRegionForTheWorld ======
            ICRU73QO : Emin=    0 eV  Emax=1.05231 MeV
          BetheBloch : Emin=1.05231 MeV Emax=  100 TeV

hBrems:  for kaon-  XStype:1  SubType=3
      dE/dx and range tables from 100 eV  to 100 TeV in 84 bins
      Lambda tables from threshold to 100 TeV, 7 bins/decade, spline: 1
      ===== EM models for the G4Region  DefaultRegionForTheWorld ======
               hBrem : Emin=    0 eV  Emax=  100 TeV  ModifiedMephi

hPairProd:  for kaon-  XStype:1  SubType=4
      dE/dx and range tables from 100 eV  to 100 TeV in 84 bins
      Lambda tables from threshold to 100 TeV, 7 bins/decade, spline: 1
      Sampling table 18x1001; from 3.94942 GeV to 100 TeV 
      ===== EM models for the G4Region  DefaultRegionForTheWorld ======
           hPairProd : Emin=    0 eV  Emax=  100 TeV  ModifiedMephi

CoulombScat:  for kaon- XStype:1 SubType=1 BuildTable=1
      Used Lambda table of kaon+
      ThetaMin(p) < Theta(degree) < 180, pLimit(GeV^1)= 0.139531
      ===== EM models for the G4Region  DefaultRegionForTheWorld ======
  eCoulombScattering : Emin=    0 eV  Emax=  100 TeV

msc:  for mu+  SubType= 10
      ===== EM models for the G4Region  DefaultRegionForTheWorld ======
        WentzelVIUni : Emin=    0 eV  Emax=  100 TeV Nbins=84 100 eV  - 100 TeV
          StepLim=Minimal Rfact=0.2 Gfact=2.5 Sfact=0.6 DispFlag:0 Skin=1 Llim=1 mm

muIoni:  for mu+  XStype:3  SubType=2
      dE/dx and range tables from 100 eV  to 100 TeV in 84 bins
      Lambda tables from threshold to 100 TeV, 7 bins/decade, spline: 1
      StepFunction=(0.2, 0.1 mm), integ: 3, fluct: 1, linLossLim= 0.01
      ===== EM models for the G4Region  DefaultRegionForTheWorld ======
               Bragg : Emin=    0 eV  Emax=  200 keV
        MuBetheBloch : Emin=  200 keV Emax=  100 TeV

muBrems:  for mu+  XStype:1  SubType=3
      dE/dx and range tables from 100 eV  to 100 TeV in 84 bins
      Lambda tables from threshold to 100 TeV, 7 bins/decade, spline: 1
      ===== EM models for the G4Region  DefaultRegionForTheWorld ======
              MuBrem : Emin=    0 eV  Emax=  100 TeV  ModifiedMephi

muPairProd:  for mu+  XStype:1  SubType=4
      dE/dx and range tables from 100 eV  to 100 TeV in 84 bins
      Lambda tables from threshold to 100 TeV, 7 bins/decade, spline: 1
      Sampling table 21x1001; from 0.85 GeV to 100 TeV 
      ===== EM models for the G4Region  DefaultRegionForTheWorld ======
          muPairProd : Emin=    0 eV  Emax=  100 TeV  ModifiedMephi

CoulombScat:  for mu+ XStype:1 SubType=1 BuildTable=1
      Lambda table from threshold  to 100 TeV, 7 bins/decade, spline: 0
      ThetaMin(p) < Theta(degree) < 180, pLimit(GeV^1)= 0.139531
      ===== EM models for the G4Region  DefaultRegionForTheWorld ======
  eCoulombScattering : Emin=    0 eV  Emax=  100 TeV

msc:  for mu-  SubType= 10
      ===== EM models for the G4Region  DefaultRegionForTheWorld ======
        WentzelVIUni : Emin=    0 eV  Emax=  100 TeV Nbins=84 100 eV  - 100 TeV
          StepLim=Minimal Rfact=0.2 Gfact=2.5 Sfact=0.6 DispFlag:0 Skin=1 Llim=1 mm

muIoni:  for mu-  XStype:3  SubType=2
      dE/dx and range tables from 100 eV  to 100 TeV in 84 bins
      Lambda tables from threshold to 100 TeV, 7 bins/decade, spline: 1
      StepFunction=(0.2, 0.1 mm), integ: 3, fluct: 1, linLossLim= 0.01
      ===== EM models for the G4Region  DefaultRegionForTheWorld ======
            ICRU73QO : Emin=    0 eV  Emax=  200 keV
        MuBetheBloch : Emin=  200 keV Emax=  100 TeV

muBrems:  for mu-  XStype:1  SubType=3
      dE/dx and range tables from 100 eV  to 100 TeV in 84 bins
      Lambda tables from threshold to 100 TeV, 7 bins/decade, spline: 1
      ===== EM models for the G4Region  DefaultRegionForTheWorld ======
              MuBrem : Emin=    0 eV  Emax=  100 TeV  ModifiedMephi

muPairProd:  for mu-  XStype:1  SubType=4
      dE/dx and range tables from 100 eV  to 100 TeV in 84 bins
      Lambda tables from threshold to 100 TeV, 7 bins/decade, spline: 1
      Sampling table 21x1001; from 0.85 GeV to 100 TeV 
      ===== EM models for the G4Region  DefaultRegionForTheWorld ======
          muPairProd : Emin=    0 eV  Emax=  100 TeV  ModifiedMephi

CoulombScat:  for mu- XStype:1 SubType=1 BuildTable=1
      Used Lambda table of mu+
      ThetaMin(p) < Theta(degree) < 180, pLimit(GeV^1)= 0.139531
      ===== EM models for the G4Region  DefaultRegionForTheWorld ======
  eCoulombScattering : Emin=    0 eV  Emax=  100 TeV

msc:  for pi+  SubType= 10
      ===== EM models for the G4Region  DefaultRegionForTheWorld ======
        WentzelVIUni : Emin=    0 eV  Emax=  100 TeV Nbins=84 100 eV  - 100 TeV
          StepLim=Minimal Rfact=0.2 Gfact=2.5 Sfact=0.6 DispFlag:0 Skin=1 Llim=1 mm

hIoni:  for pi+  XStype:3  SubType=2
      dE/dx and range tables from 100 eV  to 100 TeV in 84 bins
      Lambda tables from threshold to 100 TeV, 7 bins/decade, spline: 1
      StepFunction=(0.2, 0.1 mm), integ: 3, fluct: 1, linLossLim= 0.01
      ===== EM models for the G4Region  DefaultRegionForTheWorld ======
               Bragg : Emin=    0 eV  Emax=297.505 keV
          BetheBloch : Emin=297.505 keV Emax=  100 TeV

hBrems:  for pi+  XStype:1  SubType=3
      dE/dx and range tables from 100 eV  to 100 TeV in 84 bins
      Lambda tables from threshold to 100 TeV, 7 bins/decade, spline: 1
      ===== EM models for the G4Region  DefaultRegionForTheWorld ======
               hBrem : Emin=    0 eV  Emax=  100 TeV  ModifiedMephi

hPairProd:  for pi+  XStype:1  SubType=4
      dE/dx and range tables from 100 eV  to 100 TeV in 84 bins
      Lambda tables from threshold to 100 TeV, 7 bins/decade, spline: 1
      Sampling table 20x1001; from 1.11656 GeV to 100 TeV 
      ===== EM models for the G4Region  DefaultRegionForTheWorld ======
           hPairProd : Emin=    0 eV  Emax=  100 TeV  ModifiedMephi

CoulombScat:  for pi+ XStype:1 SubType=1 BuildTable=1
      Lambda table from threshold  to 100 TeV, 7 bins/decade, spline: 0
      ThetaMin(p) < Theta(degree) < 180, pLimit(GeV^1)= 0.139531
      ===== EM models for the G4Region  DefaultRegionForTheWorld ======
  eCoulombScattering : Emin=    0 eV  Emax=  100 TeV

msc:  for pi-  SubType= 10
      ===== EM models for the G4Region  DefaultRegionForTheWorld ======
        WentzelVIUni : Emin=    0 eV  Emax=  100 TeV Nbins=84 100 eV  - 100 TeV
          StepLim=Minimal Rfact=0.2 Gfact=2.5 Sfact=0.6 DispFlag:0 Skin=1 Llim=1 mm

hIoni:  for pi-  XStype:3  SubType=2
      dE/dx and range tables from 100 eV  to 100 TeV in 84 bins
      Lambda tables from threshold to 100 TeV, 7 bins/decade, spline: 1
      StepFunction=(0.2, 0.1 mm), integ: 3, fluct: 1, linLossLim= 0.01
      ===== EM models for the G4Region  DefaultRegionForTheWorld ======
            ICRU73QO : Emin=    0 eV  Emax=297.505 keV
          BetheBloch : Emin=297.505 keV Emax=  100 TeV

hBrems:  for pi-  XStype:1  SubType=3
      dE/dx and range tables from 100 eV  to 100 TeV in 84 bins
      Lambda tables from threshold to 100 TeV, 7 bins/decade, spline: 1
      ===== EM models for the G4Region  DefaultRegionForTheWorld ======
               hBrem : Emin=    0 eV  Emax=  100 TeV  ModifiedMephi

hPairProd:  for pi-  XStype:1  SubType=4
      dE/dx and range tables from 100 eV  to 100 TeV in 84 bins
      Lambda tables from threshold to 100 TeV, 7 bins/decade, spline: 1
      Sampling table 20x1001; from 1.11656 GeV to 100 TeV 
      ===== EM models for the G4Region  DefaultRegionForTheWorld ======
           hPairProd : Emin=    0 eV  Emax=  100 TeV  ModifiedMephi

CoulombScat:  for pi- XStype:1 SubType=1 BuildTable=1
      Used Lambda table of pi+
      ThetaMin(p) < Theta(degree) < 180, pLimit(GeV^1)= 0.139531
      ===== EM models for the G4Region  DefaultRegionForTheWorld ======
  eCoulombScattering : Emin=    0 eV  Emax=  100 TeV

====================================================================
                  HADRONIC PROCESSES SUMMARY (verbose level 1)
-----------------------------------------------------------------------
                           Hadronic Processes for neutron
  Process: hadElastic
        Model:             hElasticCHIPS: 0 eV  ---> 100 TeV
     Cr_sctns:        G4NeutronElasticXS: 0 eV  ---> 100 TeV
  Process: neutronInelastic
        Model:                      QGSP: 12 GeV ---> 100 TeV
        Model:                      FTFP: 3 GeV ---> 25 GeV
        Model:            Binary Cascade: 0 eV  ---> 6 GeV
     Cr_sctns:      G4NeutronInelasticXS: 0 eV  ---> 100 TeV
  Process: nCapture
        Model:               nRadCapture: 0 eV  ---> 100 TeV
     Cr_sctns:        G4NeutronCaptureXS: 0 eV  ---> 100 TeV
  Process: nKiller
-----------------------------------------------------------------------
                           Hadronic Processes for GenericIon
  Process: ionElastic
        Model:          NNDiffuseElastic: 0 eV /n ---> 100 TeV/n
     Cr_sctns:  Glauber-Gribov Nucl-nucl: 0 eV  ---> 25.6 PeV
  Process: ionInelastic
        Model:  Binary Light Ion Cascade: 0 eV /n ---> 6 GeV/n
        Model:                      FTFP: 3 GeV/n ---> 100 TeV/n
     Cr_sctns:  Glauber-Gribov Nucl-nucl: 0 eV  ---> 25.6 PeV
-----------------------------------------------------------------------
                           Hadronic Processes for He3
  Process: hadElastic
        Model:              hElasticLHEP: 0 eV /n ---> 100 TeV/n
     Cr_sctns:  Glauber-Gribov Nucl-nucl: 0 eV  ---> 25.6 PeV
  Process: He3Inelastic
        Model:  Binary Light Ion Cascade: 0 eV /n ---> 6 GeV/n
        Model:                      FTFP: 3 GeV/n ---> 100 TeV/n
     Cr_sctns:  Glauber-Gribov Nucl-nucl: 0 eV  ---> 25.6 PeV
-----------------------------------------------------------------------
                           Hadronic Processes for alpha
  Process: hadElastic
        Model:              hElasticLHEP: 0 eV /n ---> 100 TeV/n
     Cr_sctns:  Glauber-Gribov Nucl-nucl: 0 eV  ---> 25.6 PeV
  Process: alphaInelastic
        Model:  Binary Light Ion Cascade: 0 eV /n ---> 6 GeV/n
        Model:                      FTFP: 3 GeV/n ---> 100 TeV/n
     Cr_sctns:  Glauber-Gribov Nucl-nucl: 0 eV  ---> 25.6 PeV
-----------------------------------------------------------------------
                           Hadronic Processes for anti_He3
  Process: hadElastic
        Model:              hElasticLHEP: 0 eV /n ---> 100.1 MeV/n
        Model:              AntiAElastic: 100 MeV/n ---> 100 TeV/n
     Cr_sctns:              AntiAGlauber: 0 eV  ---> 25.6 PeV
  Process: anti_He3Inelastic
        Model:                      FTFP: 0 eV /n ---> 100 TeV/n
     Cr_sctns:              AntiAGlauber: 0 eV  ---> 25.6 PeV
  Process: hFritiofCaptureAtRest
-----------------------------------------------------------------------
                           Hadronic Processes for anti_alpha
  Process: hadElastic
        Model:              hElasticLHEP: 0 eV /n ---> 100.1 MeV/n
        Model:              AntiAElastic: 100 MeV/n ---> 100 TeV/n
     Cr_sctns:              AntiAGlauber: 0 eV  ---> 25.6 PeV
  Process: anti_alphaInelastic
        Model:                      FTFP: 0 eV /n ---> 100 TeV/n
     Cr_sctns:              AntiAGlauber: 0 eV  ---> 25.6 PeV
  Process: hFritiofCaptureAtRest
-----------------------------------------------------------------------
                           Hadronic Processes for anti_deuteron
  Process: hadElastic
        Model:              hElasticLHEP: 0 eV /n ---> 100.1 MeV/n
        Model:              AntiAElastic: 100 MeV/n ---> 100 TeV/n
     Cr_sctns:              AntiAGlauber: 0 eV  ---> 25.6 PeV
  Process: anti_deuteronInelastic
        Model:                      FTFP: 0 eV /n ---> 100 TeV/n
     Cr_sctns:              AntiAGlauber: 0 eV  ---> 25.6 PeV
  Process: hFritiofCaptureAtRest
-------------------------------------------------------------------------
                           Hadronic Processes for anti_hypertriton
  Process: hFritiofCaptureAtRest
-----------------------------------------------------------------------
                           Hadronic Processes for anti_lambda
  Process: hadElastic
        Model:              hElasticLHEP: 0 eV  ---> 100 TeV
     Cr_sctns:            Glauber-Gribov: 0 eV  ---> 100 TeV
  Process: anti_lambdaInelastic
        Model:                      QGSP: 12 GeV ---> 100 TeV
        Model:                      FTFP: 0 eV  ---> 25 GeV
     Cr_sctns:            Glauber-Gribov: 0 eV  ---> 100 TeV
  Process: hFritiofCaptureAtRest
-----------------------------------------------------------------------
                           Hadronic Processes for anti_neutron
  Process: hadElastic
        Model:              hElasticLHEP: 0 eV  ---> 100.1 MeV
        Model:              AntiAElastic: 100 MeV ---> 100 TeV
     Cr_sctns:              AntiAGlauber: 0 eV  ---> 25.6 PeV
  Process: anti_neutronInelastic
        Model:                      FTFP: 0 eV  ---> 100 TeV
     Cr_sctns:              AntiAGlauber: 0 eV  ---> 25.6 PeV
  Process: hFritiofCaptureAtRest
-----------------------------------------------------------------------
                           Hadronic Processes for anti_proton
  Process: hadElastic
        Model:              hElasticLHEP: 0 eV  ---> 100.1 MeV
        Model:              AntiAElastic: 100 MeV ---> 100 TeV
     Cr_sctns:              AntiAGlauber: 0 eV  ---> 25.6 PeV
  Process: anti_protonInelastic
        Model:                      FTFP: 0 eV  ---> 100 TeV
     Cr_sctns:              AntiAGlauber: 0 eV  ---> 25.6 PeV
  Process: hFritiofCaptureAtRest
-----------------------------------------------------------------------
                           Hadronic Processes for anti_triton
  Process: hadElastic
        Model:              hElasticLHEP: 0 eV /n ---> 100.1 MeV/n
        Model:              AntiAElastic: 100 MeV/n ---> 100 TeV/n
     Cr_sctns:              AntiAGlauber: 0 eV  ---> 25.6 PeV
  Process: anti_tritonInelastic
        Model:                      FTFP: 0 eV /n ---> 100 TeV/n
     Cr_sctns:              AntiAGlauber: 0 eV  ---> 25.6 PeV
  Process: hFritiofCaptureAtRest
-----------------------------------------------------------------------
                           Hadronic Processes for deuteron
  Process: hadElastic
        Model:              hElasticLHEP: 0 eV /n ---> 100 TeV/n
     Cr_sctns:  Glauber-Gribov Nucl-nucl: 0 eV  ---> 25.6 PeV
  Process: dInelastic
        Model:  Binary Light Ion Cascade: 0 eV /n ---> 6 GeV/n
        Model:                      FTFP: 3 GeV/n ---> 100 TeV/n
     Cr_sctns:  Glauber-Gribov Nucl-nucl: 0 eV  ---> 25.6 PeV
-----------------------------------------------------------------------
                           Hadronic Processes for e+
  Process: positronNuclear
        Model:   G4ElectroVDNuclearModel: 0 eV  ---> 1 PeV
     Cr_sctns:          ElectroNuclearXS: 0 eV  ---> 100 TeV
-----------------------------------------------------------------------
                           Hadronic Processes for e-
  Process: electronNuclear
        Model:   G4ElectroVDNuclearModel: 0 eV  ---> 1 PeV
     Cr_sctns:          ElectroNuclearXS: 0 eV  ---> 100 TeV
-----------------------------------------------------------------------
                           Hadronic Processes for gamma
  Process: photonNuclear
        Model:               GammaNPreco: 0 eV  ---> 200 MeV
        Model:            BertiniCascade: 199 MeV ---> 6 GeV
        Model:           TheoFSGenerator: 3 GeV ---> 100 TeV
     Cr_sctns:            GammaNuclearXS: 0 eV  ---> 100 TeV
-----------------------------------------------------------------------
                           Hadronic Processes for kaon+
  Process: hadElastic
        Model:              hElasticLHEP: 0 eV  ---> 100 TeV
     Cr_sctns:            Glauber-Gribov: 0 eV  ---> 100 TeV
  Process: kaon+Inelastic
        Model:                      QGSP: 12 GeV ---> 100 TeV
        Model:                      FTFP: 3 GeV ---> 25 GeV
        Model:            BertiniCascade: 0 eV  ---> 6 GeV
     Cr_sctns:            Glauber-Gribov: 0 eV  ---> 100 TeV
-----------------------------------------------------------------------
                           Hadronic Processes for kaon-
  Process: hadElastic
        Model:              hElasticLHEP: 0 eV  ---> 100 TeV
     Cr_sctns:            Glauber-Gribov: 0 eV  ---> 100 TeV
  Process: kaon-Inelastic
        Model:                      QGSP: 12 GeV ---> 100 TeV
        Model:                      FTFP: 3 GeV ---> 25 GeV
        Model:            BertiniCascade: 0 eV  ---> 6 GeV
     Cr_sctns:            Glauber-Gribov: 0 eV  ---> 100 TeV
  Process: hBertiniCaptureAtRest
-----------------------------------------------------------------------
                           Hadronic Processes for lambda
  Process: hadElastic
        Model:              hElasticLHEP: 0 eV  ---> 100 TeV
     Cr_sctns:            Glauber-Gribov: 0 eV  ---> 100 TeV
  Process: lambdaInelastic
        Model:                      QGSP: 12 GeV ---> 100 TeV
        Model:                      FTFP: 3 GeV ---> 25 GeV
        Model:            BertiniCascade: 0 eV  ---> 6 GeV
     Cr_sctns:            Glauber-Gribov: 0 eV  ---> 100 TeV
-----------------------------------------------------------------------
                           Hadronic Processes for mu+
  Process: muonNuclear
        Model:      G4MuonVDNuclearModel: 0 eV  ---> 1 PeV
     Cr_sctns:     KokoulinMuonNuclearXS: 0 eV  ---> 100 TeV
-----------------------------------------------------------------------
                           Hadronic Processes for mu-
  Process: muonNuclear
        Model:      G4MuonVDNuclearModel: 0 eV  ---> 1 PeV
     Cr_sctns:     KokoulinMuonNuclearXS: 0 eV  ---> 100 TeV
  Process: muMinusCaptureAtRest
-----------------------------------------------------------------------
                           Hadronic Processes for pi+
  Process: hadElastic
        Model:           hElasticGlauber: 0 eV  ---> 100 TeV
     Cr_sctns:  BarashenkovGlauberGribov: 0 eV  ---> 100 TeV
  Process: pi+Inelastic
        Model:                      QGSP: 12 GeV ---> 100 TeV
        Model:                      FTFP: 3 GeV ---> 25 GeV
        Model:            BertiniCascade: 0 eV  ---> 6 GeV
     Cr_sctns:  BarashenkovGlauberGribov: 0 eV  ---> 100 TeV
-----------------------------------------------------------------------
                           Hadronic Processes for pi-
  Process: hadElastic
        Model:           hElasticGlauber: 0 eV  ---> 100 TeV
     Cr_sctns:  BarashenkovGlauberGribov: 0 eV  ---> 100 TeV
  Process: pi-Inelastic
        Model:                      QGSP: 12 GeV ---> 100 TeV
        Model:                      FTFP: 3 GeV ---> 25 GeV
        Model:            BertiniCascade: 0 eV  ---> 6 GeV
     Cr_sctns:  BarashenkovGlauberGribov: 0 eV  ---> 100 TeV
  Process: hBertiniCaptureAtRest
-----------------------------------------------------------------------
                           Hadronic Processes for proton
  Process: hadElastic
        Model:             hElasticCHIPS: 0 eV  ---> 100 TeV
     Cr_sctns:  BarashenkovGlauberGribov: 0 eV  ---> 100 TeV
  Process: protonInelastic
        Model:                      QGSP: 12 GeV ---> 100 TeV
        Model:                      FTFP: 3 GeV ---> 25 GeV
        Model:            Binary Cascade: 0 eV  ---> 6 GeV
     Cr_sctns:  BarashenkovGlauberGribov: 0 eV  ---> 100 TeV
-----------------------------------------------------------------------
                           Hadronic Processes for sigma-
  Process: hadElastic
        Model:              hElasticLHEP: 0 eV  ---> 100 TeV
     Cr_sctns:            Glauber-Gribov: 0 eV  ---> 100 TeV
  Process: sigma-Inelastic
        Model:                      QGSP: 12 GeV ---> 100 TeV
        Model:                      FTFP: 3 GeV ---> 25 GeV
        Model:            BertiniCascade: 0 eV  ---> 6 GeV
     Cr_sctns:            Glauber-Gribov: 0 eV  ---> 100 TeV
  Process: hBertiniCaptureAtRest
-----------------------------------------------------------------------
                           Hadronic Processes for triton
  Process: hadElastic
        Model:              hElasticLHEP: 0 eV /n ---> 100 TeV/n
     Cr_sctns:  Glauber-Gribov Nucl-nucl: 0 eV  ---> 25.6 PeV
  Process: tInelastic
        Model:  Binary Light Ion Cascade: 0 eV /n ---> 6 GeV/n
        Model:                      FTFP: 3 GeV/n ---> 100 TeV/n
     Cr_sctns:  Glauber-Gribov Nucl-nucl: 0 eV  ---> 25.6 PeV
=======================================================================
======       Geant4 Native Pre-compound Model Parameters       ========
=======================================================================
Type of pre-compound inverse x-section              3
Pre-compound model active                           1
Pre-compound excitation low energy                  100 keV
Pre-compound excitation high energy                 30 MeV
Angular generator for pre-compound model            1
Use NeverGoBack option for pre-compound model       0
Use SoftCutOff option for pre-compound model        0
Use CEM transitions for pre-compound model          1
Use GNASH transitions for pre-compound model        0
Use HETC submodel for pre-compound model            0
=======================================================================
======       Nuclear De-excitation Module Parameters           ========
=======================================================================
Type of de-excitation inverse x-section             3
Type of de-excitation factory                       Evaporation+GEM
Number of de-excitation channels                    68
Min excitation energy                               10 eV 
Min energy per nucleon for multifragmentation       200 GeV
Limit excitation energy for Fermi BreakUp           20 MeV
Level density (1/MeV)                               0.075
Use simple level density model                      1
Use discrete excitation energy of the residual      1
Time limit for long lived isomeres                  1 ns 
Isomer production flag                              1
Internal e- conversion flag                         1
Store e- internal conversion data                   0
Correlated gamma emission flag                      0
Max 2J for sampling of angular correlations         10
=======================================================================

=========================================================================
--> G4TaskRunManager::CreateAndStartWorkers() --> Initializing workers...
=========================================================================

SIPM_CONFIG cells=3600 cells_x=60 cells_y=60 active_mm=3x3 recovery_ns=30 dcr_hz=500000 dark_enabled=1 crosstalk=0.03 afterpulse_fast=0.01 window_start_ns=-20 window_end_ns=250 sample_dt_ns=0.5 adc_bits=12 adc_lsb_pe=0.01 baseline_adc=200 overvoltage_V=3 temperature_C=25 trigger_recovery_model=EXPONENTIAL gain_recovery_model=EXPONENTIAL_H1_SHARED
SIPM_CONFIG cells=3600 cells_x=60 cells_y=60 active_mm=3x3 recovery_ns=30 dcr_hz=500000 dark_enabled=1 crosstalk=0.03 afterpulse_fast=0.01 window_start_ns=-20 window_end_ns=250 sample_dt_ns=0.5 adc_bits=12 adc_lsb_pe=0.01 baseline_adc=200 overvoltage_V=3 temperature_C=25 trigger_recovery_model=EXPONENTIAL gain_recovery_model=EXPONENTIAL_H1_SHARED
SIPM_CONFIG cells=3600 cells_x=60 cells_y=60 active_mm=3x3 recovery_ns=30 dcr_hz=500000 dark_enabled=1 crosstalk=0.03 afterpulse_fast=0.01 window_start_ns=-20 window_end_ns=250 sample_dt_ns=0.5 adc_bits=12 adc_lsb_pe=0.01 baseline_adc=200 overvoltage_V=3 temperature_C=25 trigger_recovery_model=EXPONENTIAL gain_recovery_model=EXPONENTIAL_H1_SHARED
SIPM_CONFIG cells=3600 cells_x=60 cells_y=60 active_mm=3x3 recovery_ns=30 dcr_hz=500000 dark_enabled=1 crosstalk=0.03 afterpulse_fast=0.01 window_start_ns=-20 window_end_ns=250 sample_dt_ns=0.5 adc_bits=12 adc_lsb_pe=0.01 baseline_adc=200 overvoltage_V=3 temperature_C=25 trigger_recovery_model=EXPONENTIAL gain_recovery_model=EXPONENTIAL_H1_SHARED
SIPM_CONFIG cells=3600 cells_x=60 cells_y=60 active_mm=3x3 recovery_ns=30 dcr_hz=500000 dark_enabled=1 crosstalk=0.03 afterpulse_fast=0.01 window_start_ns=-20 window_end_ns=250 sample_dt_ns=0.5 adc_bits=12 adc_lsb_pe=0.01 baseline_adc=200 overvoltage_V=3 temperature_C=25 trigger_recovery_model=EXPONENTIAL gain_recovery_model=EXPONENTIAL_H1_SHARED
SIPM_CONFIG cells=3600 cells_x=60 cells_y=60 active_mm=3x3 recovery_ns=30 dcr_hz=500000 dark_enabled=1 crosstalk=0.03 afterpulse_fast=0.01 window_start_ns=-20 window_end_ns=250 sample_dt_ns=0.5 adc_bits=12 adc_lsb_pe=0.01 baseline_adc=200 overvoltage_V=3 temperature_C=25 trigger_recovery_model=EXPONENTIAL gain_recovery_model=EXPONENTIAL_H1_SHARED
SIPM_CONFIG cells=3600 cells_x=60 cells_y=60 active_mm=3x3 recovery_ns=30 dcr_hz=500000 dark_enabled=1 crosstalk=0.03 afterpulse_fast=0.01 window_start_ns=-20 window_end_ns=250 sample_dt_ns=0.5 adc_bits=12 adc_lsb_pe=0.01 baseline_adc=200 overvoltage_V=3 temperature_C=25 trigger_recovery_model=EXPONENTIAL gain_recovery_model=EXPONENTIAL_H1_SHARED
SIPM_CONFIG cells=3600 cells_x=60 cells_y=60 active_mm=3x3 recovery_ns=30 dcr_hz=500000 dark_enabled=1 crosstalk=0.03 afterpulse_fast=0.01 window_start_ns=-20 window_end_ns=250 sample_dt_ns=0.5 adc_bits=12 adc_lsb_pe=0.01 baseline_adc=200 overvoltage_V=3 temperature_C=25 trigger_recovery_model=EXPONENTIAL gain_recovery_model=EXPONENTIAL_H1_SHARED
SIPM_CONFIG cells=3600 cells_x=60 cells_y=60 active_mm=3x3 recovery_ns=30 dcr_hz=500000 dark_enabled=1 crosstalk=0.03 afterpulse_fast=0.01 window_start_ns=-20 window_end_ns=250 sample_dt_ns=0.5 adc_bits=12 adc_lsb_pe=0.01 baseline_adc=200 overvoltage_V=3 temperature_C=25 trigger_recovery_model=EXPONENTIAL gain_recovery_model=EXPONENTIAL_H1_SHARED
SIPM_CONFIG cells=3600 cells_x=60 cells_y=60 active_mm=3x3 recovery_ns=30 dcr_hz=500000 dark_enabled=1 crosstalk=0.03 afterpulse_fast=0.01 window_start_ns=-20 window_end_ns=250 sample_dt_ns=0.5 adc_bits=12 adc_lsb_pe=0.01 baseline_adc=200 overvoltage_V=3 temperature_C=25 trigger_recovery_model=EXPONENTIAL gain_recovery_model=EXPONENTIAL_H1_SHARED
SIPM_CONFIG cells=3600 cells_x=60 cells_y=60 active_mm=3x3 recovery_ns=30 dcr_hz=500000 dark_enabled=1 crosstalk=0.03 afterpulse_fast=0.01 window_start_ns=-20 window_end_ns=250 sample_dt_ns=0.5 adc_bits=12 adc_lsb_pe=0.01 baseline_adc=200 overvoltage_V=3 temperature_C=25 trigger_recovery_model=EXPONENTIAL gain_recovery_model=EXPONENTIAL_H1_SHARED
SIPM_CONFIG cells=3600 cells_x=60 cells_y=60 active_mm=3x3 recovery_ns=30 dcr_hz=500000 dark_enabled=1 crosstalk=0.03 afterpulse_fast=0.01 window_start_ns=-20 window_end_ns=250 sample_dt_ns=0.5 adc_bits=12 adc_lsb_pe=0.01 baseline_adc=200 overvoltage_V=3 temperature_C=25 trigger_recovery_model=EXPONENTIAL gain_recovery_model=EXPONENTIAL_H1_SHARED
SIPM_CONFIG cells=3600 cells_x=60 cells_y=60 active_mm=3x3 recovery_ns=30 dcr_hz=500000 dark_enabled=1 crosstalk=0.03 afterpulse_fast=0.01 window_start_ns=-20 window_end_ns=250 sample_dt_ns=0.5 adc_bits=12 adc_lsb_pe=0.01 baseline_adc=200 overvoltage_V=3 temperature_C=25 trigger_recovery_model=EXPONENTIAL gain_recovery_model=EXPONENTIAL_H1_SHARED
SIPM_CONFIG cells=3600 cells_x=60 cells_y=60 active_mm=3x3 recovery_ns=30 dcr_hz=500000 dark_enabled=1 crosstalk=0.03 afterpulse_fast=0.01 window_start_ns=-20 window_end_ns=250 sample_dt_ns=0.5 adc_bits=12 adc_lsb_pe=0.01 baseline_adc=200 overvoltage_V=3 temperature_C=25 trigger_recovery_model=EXPONENTIAL gain_recovery_model=EXPONENTIAL_H1_SHARED
SIPM_CONFIG cells=3600 cells_x=60 cells_y=60 active_mm=3x3 recovery_ns=30 dcr_hz=500000 dark_enabled=1 crosstalk=0.03 afterpulse_fast=0.01 window_start_ns=-20 window_end_ns=250 sample_dt_ns=0.5 adc_bits=12 adc_lsb_pe=0.01 baseline_adc=200 overvoltage_V=3 temperature_C=25 trigger_recovery_model=EXPONENTIAL gain_recovery_model=EXPONENTIAL_H1_SHARED
SIPM_CONFIG cells=3600 cells_x=60 cells_y=60 active_mm=3x3 recovery_ns=30 dcr_hz=500000 dark_enabled=1 crosstalk=0.03 afterpulse_fast=0.01 window_start_ns=-20 window_end_ns=250 sample_dt_ns=0.5 adc_bits=12 adc_lsb_pe=0.01 baseline_adc=200 overvoltage_V=3 temperature_C=25 trigger_recovery_model=EXPONENTIAL gain_recovery_model=EXPONENTIAL_H1_SHARED
SIPM_CONFIG cells=3600 cells_x=60 cells_y=60 active_mm=3x3 recovery_ns=30 dcr_hz=500000 dark_enabled=1 crosstalk=0.03 afterpulse_fast=0.01 window_start_ns=-20 window_end_ns=250 sample_dt_ns=0.5 adc_bits=12 adc_lsb_pe=0.01 baseline_adc=200 overvoltage_V=3 temperature_C=25 trigger_recovery_model=EXPONENTIAL gain_recovery_model=EXPONENTIAL_H1_SHARED
SIPM_CONFIG cells=3600 cells_x=60 cells_y=60 active_mm=3x3 recovery_ns=30 dcr_hz=500000 dark_enabled=1 crosstalk=0.03 afterpulse_fast=0.01 window_start_ns=-20 window_end_ns=250 sample_dt_ns=0.5 adc_bits=12 adc_lsb_pe=0.01 baseline_adc=200 overvoltage_V=3 temperature_C=25 trigger_recovery_model=EXPONENTIAL gain_recovery_model=EXPONENTIAL_H1_SHARED
SIPM_CONFIG cells=3600 cells_x=60 cells_y=60 active_mm=3x3 recovery_ns=30 dcr_hz=500000 dark_enabled=1 crosstalk=0.03 afterpulse_fast=0.01 window_start_ns=-20 window_end_ns=250 sample_dt_ns=0.5 adc_bits=12 adc_lsb_pe=0.01 baseline_adc=200 overvoltage_V=3 temperature_C=25 trigger_recovery_model=EXPONENTIAL gain_recovery_model=EXPONENTIAL_H1_SHARED
SIPM_CONFIG cells=3600 cells_x=60 cells_y=60 active_mm=3x3 recovery_ns=30 dcr_hz=500000 dark_enabled=1 crosstalk=0.03 afterpulse_fast=0.01 window_start_ns=-20 window_end_ns=250 sample_dt_ns=0.5 adc_bits=12 adc_lsb_pe=0.01 baseline_adc=200 overvoltage_V=3 temperature_C=25 trigger_recovery_model=EXPONENTIAL gain_recovery_model=EXPONENTIAL_H1_SHARED
SIPM_CONFIG cells=3600 cells_x=60 cells_y=60 active_mm=3x3 recovery_ns=30 dcr_hz=500000 dark_enabled=1 crosstalk=0.03 afterpulse_fast=0.01 window_start_ns=-20 window_end_ns=250 sample_dt_ns=0.5 adc_bits=12 adc_lsb_pe=0.01 baseline_adc=200 overvoltage_V=3 temperature_C=25 trigger_recovery_model=EXPONENTIAL gain_recovery_model=EXPONENTIAL_H1_SHARED
SIPM_CONFIG cells=3600 cells_x=60 cells_y=60 active_mm=3x3 recovery_ns=30 dcr_hz=500000 dark_enabled=1 crosstalk=0.03 afterpulse_fast=0.01 window_start_ns=-20 window_end_ns=250 sample_dt_ns=0.5 adc_bits=12 adc_lsb_pe=0.01 baseline_adc=200 overvoltage_V=3 temperature_C=25 trigger_recovery_model=EXPONENTIAL gain_recovery_model=EXPONENTIAL_H1_SHARED
SIPM_CONFIG cells=3600 cells_x=60 cells_y=60 active_mm=3x3 recovery_ns=30 dcr_hz=500000 dark_enabled=1 crosstalk=0.03 afterpulse_fast=0.01 window_start_ns=-20 window_end_ns=250 sample_dt_ns=0.5 adc_bits=12 adc_lsb_pe=0.01 baseline_adc=200 overvoltage_V=3 temperature_C=25 trigger_recovery_model=EXPONENTIAL gain_recovery_model=EXPONENTIAL_H1_SHARED
SIPM_CONFIG cells=3600 cells_x=60 cells_y=60 active_mm=3x3 recovery_ns=30 dcr_hz=500000 dark_enabled=1 crosstalk=0.03 afterpulse_fast=0.01 window_start_ns=-20 window_end_ns=250 sample_dt_ns=0.5 adc_bits=12 adc_lsb_pe=0.01 baseline_adc=200 overvoltage_V=3 temperature_C=25 trigger_recovery_model=EXPONENTIAL gain_recovery_model=EXPONENTIAL_H1_SHARED
SIPM_CONFIG cells=3600 cells_x=60 cells_y=60 active_mm=3x3 recovery_ns=30 dcr_hz=500000 dark_enabled=1 crosstalk=0.03 afterpulse_fast=0.01 window_start_ns=-20 window_end_ns=250 sample_dt_ns=0.5 adc_bits=12 adc_lsb_pe=0.01 baseline_adc=200 overvoltage_V=3 temperature_C=25 trigger_recovery_model=EXPONENTIAL gain_recovery_model=EXPONENTIAL_H1_SHARED
SIPM_CONFIG cells=3600 cells_x=60 cells_y=60 active_mm=3x3 recovery_ns=30 dcr_hz=500000 dark_enabled=1 crosstalk=0.03 afterpulse_fast=0.01 window_start_ns=-20 window_end_ns=250 sample_dt_ns=0.5 adc_bits=12 adc_lsb_pe=0.01 baseline_adc=200 overvoltage_V=3 temperature_C=25 trigger_recovery_model=EXPONENTIAL gain_recovery_model=EXPONENTIAL_H1_SHARED
SIPM_CONFIG cells=3600 cells_x=60 cells_y=60 active_mm=3x3 recovery_ns=30 dcr_hz=500000 dark_enabled=1 crosstalk=0.03 afterpulse_fast=0.01 window_start_ns=-20 window_end_ns=250 sample_dt_ns=0.5 adc_bits=12 adc_lsb_pe=0.01 baseline_adc=200 overvoltage_V=3 temperature_C=25 trigger_recovery_model=EXPONENTIAL gain_recovery_model=EXPONENTIAL_H1_SHARED
SIPM_CONFIG cells=3600 cells_x=60 cells_y=60 active_mm=3x3 recovery_ns=30 dcr_hz=500000 dark_enabled=1 crosstalk=0.03 afterpulse_fast=0.01 window_start_ns=-20 window_end_ns=250 sample_dt_ns=0.5 adc_bits=12 adc_lsb_pe=0.01 baseline_adc=200 overvoltage_V=3 temperature_C=25 trigger_recovery_model=EXPONENTIAL gain_recovery_model=EXPONENTIAL_H1_SHARED
SIPM_CONFIG cells=3600 cells_x=60 cells_y=60 active_mm=3x3 recovery_ns=30 dcr_hz=500000 dark_enabled=1 crosstalk=0.03 afterpulse_fast=0.01 window_start_ns=-20 window_end_ns=250 sample_dt_ns=0.5 adc_bits=12 adc_lsb_pe=0.01 baseline_adc=200 overvoltage_V=3 temperature_C=25 trigger_recovery_model=EXPONENTIAL gain_recovery_model=EXPONENTIAL_H1_SHARED
SIPM_CONFIG cells=3600 cells_x=60 cells_y=60 active_mm=3x3 recovery_ns=30 dcr_hz=500000 dark_enabled=1 crosstalk=0.03 afterpulse_fast=0.01 window_start_ns=-20 window_end_ns=250 sample_dt_ns=0.5 adc_bits=12 adc_lsb_pe=0.01 baseline_adc=200 overvoltage_V=3 temperature_C=25 trigger_recovery_model=EXPONENTIAL gain_recovery_model=EXPONENTIAL_H1_SHARED
SIPM_CONFIG cells=3600 cells_x=60 cells_y=60 active_mm=3x3 recovery_ns=30 dcr_hz=500000 dark_enabled=1 crosstalk=0.03 afterpulse_fast=0.01 window_start_ns=-20 window_end_ns=250 sample_dt_ns=0.5 adc_bits=12 adc_lsb_pe=0.01 baseline_adc=200 overvoltage_V=3 temperature_C=25 trigger_recovery_model=EXPONENTIAL gain_recovery_model=EXPONENTIAL_H1_SHARED
SIPM_CONFIG cells=3600 cells_x=60 cells_y=60 active_mm=3x3 recovery_ns=30 dcr_hz=500000 dark_enabled=1 crosstalk=0.03 afterpulse_fast=0.01 window_start_ns=-20 window_end_ns=250 sample_dt_ns=0.5 adc_bits=12 adc_lsb_pe=0.01 baseline_adc=200 overvoltage_V=3 temperature_C=25 trigger_recovery_model=EXPONENTIAL gain_recovery_model=EXPONENTIAL_H1_SHARED
CCB_NEUTRON_TIMECUT policy_id=pin_qgsp_bic_default_10us time_cut_us=10 status=PINNED_REFERENCE_DEFAULT
RUN_CONFIG particle=mu- KE_MeV=300 nevents=300 threads_requested=32 threads_effective=32 g4_force_threads=unset seed=42 hit_x_cm=0 hit_y_cm=0 theta_deg=0 phi_deg=0 allow_miss=0 beam_profile_id=AREA_UNIFORM_CONE_SPREAD sample_position=1 hit_x_min_cm=-22 hit_x_max_cm=22 hit_y_min_cm=-2.2 hit_y_max_cm=2.2 sample_angle=1 theta_spread_deg=10 write_photon_ntuple=0 optical_max_time_ns=1000 optical_max_steps=200000 birks_kB=0.126 quenching_model_id=birks_geant4 quenching_model_status=HYPOTHESIS quenching_claims_authorized=false production_cut_mm=0.1 physics_list=QGSP_BIC neutron_timecut_policy_id=pin_qgsp_bic_default_10us neutron_time_cut_us=10 neutron_tracking_time_cut_configured=1 neutron_diagnostics=0 reflectivity_scale=1 attenuation_scale(deprecated)=1 scintillator_absorption_scale=1 y11_bulk_attenuation_scale=1 pde_scale=1 collection_efficiency=1 optical_interface_model=UNKNOWN_EXTERNAL far_end=instrumented wls_time_profile=exponential wls_fluorescence_model=geant4_default_one_secondary wls_fluorescence_yield=0.7 mode=optical optical_dir=/projects/hep/fs10/shared/nnbar/billy/ccb-wt-1623/geant4/single_stave/build/optical strict_optical=1 output=/projects/hep/fs10/shared/nnbar/billy/ccb-wt-1623/geant4/single_stave/guard_1623/g_mu300.root gpu_optical=0 optical_out= dump_gdml= geometry_hash=e323b92195f9a6288944f0738dbadccf9386422f076362ca172fd0b6d119d1e1

-------- WWWW ------- G4Exception-START -------- WWWW -------
*** G4Exception : Run10035
      issued by : G4TaskRunManager::InitializeEventLoop()
Event modulo is reduced to 9 (was 17) to distribute events to all threads.
*** This is just a warning message. ***
-------- WWWW -------- G4Exception-END --------- WWWW -------


-------- WWWW ------- G4Exception-START -------- WWWW -------
*** G4Exception : Run10035
      issued by : G4TaskRunManager::InitializeEventLoop()
Event modulo is reduced to 9 (was 17) to distribute events to all threads.
*** This is just a warning message. ***
-------- WWWW -------- G4Exception-END --------- WWWW -------


=========================================================================================
--> G4TaskRunManager::CreateAndStartWorkers() --> Creating 33 tasks with 9 events/task...
=========================================================================================

SIPM_ARRIVALS event=81 total=470
SIPM_ADC event=81 readout=1500 f1far=2163 f2near=1769 f2far=2184
SIPM_ARRIVALS event=99 total=526
SIPM_ADC event=99 readout=1601 f1far=2374 f2near=1734 f2far=3139
SIPM_ARRIVALS event=198 total=558
SIPM_ADC event=198 readout=3277 f1far=2596 f2near=2826 f2far=1697
SIPM_ARRIVALS event=216 total=523
SIPM_ADC event=216 readout=3037 f1far=2115 f2near=2152 f2far=2314
SIPM_ARRIVALS event=27 total=500
SIPM_ADC event=27 readout=2274 f1far=2004 f2near=2091 f2far=1665
SIPM_ARRIVALS event=252 total=536
SIPM_ADC event=252 readout=2920 f1far=1410 f2near=2106 f2far=1436
SIPM_ARRIVALS event=225 total=559
SIPM_ADC event=225 readout=1616 f1far=2812 f2near=2570 f2far=2862
SIPM_ARRIVALS event=144 total=551
SIPM_ADC event=144 readout=2355 f1far=1793 f2near=3017 f2far=2220
SIPM_ARRIVALS event=243 total=561
SIPM_ADC event=243 readout=1553 f1far=1791 f2near=3435 f2far=1981
SIPM_ARRIVALS event=36 total=612
SIPM_ADC event=36 readout=3885 f1far=1417 f2near=1993 f2far=2624
SIPM_ARRIVALS event=162 total=586
SIPM_ADC event=162 readout=1868 f1far=1511 f2near=3454 f2far=2072
SIPM_ARRIVALS event=18 total=559
SIPM_ADC event=18 readout=2439 f1far=1387 f2near=3350 f2far=2336
SIPM_ARRIVALS event=153 total=648
SIPM_ADC event=153 readout=1861 f1far=3213 f2near=1697 f2far=3112
SIPM_ARRIVALS event=171 total=592
SIPM_ADC event=171 readout=2332 f1far=1763 f2near=3649 f2far=1577
SIPM_ARRIVALS event=63 total=588
SIPM_ADC event=63 readout=2913 f1far=1761 f2near=2286 f2far=2110
SIPM_ARRIVALS event=90 total=510
SIPM_ADC event=90 readout=2801 f1far=2201 f2near=1409 f2far=1649
SIPM_ARRIVALS event=189 total=561
SIPM_ADC event=189 readout=2123 f1far=1537 f2near=2330 f2far=2192
SIPM_ARRIVALS event=135 total=663
SIPM_ADC event=135 readout=3160 f1far=2141 f2near=3494 f2far=2273
SIPM_ARRIVALS event=270 total=569
SIPM_ADC event=270 readout=2710 f1far=1605 f2near=3171 f2far=1096
SIPM_ARRIVALS event=207 total=548
SIPM_ADC event=207 readout=1721 f1far=2050 f2near=2419 f2far=3218
SIPM_ARRIVALS event=9 total=529
SIPM_ADC event=9 readout=1737 f1far=1997 f2near=1348 f2far=2478
SIPM_ARRIVALS event=0 total=612
SIPM_ADC event=0 readout=2751 f1far=2496 f2near=2119 f2far=2075
SIPM_ARRIVALS event=54 total=639
SIPM_ADC event=54 readout=1584 f1far=2699 f2near=1945 f2far=3284
SIPM_ARRIVALS event=108 total=761
SIPM_ADC event=108 readout=2934 f1far=3301 f2near=2598 f2far=2930
SIPM_ARRIVALS event=261 total=708
SIPM_ADC event=261 readout=2985 f1far=1446 f2near=3895 f2far=2267
SIPM_ARRIVALS event=279 total=634
SIPM_ADC event=279 readout=2155 f1far=1389 f2near=3895 f2far=1803
SIPM_ARRIVALS event=72 total=687
SIPM_ADC event=72 readout=2596 f1far=2562 f2near=3296 f2far=3141
SIPM_ARRIVALS event=126 total=710
SIPM_ADC event=126 readout=3290 f1far=2335 f2near=3254 f2far=2411
SIPM_ARRIVALS event=117 total=721
SIPM_ADC event=117 readout=1954 f1far=2657 f2near=2772 f2far=3895
SIPM_ARRIVALS event=234 total=845
SIPM_ADC event=234 readout=3693 f1far=3718 f2near=2434 f2far=3885
SIPM_ARRIVALS event=82 total=579
SIPM_ADC event=82 readout=2181 f1far=1141 f2near=3797 f2far=1887
SIPM_ARRIVALS event=19 total=516
SIPM_ADC event=19 readout=1134 f1far=2687 f2near=1269 f2far=2676
SIPM_ARRIVALS event=172 total=594
SIPM_ADC event=172 readout=2351 f1far=1964 f2near=3654 f2far=1320
SIPM_ARRIVALS event=253 total=567
SIPM_ADC event=253 readout=2165 f1far=3133 f2near=1490 f2far=2629
SIPM_ARRIVALS event=180 total=1168
SIPM_ADC event=180 readout=3895 f1far=3895 f2near=3490 f2far=3895
SIPM_ARRIVALS event=199 total=663
SIPM_ADC event=199 readout=1353 f1far=3164 f2near=2331 f2far=3769
SIPM_ARRIVALS event=190 total=568
SIPM_ADC event=190 readout=1691 f1far=2090 f2near=1977 f2far=3024
SIPM_ARRIVALS event=136 total=496
SIPM_ADC event=136 readout=1480 f1far=1657 f2near=1902 f2far=2300
SIPM_ARRIVALS event=217 total=557
SIPM_ADC event=217 readout=2000 f1far=1768 f2near=3210 f2far=1994
SIPM_ARRIVALS event=45 total=1193
SIPM_ADC event=45 readout=3895 f1far=3895 f2near=3895 f2far=2951
SIPM_ARRIVALS event=28 total=611
SIPM_ADC event=28 readout=2570 f1far=2280 f2near=2376 f2far=1780
SIPM_ARRIVALS event=226 total=605
SIPM_ADC event=226 readout=1518 f1far=2912 f2near=2069 f2far=2907
SIPM_ARRIVALS event=271 total=525
SIPM_ADC event=271 readout=1672 f1far=2611 f2near=1429 f2far=1793
SIPM_ARRIVALS event=37 total=601
SIPM_ADC event=37 readout=1197 f1far=3532 f2near=1276 f2far=3418
SIPM_ARRIVALS event=64 total=608
SIPM_ADC event=64 readout=2941 f1far=2239 f2near=2484 f2far=2190
SIPM_ARRIVALS event=262 total=522
SIPM_ADC event=262 readout=1825 f1far=3230 f2near=1323 f2far=1783
SIPM_ARRIVALS event=1 total=542
SIPM_ADC event=1 readout=1379 f1far=1990 f2near=2570 f2far=2410
SIPM_ARRIVALS event=109 total=498
SIPM_ADC event=109 readout=2107 f1far=1224 f2near=2476 f2far=1824
SIPM_ARRIVALS event=280 total=527
SIPM_ADC event=280 readout=1636 f1far=1856 f2near=1848 f2far=2330
SIPM_ARRIVALS event=163 total=662
SIPM_ADC event=163 readout=2236 f1far=3567 f2near=1959 f2far=3031
SIPM_ARRIVALS event=244 total=620
SIPM_ADC event=244 readout=2227 f1far=2663 f2near=2897 f2far=2167
SIPM_ARRIVALS event=10 total=537
SIPM_ADC event=10 readout=2071 f1far=2456 f2near=1640 f2far=1792
SIPM_ARRIVALS event=91 total=657
SIPM_ADC event=91 readout=3476 f1far=2158 f2near=3499 f2far=1572
SIPM_ARRIVALS event=235 total=569
SIPM_ADC event=235 readout=1478 f1far=3098 f2near=1472 f2far=2793
SIPM_ARRIVALS event=208 total=720
SIPM_ADC event=208 readout=2845 f1far=3665 f2near=2224 f2far=3279
SIPM_ARRIVALS event=55 total=734
SIPM_ADC event=55 readout=1498 f1far=2743 f2near=2145 f2far=3895
SIPM_ARRIVALS event=118 total=722
SIPM_ADC event=118 readout=3895 f1far=2167 f2near=2460 f2far=2603
SIPM_ARRIVALS event=154 total=771
SIPM_ADC event=154 readout=3656 f1far=2952 f2near=3499 f2far=2028
SIPM_ARRIVALS event=73 total=759
SIPM_ADC event=73 readout=2981 f1far=2015 f2near=3895 f2far=2656
SIPM_ARRIVALS event=127 total=839
SIPM_ADC event=127 readout=3895 f1far=2784 f2near=3895 f2far=3645
SIPM_ARRIVALS event=100 total=901
SIPM_ADC event=100 readout=3104 f1far=3381 f2near=3282 f2far=3188
SIPM_ARRIVALS event=145 total=982
SIPM_ADC event=145 readout=2688 f1far=3895 f2near=2996 f2far=3895
SIPM_ARRIVALS event=20 total=625
SIPM_ADC event=20 readout=2701 f1far=2929 f2near=2304 f2far=2812
SIPM_ARRIVALS event=200 total=560
SIPM_ADC event=200 readout=1911 f1far=2691 f2near=2742 f2far=2480
SIPM_ARRIVALS event=29 total=637
SIPM_ADC event=29 readout=1745 f1far=3022 f2near=1485 f2far=3895
SIPM_ARRIVALS event=191 total=587
SIPM_ADC event=191 readout=2958 f1far=2434 f2near=2940 f2far=1494
SIPM_ARRIVALS event=181 total=586
SIPM_ADC event=181 readout=2416 f1far=1848 f2near=2598 f2far=1687
SIPM_ARRIVALS event=83 total=670
SIPM_ADC event=83 readout=2488 f1far=2812 f2near=2535 f2far=3895
SIPM_ARRIVALS event=263 total=536
SIPM_ADC event=263 readout=2502 f1far=1182 f2near=3178 f2far=1602
SIPM_ARRIVALS event=218 total=557
SIPM_ADC event=218 readout=2919 f1far=1472 f2near=2296 f2far=1471
SIPM_ARRIVALS event=245 total=555
SIPM_ADC event=245 readout=2808 f1far=2259 f2near=1929 f2far=2205
SIPM_ARRIVALS event=11 total=513
SIPM_ADC event=11 readout=1666 f1far=1637 f2near=1938 f2far=2452
SIPM_ARRIVALS event=2 total=550
SIPM_ADC event=2 readout=2105 f1far=3129 f2near=1414 f2far=2121
SIPM_ARRIVALS event=46 total=597
SIPM_ADC event=46 readout=2252 f1far=3142 f2near=2117 f2far=3008
SIPM_ARRIVALS event=173 total=670
SIPM_ADC event=173 readout=3895 f1far=2243 f2near=2919 f2far=2115
SIPM_ARRIVALS event=38 total=616
SIPM_ADC event=38 readout=2976 f1far=2220 f2near=2461 f2far=1835
SIPM_ARRIVALS event=137 total=640
SIPM_ADC event=137 readout=2500 f1far=2706 f2near=1721 f2far=2569
SIPM_ARRIVALS event=227 total=592
SIPM_ADC event=227 readout=2150 f1far=2203 f2near=1519 f2far=2435
SIPM_ARRIVALS event=164 total=528
SIPM_ADC event=164 readout=2165 f1far=2151 f2near=1828 f2far=1941
SIPM_ARRIVALS event=236 total=538
SIPM_ADC event=236 readout=1387 f1far=2233 f2near=1714 f2far=2209
SIPM_ARRIVALS event=209 total=594
SIPM_ADC event=209 readout=1668 f1far=2778 f2near=2186 f2far=3405
SIPM_ARRIVALS event=110 total=708
SIPM_ADC event=110 readout=3049 f1far=2360 f2near=3573 f2far=2694
SIPM_ARRIVALS event=119 total=492
SIPM_ADC event=119 readout=1544 f1far=1576 f2near=2181 f2far=2682
SIPM_ARRIVALS event=281 total=599
SIPM_ADC event=281 readout=1875 f1far=1803 f2near=2470 f2far=3129
SIPM_ARRIVALS event=92 total=617
SIPM_ADC event=92 readout=2701 f1far=2057 f2near=3569 f2far=2398
SIPM_ARRIVALS event=101 total=503
SIPM_ADC event=101 readout=1399 f1far=2086 f2near=1787 f2far=1801
SIPM_ARRIVALS event=155 total=593
SIPM_ADC event=155 readout=2665 f1far=1646 f2near=2527 f2far=1869
SIPM_ARRIVALS event=74 total=599
SIPM_ADC event=74 readout=1753 f1far=2348 f2near=2180 f2far=3504
SIPM_ARRIVALS event=56 total=756
SIPM_ADC event=56 readout=1566 f1far=2795 f2near=2653 f2far=2881
SIPM_ARRIVALS event=254 total=929
SIPM_ADC event=254 readout=3895 f1far=3286 f2near=3426 f2far=2945
SIPM_ARRIVALS event=128 total=637
SIPM_ADC event=128 readout=3192 f1far=2633 f2near=2469 f2far=1803
SIPM_ARRIVALS event=201 total=484
SIPM_ADC event=201 readout=1595 f1far=2237 f2near=1828 f2far=2156
SIPM_ARRIVALS event=146 total=692
SIPM_ADC event=146 readout=2541 f1far=3179 f2near=2551 f2far=2275
SIPM_ARRIVALS event=21 total=561
SIPM_ADC event=21 readout=2334 f1far=2226 f2near=1934 f2far=1802
SIPM_ARRIVALS event=30 total=563
SIPM_ADC event=30 readout=1751 f1far=2023 f2near=2495 f2far=3352
SIPM_ARRIVALS event=272 total=1051
SIPM_ADC event=272 readout=3422 f1far=3895 f2near=3059 f2far=3895
SIPM_ARRIVALS event=264 total=572
SIPM_ADC event=264 readout=2701 f1far=1487 f2near=2531 f2far=2242
SIPM_ARRIVALS event=182 total=592
SIPM_ADC event=182 readout=2597 f1far=3233 f2near=1854 f2far=2763
SIPM_ARRIVALS event=246 total=597
SIPM_ADC event=246 readout=2914 f1far=1433 f2near=3198 f2far=1810
SIPM_ARRIVALS event=174 total=473
SIPM_ADC event=174 readout=1732 f1far=1403 f2near=2645 f2far=902
SIPM_ARRIVALS event=84 total=631
SIPM_ADC event=84 readout=3085 f1far=2354 f2near=2280 f2far=2271
SIPM_ARRIVALS event=12 total=557
SIPM_ADC event=12 readout=1277 f1far=1671 f2near=2692 f2far=2679
SIPM_ARRIVALS event=65 total=1162
SIPM_ADC event=65 readout=3780 f1far=3005 f2near=3895 f2far=3895
SIPM_ARRIVALS event=237 total=509
SIPM_ADC event=237 readout=2435 f1far=3121 f2near=1646 f2far=1781
SIPM_ARRIVALS event=192 total=717
SIPM_ADC event=192 readout=2873 f1far=1595 f2near=3895 f2far=2520
SIPM_ARRIVALS event=47 total=625
SIPM_ADC event=47 readout=1776 f1far=2166 f2near=2596 f2far=3798
SIPM_ARRIVALS event=219 total=699
SIPM_ADC event=219 readout=3864 f1far=2273 f2near=3074 f2far=1840
SIPM_ARRIVALS event=210 total=651
SIPM_ADC event=210 readout=3423 f1far=1260 f2near=3185 f2far=2690
SIPM_ARRIVALS event=111 total=615
SIPM_ADC event=111 readout=2302 f1far=3027 f2near=1958 f2far=3033
SIPM_ARRIVALS event=39 total=683
SIPM_ADC event=39 readout=2361 f1far=1702 f2near=2852 f2far=3009
SIPM_ARRIVALS event=120 total=602
SIPM_ADC event=120 readout=3895 f1far=1671 f2near=3116 f2far=1238
SIPM_ARRIVALS event=57 total=634
SIPM_ADC event=57 readout=2210 f1far=2733 f2near=1871 f2far=3154
SIPM_ARRIVALS event=228 total=796
SIPM_ADC event=228 readout=2472 f1far=1953 f2near=3471 f2far=3003
SIPM_ARRIVALS event=282 total=715
SIPM_ADC event=282 readout=2341 f1far=2467 f2near=3271 f2far=1813
SIPM_ARRIVALS event=75 total=577
SIPM_ADC event=75 readout=1988 f1far=2036 f2near=2763 f2far=2297
SIPM_ARRIVALS event=255 total=516
SIPM_ADC event=255 readout=962 f1far=2170 f2near=1811 f2far=3435
SIPM_ARRIVALS event=138 total=757
SIPM_ADC event=138 readout=2064 f1far=2790 f2near=2215 f2far=3895
SIPM_ARRIVALS event=165 total=915
SIPM_ADC event=165 readout=3498 f1far=3895 f2near=1907 f2far=3895
SIPM_ARRIVALS event=156 total=755
SIPM_ADC event=156 readout=3055 f1far=3392 f2near=2893 f2far=2634
SIPM_ARRIVALS event=202 total=569
SIPM_ADC event=202 readout=2875 f1far=1645 f2near=3746 f2far=1590
SIPM_ARRIVALS event=147 total=540
SIPM_ADC event=147 readout=2391 f1far=2817 f2near=1239 f2far=2032
SIPM_ARRIVALS event=129 total=659
SIPM_ADC event=129 readout=1970 f1far=3401 f2near=2171 f2far=2821
SIPM_ARRIVALS event=183 total=583
SIPM_ADC event=183 readout=2949 f1far=1411 f2near=3027 f2far=1877
SIPM_ARRIVALS event=31 total=633
SIPM_ADC event=31 readout=1700 f1far=3276 f2near=1569 f2far=3856
SIPM_ARRIVALS event=13 total=514
SIPM_ADC event=13 readout=2198 f1far=1978 f2near=1859 f2far=1413
SIPM_ARRIVALS event=3 total=1166
SIPM_ADC event=3 readout=3895 f1far=3895 f2near=3895 f2far=3895
SIPM_ARRIVALS event=175 total=547
SIPM_ADC event=175 readout=1256 f1far=2594 f2near=2199 f2far=2121
SIPM_ARRIVALS event=22 total=656
SIPM_ADC event=22 readout=2684 f1far=1571 f2near=3620 f2far=2566
SIPM_ARRIVALS event=48 total=510
SIPM_ADC event=48 readout=2981 f1far=2332 f2near=1901 f2far=1744
SIPM_ARRIVALS event=85 total=688
SIPM_ADC event=85 readout=3053 f1far=1883 f2near=3895 f2far=2037
SIPM_ARRIVALS event=66 total=613
SIPM_ADC event=66 readout=2441 f1far=1481 f2near=3238 f2far=1602
SIPM_ARRIVALS event=112 total=601
SIPM_ADC event=112 readout=2597 f1far=1380 f2near=3391 f2far=2284
SIPM_ARRIVALS event=102 total=1132
SIPM_ADC event=102 readout=1913 f1far=3895 f2near=2788 f2far=3895
SIPM_ARRIVALS event=247 total=766
SIPM_ADC event=247 readout=1882 f1far=3706 f2near=1989 f2far=2927
SIPM_ARRIVALS event=193 total=615
SIPM_ADC event=193 readout=1830 f1far=2779 f2near=2298 f2far=2369
SIPM_ARRIVALS event=40 total=538
SIPM_ADC event=40 readout=1808 f1far=2097 f2near=3067 f2far=2174
SIPM_ARRIVALS event=121 total=587
SIPM_ADC event=121 readout=2958 f1far=1581 f2near=3173 f2far=1573
SIPM_ARRIVALS event=273 total=748
SIPM_ADC event=273 readout=3895 f1far=2956 f2near=2600 f2far=2629
SIPM_ARRIVALS event=238 total=651
SIPM_ADC event=238 readout=2082 f1far=2899 f2near=2365 f2far=1765
SIPM_ARRIVALS event=229 total=537
SIPM_ADC event=229 readout=2673 f1far=1307 f2near=3141 f2far=1554
SIPM_ARRIVALS event=211 total=650
SIPM_ADC event=211 readout=1299 f1far=2083 f2near=2923 f2far=2739
SIPM_ARRIVALS event=220 total=765
SIPM_ADC event=220 readout=3895 f1far=2360 f2near=3172 f2far=2301
SIPM_ARRIVALS event=76 total=564
SIPM_ADC event=76 readout=1836 f1far=1685 f2near=1669 f2far=2919
SIPM_ARRIVALS event=58 total=626
SIPM_ADC event=58 readout=1278 f1far=2596 f2near=1175 f2far=3895
SIPM_ARRIVALS event=139 total=575
SIPM_ADC event=139 readout=2282 f1far=1813 f2near=2044 f2far=2569
SIPM_ARRIVALS event=265 total=981
SIPM_ADC event=265 readout=3212 f1far=3895 f2near=2173 f2far=3712
SIPM_ARRIVALS event=256 total=648
SIPM_ADC event=256 readout=1536 f1far=1957 f2near=2400 f2far=3895
SIPM_ARRIVALS event=283 total=606
SIPM_ADC event=283 readout=2293 f1far=1540 f2near=2307 f2far=1910
SIPM_ARRIVALS event=93 total=1255
SIPM_ADC event=93 readout=3693 f1far=3895 f2near=2426 f2far=3895
SIPM_ARRIVALS event=203 total=532
SIPM_ADC event=203 readout=1801 f1far=2765 f2near=1734 f2far=2088
SIPM_ARRIVALS event=32 total=517
SIPM_ADC event=32 readout=1777 f1far=1981 f2near=1774 f2far=2148
SIPM_ARRIVALS event=4 total=520
SIPM_ADC event=4 readout=2929 f1far=1530 f2near=1717 f2far=1782
SIPM_ARRIVALS event=148 total=565
SIPM_ADC event=148 readout=2010 f1far=2928 f2near=1329 f2far=1785
SIPM_ARRIVALS event=184 total=496
SIPM_ADC event=184 readout=2427 f1far=1986 f2near=1985 f2far=1648
SIPM_ARRIVALS event=130 total=644
SIPM_ADC event=130 readout=1805 f1far=3397 f2near=1442 f2far=2736
SIPM_ARRIVALS event=14 total=558
SIPM_ADC event=14 readout=2259 f1far=2687 f2near=2061 f2far=2558
SIPM_ARRIVALS event=23 total=566
SIPM_ADC event=23 readout=2124 f1far=2285 f2near=2209 f2far=2486
SIPM_ARRIVALS event=49 total=532
SIPM_ADC event=49 readout=2345 f1far=1536 f2near=2820 f2far=1596
SIPM_ARRIVALS event=86 total=479
SIPM_ADC event=86 readout=2487 f1far=1747 f2near=1584 f2far=1643
SIPM_ARRIVALS event=176 total=597
SIPM_ADC event=176 readout=2329 f1far=1919 f2near=2672 f2far=2859
SIPM_ARRIVALS event=67 total=617
SIPM_ADC event=67 readout=1922 f1far=1824 f2near=3260 f2far=2030
SIPM_ARRIVALS event=274 total=537
SIPM_ADC event=274 readout=1051 f1far=1672 f2near=2721 f2far=2817
SIPM_ARRIVALS event=239 total=579
SIPM_ADC event=239 readout=1837 f1far=2642 f2near=1782 f2far=2630
SIPM_ARRIVALS event=103 total=649
SIPM_ADC event=103 readout=2669 f1far=2593 f2near=2945 f2far=3181
SIPM_ARRIVALS event=212 total=634
SIPM_ADC event=212 readout=1360 f1far=3314 f2near=951 f2far=3230
SIPM_ARRIVALS event=194 total=695
SIPM_ADC event=194 readout=2108 f1far=3218 f2near=2481 f2far=2941
SIPM_ARRIVALS event=248 total=631
SIPM_ADC event=248 readout=1809 f1far=2750 f2near=1927 f2far=3895
SIPM_ARRIVALS event=41 total=573
SIPM_ADC event=41 readout=3684 f1far=2616 f2near=1159 f2far=1701
SIPM_ARRIVALS event=77 total=557
SIPM_ADC event=77 readout=1874 f1far=3610 f2near=1449 f2far=2298
SIPM_ARRIVALS event=166 total=980
SIPM_ADC event=166 readout=2827 f1far=3895 f2near=1992 f2far=3895
SIPM_ARRIVALS event=157 total=946
SIPM_ADC event=157 readout=3636 f1far=2763 f2near=3671 f2far=3895
SIPM_ARRIVALS event=257 total=461
SIPM_ADC event=257 readout=1830 f1far=2133 f2near=1823 f2far=2613
SIPM_ARRIVALS event=230 total=647
SIPM_ADC event=230 readout=2333 f1far=2423 f2near=2676 f2far=2898
SIPM_ARRIVALS event=140 total=641
SIPM_ADC event=140 readout=1860 f1far=3592 f2near=1312 f2far=2752
SIPM_ARRIVALS event=266 total=663
SIPM_ADC event=266 readout=2517 f1far=1657 f2near=3790 f2far=2858
SIPM_ARRIVALS event=94 total=517
SIPM_ADC event=94 readout=2043 f1far=2201 f2near=2102 f2far=2294
SIPM_ARRIVALS event=59 total=638
SIPM_ADC event=59 readout=2925 f1far=3895 f2near=2289 f2far=2918
SIPM_ARRIVALS event=185 total=575
SIPM_ADC event=185 readout=1551 f1far=3183 f2near=1305 f2far=2332
SIPM_ARRIVALS event=122 total=759
SIPM_ADC event=122 readout=3895 f1far=2743 f2near=2878 f2far=1961
SIPM_ARRIVALS event=5 total=500
SIPM_ADC event=5 readout=1736 f1far=1346 f2near=3052 f2far=1450
SIPM_ARRIVALS event=221 total=729
SIPM_ADC event=221 readout=3590 f1far=3049 f2near=2143 f2far=1837
SIPM_ARRIVALS event=204 total=520
SIPM_ADC event=204 readout=2335 f1far=1864 f2near=2391 f2far=1534
SIPM_ARRIVALS event=113 total=857
SIPM_ADC event=113 readout=2324 f1far=3895 f2near=2795 f2far=3749
SIPM_ARRIVALS event=149 total=621
SIPM_ADC event=149 readout=2356 f1far=2993 f2near=2151 f2far=3446
SIPM_ARRIVALS event=15 total=569
SIPM_ADC event=15 readout=2756 f1far=1269 f2near=2652 f2far=1987
SIPM_ARRIVALS event=131 total=500
SIPM_ADC event=131 readout=1750 f1far=2213 f2near=1209 f2far=2166
SIPM_ARRIVALS event=284 total=682
SIPM_ADC event=284 readout=3031 f1far=2587 f2near=2029 f2far=2218
SIPM_ARRIVALS event=33 total=671
SIPM_ADC event=33 readout=2311 f1far=2821 f2near=2241 f2far=2978
SIPM_ARRIVALS event=50 total=628
SIPM_ADC event=50 readout=3083 f1far=1961 f2near=2048 f2far=1305
SIPM_ARRIVALS event=177 total=519
SIPM_ADC event=177 readout=2197 f1far=1804 f2near=1790 f2far=1560
SIPM_ARRIVALS event=24 total=640
SIPM_ADC event=24 readout=1638 f1far=2457 f2near=2796 f2far=2853
SIPM_ARRIVALS event=87 total=710
SIPM_ADC event=87 readout=3845 f1far=2134 f2near=3059 f2far=1386
SIPM_ARRIVALS event=167 total=494
SIPM_ADC event=167 readout=2901 f1far=1701 f2near=2158 f2far=1020
SIPM_ARRIVALS event=249 total=484
SIPM_ADC event=249 readout=2047 f1far=1724 f2near=1612 f2far=1817
SIPM_ARRIVALS event=213 total=575
SIPM_ADC event=213 readout=2231 f1far=2550 f2near=2340 f2far=3279
SIPM_ARRIVALS event=275 total=623
SIPM_ADC event=275 readout=3018 f1far=2619 f2near=1849 f2far=1480
SIPM_ARRIVALS event=104 total=513
SIPM_ADC event=104 readout=2193 f1far=2235 f2near=1575 f2far=2277
SIPM_ARRIVALS event=42 total=532
SIPM_ADC event=42 readout=2019 f1far=2920 f2near=1155 f2far=2314
SIPM_ARRIVALS event=240 total=597
SIPM_ADC event=240 readout=3065 f1far=2172 f2near=1983 f2far=1668
SIPM_ARRIVALS event=195 total=618
SIPM_ADC event=195 readout=1651 f1far=2153 f2near=2153 f2far=3732
SIPM_ARRIVALS event=158 total=551
SIPM_ADC event=158 readout=2880 f1far=1947 f2near=1869 f2far=1267
SIPM_ARRIVALS event=78 total=595
SIPM_ADC event=78 readout=1861 f1far=2155 f2near=2021 f2far=2731
SIPM_ARRIVALS event=95 total=509
SIPM_ADC event=95 readout=1772 f1far=1098 f2near=2752 f2far=2431
SIPM_ARRIVALS event=205 total=638
SIPM_ADC event=205 readout=3610 f1far=1595 f2near=3194 f2far=2072
SIPM_ARRIVALS event=114 total=528
SIPM_ADC event=114 readout=1491 f1far=2034 f2near=2321 f2far=2685
SIPM_ARRIVALS event=60 total=564
SIPM_ADC event=60 readout=1885 f1far=1796 f2near=2141 f2far=2690
SIPM_ARRIVALS event=68 total=700
SIPM_ADC event=68 readout=2059 f1far=2204 f2near=2457 f2far=3557
SIPM_ARRIVALS event=123 total=551
SIPM_ADC event=123 readout=2366 f1far=2236 f2near=2386 f2far=2316
SIPM_ARRIVALS event=186 total=517
SIPM_ADC event=186 readout=1459 f1far=2541 f2near=1510 f2far=1713
SIPM_ARRIVALS event=16 total=500
SIPM_ADC event=16 readout=1041 f1far=1910 f2near=1780 f2far=2216
SIPM_ARRIVALS event=222 total=624
SIPM_ADC event=222 readout=2383 f1far=3714 f2near=2024 f2far=2313
SIPM_ARRIVALS event=267 total=680
SIPM_ADC event=267 readout=1804 f1far=3895 f2near=2050 f2far=3393
SIPM_ARRIVALS event=6 total=595
SIPM_ADC event=6 readout=1573 f1far=2345 f2near=1895 f2far=2682
SIPM_ARRIVALS event=150 total=516
SIPM_ADC event=150 readout=2063 f1far=2105 f2near=1827 f2far=1697
SIPM_ARRIVALS event=285 total=593
SIPM_ADC event=285 readout=2606 f1far=1698 f2near=2740 f2far=1695
SIPM_ARRIVALS event=34 total=516
SIPM_ADC event=34 readout=1907 f1far=2156 f2near=2370 f2far=2207
SIPM_ARRIVALS event=231 total=791
SIPM_ADC event=231 readout=2828 f1far=2210 f2near=3743 f2far=3506
SIPM_ARRIVALS event=51 total=692
SIPM_ADC event=51 readout=2918 f1far=1531 f2near=3895 f2far=2122
SIPM_ARRIVALS event=132 total=715
SIPM_ADC event=132 readout=1955 f1far=3895 f2near=1984 f2far=2251
SIPM_ARRIVALS event=141 total=897
SIPM_ADC event=141 readout=2954 f1far=3304 f2near=3895 f2far=3818
SIPM_ARRIVALS event=105 total=498
SIPM_ADC event=105 readout=1957 f1far=1993 f2near=1918 f2far=1820
SIPM_ARRIVALS event=25 total=615
SIPM_ADC event=25 readout=1495 f1far=2010 f2near=2265 f2far=2237
SIPM_ARRIVALS event=214 total=620
SIPM_ADC event=214 readout=1541 f1far=2143 f2near=2019 f2far=3895
SIPM_ARRIVALS event=43 total=616
SIPM_ADC event=43 readout=1995 f1far=3269 f2near=2230 f2far=2637
SIPM_ARRIVALS event=88 total=662
SIPM_ADC event=88 readout=2582 f1far=2342 f2near=3312 f2far=1404
SIPM_ARRIVALS event=276 total=623
SIPM_ADC event=276 readout=2745 f1far=3031 f2near=2089 f2far=3371
SIPM_ARRIVALS event=159 total=627
SIPM_ADC event=159 readout=2199 f1far=3385 f2near=1463 f2far=2837
SIPM_ARRIVALS event=258 total=1088
SIPM_ADC event=258 readout=3275 f1far=3895 f2near=3156 f2far=3379
SIPM_ARRIVALS event=79 total=477
SIPM_ADC event=79 readout=1047 f1far=2169 f2near=2126 f2far=2632
SIPM_ARRIVALS event=250 total=631
SIPM_ADC event=250 readout=1426 f1far=2743 f2near=1494 f2far=2660
SIPM_ARRIVALS event=115 total=482
SIPM_ADC event=115 readout=2590 f1far=2040 f2near=1714 f2far=1184
SIPM_ARRIVALS event=96 total=558
SIPM_ADC event=96 readout=2602 f1far=1718 f2near=2733 f2far=2204
SIPM_ARRIVALS event=61 total=585
SIPM_ADC event=61 readout=1268 f1far=3399 f2near=1842 f2far=2773
SIPM_ARRIVALS event=196 total=654
SIPM_ADC event=196 readout=3406 f1far=1932 f2near=3283 f2far=2148
SIPM_ARRIVALS event=17 total=540
SIPM_ADC event=17 readout=1638 f1far=1756 f2near=2792 f2far=2154
SIPM_ARRIVALS event=206 total=603
SIPM_ADC event=206 readout=3048 f1far=1832 f2near=3194 f2far=1659
SIPM_ARRIVALS event=268 total=558
SIPM_ADC event=268 readout=2033 f1far=1338 f2near=3537 f2far=1280
SIPM_ARRIVALS event=178 total=913
SIPM_ADC event=178 readout=2384 f1far=3118 f2near=3325 f2far=3895
SIPM_ARRIVALS event=124 total=668
SIPM_ADC event=124 readout=1676 f1far=3468 f2near=1991 f2far=2999
SIPM_ARRIVALS event=151 total=497
SIPM_ADC event=151 readout=1597 f1far=2584 f2near=2235 f2far=2009
SIPM_ARRIVALS event=232 total=532
SIPM_ADC event=232 readout=1786 f1far=1956 f2near=1280 f2far=2708
SIPM_ARRIVALS event=7 total=672
SIPM_ADC event=7 readout=2557 f1far=3895 f2near=1969 f2far=3055
SIPM_ARRIVALS event=241 total=876
SIPM_ADC event=241 readout=3895 f1far=2109 f2near=3325 f2far=1978
SIPM_ARRIVALS event=133 total=557
SIPM_ADC event=133 readout=3220 f1far=1851 f2near=2388 f2far=1288
SIPM_ARRIVALS event=223 total=771
SIPM_ADC event=223 readout=3042 f1far=3079 f2near=2546 f2far=2197
SIPM_ARRIVALS event=286 total=607
SIPM_ADC event=286 readout=2185 f1far=2860 f2near=2553 f2far=2022
SIPM_ARRIVALS event=52 total=633
SIPM_ADC event=52 readout=1940 f1far=3694 f2near=1525 f2far=3517
SIPM_ARRIVALS event=168 total=1056
SIPM_ADC event=168 readout=2534 f1far=3737 f2near=2865 f2far=3895
SIPM_ARRIVALS event=35 total=685
SIPM_ADC event=35 readout=2677 f1far=1627 f2near=3624 f2far=2307
SIPM_ARRIVALS event=187 total=882
SIPM_ADC event=187 readout=2306 f1far=3895 f2near=2467 f2far=3895
SIPM_ARRIVALS event=142 total=732
SIPM_ADC event=142 readout=3895 f1far=2402 f2near=3895 f2far=1574
SIPM_ARRIVALS event=80 total=476
SIPM_ADC event=80 readout=2064 f1far=1998 f2near=2157 f2far=1851
SIPM_ARRIVALS event=44 total=572
SIPM_ADC event=44 readout=1669 f1far=3068 f2near=2306 f2far=1856
SIPM_ARRIVALS event=259 total=579
SIPM_ADC event=259 readout=2255 f1far=1314 f2near=3655 f2far=2104
SIPM_ARRIVALS event=26 total=766
SIPM_ADC event=26 readout=3895 f1far=2282 f2near=3895 f2far=2178
SIPM_ARRIVALS event=106 total=720
SIPM_ADC event=106 readout=2002 f1far=3155 f2near=2170 f2far=2706
SIPM_ARRIVALS event=116 total=589
SIPM_ADC event=116 readout=2637 f1far=1501 f2near=3853 f2far=1461
SIPM_ARRIVALS event=277 total=640
SIPM_ADC event=277 readout=1609 f1far=2127 f2near=2318 f2far=3591
SIPM_ARRIVALS event=97 total=509
SIPM_ADC event=97 readout=2308 f1far=1919 f2near=1829 f2far=1461
SIPM_ARRIVALS event=269 total=454
SIPM_ADC event=269 readout=1848 f1far=1657 f2near=1553 f2far=2444
SIPM_ARRIVALS event=62 total=546
SIPM_ADC event=62 readout=1803 f1far=2032 f2near=1795 f2far=2582
SIPM_ARRIVALS event=215 total=704
SIPM_ADC event=215 readout=3006 f1far=3690 f2near=2061 f2far=2152
SIPM_ARRIVALS event=69 total=1184
SIPM_ADC event=69 readout=3895 f1far=3895 f2near=2337 f2far=3895
SIPM_ARRIVALS event=288 total=590
SIPM_ADC event=288 readout=2545 f1far=1288 f2near=3343 f2far=1405
SIPM_ARRIVALS event=197 total=602
SIPM_ADC event=197 readout=2911 f1far=1759 f2near=3387 f2far=2464
SIPM_ARRIVALS event=125 total=512
SIPM_ADC event=125 readout=2581 f1far=1305 f2near=2782 f2far=2059
SIPM_ARRIVALS event=251 total=649
SIPM_ADC event=251 readout=2437 f1far=2589 f2near=2675 f2far=2396
SIPM_ARRIVALS event=179 total=525
SIPM_ADC event=179 readout=2953 f1far=2676 f2near=1705 f2far=1795
SIPM_ARRIVALS event=89 total=822
SIPM_ADC event=89 readout=2709 f1far=3895 f2near=2940 f2far=3842
SIPM_ARRIVALS event=8 total=513
SIPM_ADC event=8 readout=1440 f1far=2162 f2near=2445 f2far=2649
SIPM_ARRIVALS event=242 total=522
SIPM_ADC event=242 readout=2303 f1far=1826 f2near=2376 f2far=2156
SIPM_ARRIVALS event=152 total=581
SIPM_ADC event=152 readout=1657 f1far=1941 f2near=2049 f2far=2607
SIPM_ARRIVALS event=53 total=579
SIPM_ADC event=53 readout=2225 f1far=1125 f2near=2968 f2far=1446
SIPM_ARRIVALS event=233 total=557
SIPM_ADC event=233 readout=2266 f1far=2335 f2near=1205 f2far=1704
SIPM_ARRIVALS event=297 total=732
SIPM_ADC event=297 readout=3152 f1far=2870 f2near=3105 f2far=1929
SIPM_ARRIVALS event=287 total=651
SIPM_ADC event=287 readout=2063 f1far=2145 f2near=2692 f2far=2210
SIPM_ARRIVALS event=224 total=592
SIPM_ADC event=224 readout=1977 f1far=2037 f2near=2283 f2far=2019
SIPM_ARRIVALS event=188 total=564
SIPM_ADC event=188 readout=2667 f1far=1401 f2near=3289 f2far=2458
SIPM_ARRIVALS event=143 total=542
SIPM_ADC event=143 readout=2503 f1far=2189 f2near=2048 f2far=2423
SIPM_ARRIVALS event=169 total=690
SIPM_ADC event=169 readout=1729 f1far=3143 f2near=2528 f2far=3406
SIPM_ARRIVALS event=278 total=493
SIPM_ADC event=278 readout=2190 f1far=2225 f2near=1701 f2far=1345
SIPM_ARRIVALS event=98 total=568
SIPM_ADC event=98 readout=1743 f1far=2518 f2near=1848 f2far=2921
SIPM_ARRIVALS event=260 total=569
SIPM_ADC event=260 readout=2429 f1far=2418 f2near=2830 f2far=1522
SIPM_ARRIVALS event=70 total=573
SIPM_ADC event=70 readout=1945 f1far=2629 f2near=1283 f2far=3417
SIPM_ARRIVALS event=289 total=554
SIPM_ADC event=289 readout=2185 f1far=1954 f2near=2803 f2far=2429
SIPM_ARRIVALS event=107 total=620
SIPM_ADC event=107 readout=2111 f1far=2404 f2near=2239 f2far=3106
SIPM_ARRIVALS event=134 total=1011
SIPM_ADC event=134 readout=3099 f1far=3203 f2near=3895 f2far=3895
SIPM_ARRIVALS event=160 total=1387
SIPM_ADC event=160 readout=3895 f1far=3895 f2near=3895 f2far=3895
SIPM_ARRIVALS event=298 total=645
SIPM_ADC event=298 readout=2715 f1far=2982 f2near=1616 f2far=2294
SIPM_ARRIVALS event=170 total=764
SIPM_ADC event=170 readout=3462 f1far=2329 f2near=3224 f2far=2703
SIPM_ARRIVALS event=290 total=642
SIPM_ADC event=290 readout=2555 f1far=1559 f2near=3884 f2far=1667
SIPM_ARRIVALS event=71 total=851
SIPM_ADC event=71 readout=3895 f1far=2499 f2near=3895 f2far=2732
SIPM_ARRIVALS event=161 total=567
SIPM_ADC event=161 readout=2398 f1far=2378 f2near=1510 f2far=2410
SIPM_ARRIVALS event=299 total=662
SIPM_ADC event=299 readout=2692 f1far=2033 f2near=2872 f2far=2444
SIPM_ARRIVALS event=291 total=567
SIPM_ADC event=291 readout=2226 f1far=1435 f2near=3149 f2far=1897
SIPM_ARRIVALS event=292 total=763
SIPM_ADC event=292 readout=2129 f1far=2983 f2near=3550 f2far=3245
SIPM_ARRIVALS event=293 total=594
SIPM_ADC event=293 readout=2492 f1far=2062 f2near=2823 f2far=2185
SIPM_ARRIVALS event=294 total=733
SIPM_ADC event=294 readout=2388 f1far=2551 f2near=3616 f2far=2608
SIPM_ARRIVALS event=295 total=614
SIPM_ADC event=295 readout=2847 f1far=2461 f2near=2450 f2far=2054
SIPM_ARRIVALS event=296 total=521
SIPM_ADC event=296 readout=2055 f1far=1986 f2near=1414 f2far=2192
RUN_DONE events=300 output=/projects/hep/fs10/shared/nnbar/billy/ccb-wt-1623/geant4/single_stave/guard_1623/g_mu300.root
     Cr_sctns:  Glauber-Gribov Nucl-nucl: 0 eV  ---> 25.6 PeV
     Cr_sctns:  Glauber-Gribov Nucl-nucl: 0 eV  ---> 25.6 PeV
     Cr_sctns:  Glauber-Gribov Nucl-nucl: 0 eV  ---> 25.6 PeV
     Cr_sctns:  Glauber-Gribov Nucl-nucl: 0 eV  ---> 25.6 PeV
     Cr_sctns:  Glauber-Gribov Nucl-nucl: 0 eV  ---> 25.6 PeV
     Cr_sctns:  Glauber-Gribov Nucl-nucl: 0 eV  ---> 25.6 PeV
     Cr_sctns:  Glauber-Gribov Nucl-nucl: 0 eV  ---> 25.6 PeV
     Cr_sctns:  Glauber-Gribov Nucl-nucl: 0 eV  ---> 25.6 PeV
     Cr_sctns:  Glauber-Gribov Nucl-nucl: 0 eV  ---> 25.6 PeV
     Cr_sctns:  Glauber-Gribov Nucl-nucl: 0 eV  ---> 25.6 PeV
     Cr_sctns:  Glauber-Gribov Nucl-nucl: 0 eV  ---> 25.6 PeV
     Cr_sctns:  Glauber-Gribov Nucl-nucl: 0 eV  ---> 25.6 PeV
     Cr_sctns:  Glauber-Gribov Nucl-nucl: 0 eV  ---> 25.6 PeV
     Cr_sctns:  Glauber-Gribov Nucl-nucl: 0 eV  ---> 25.6 PeV
     Cr_sctns:  Glauber-Gribov Nucl-nucl: 0 eV  ---> 25.6 PeV
     Cr_sctns:  Glauber-Gribov Nucl-nucl: 0 eV  ---> 25.6 PeV
     Cr_sctns:  Glauber-Gribov Nucl-nucl: 0 eV  ---> 25.6 PeV
     Cr_sctns:  Glauber-Gribov Nucl-nucl: 0 eV  ---> 25.6 PeV
     Cr_sctns:  Glauber-Gribov Nucl-nucl: 0 eV  ---> 25.6 PeV
     Cr_sctns:  Glauber-Gribov Nucl-nucl: 0 eV  ---> 25.6 PeV
     Cr_sctns:  Glauber-Gribov Nucl-nucl: 0 eV  ---> 25.6 PeV
     Cr_sctns:  Glauber-Gribov Nucl-nucl: 0 eV  ---> 25.6 PeV
     Cr_sctns:  Glauber-Gribov Nucl-nucl: 0 eV  ---> 25.6 PeV
     Cr_sctns:  Glauber-Gribov Nucl-nucl: 0 eV  ---> 25.6 PeV
     Cr_sctns:  Glauber-Gribov Nucl-nucl: 0 eV  ---> 25.6 PeV
     Cr_sctns:  Glauber-Gribov Nucl-nucl: 0 eV  ---> 25.6 PeV
     Cr_sctns:  Glauber-Gribov Nucl-nucl: 0 eV  ---> 25.6 PeV
     Cr_sctns:  Glauber-Gribov Nucl-nucl: 0 eV  ---> 25.6 PeV
     Cr_sctns:  Glauber-Gribov Nucl-nucl: 0 eV  ---> 25.6 PeV
     Cr_sctns:  Glauber-Gribov Nucl-nucl: 0 eV  ---> 25.6 PeV
     Cr_sctns:  Glauber-Gribov Nucl-nucl: 0 eV  ---> 25.6 PeV
     Cr_sctns:  Glauber-Gribov Nucl-nucl: 0 eV  ---> 25.6 PeV
CCB_STAVE_END
