CCB_BEAM_PREFLIGHT intersects=1 enters_neg_z=1 path_cm=2 reason=ok
CCB_BEAM_ENVELOPE_PREFLIGHT profile=AREA_UNIFORM_CONE_SPREAD corners_checked=16 corners_missing=0 min_path_cm=2.03085 reason=ok

**************************************************************
 Geant4 version Name: geant4-11-02-patch-02 [MT]   (21-June-2024)
  << in Multi-threaded mode >> 
                       Copyright : Geant4 Collaboration
                      References : NIM A 506 (2003), 250-303
                                 : IEEE-TNS 53 (2006), 270-278
                                 : NIM A 835 (2016), 186-225
                             WWW : http://geant4.org/
**************************************************************

CCB_STAVE_START particle=pi+ KE_MeV=200 nevents=300 threads_requested=32 threads_effective=32 g4_force_threads=unset seed=42 hit_x_cm=0 hit_y_cm=0 theta_deg=0 phi_deg=0 allow_miss=0 beam_profile_id=AREA_UNIFORM_CONE_SPREAD sample_position=1 hit_x_min_cm=-22 hit_x_max_cm=22 hit_y_min_cm=-2.2 hit_y_max_cm=2.2 sample_angle=1 theta_spread_deg=10 write_photon_ntuple=0 optical_max_time_ns=1000 optical_max_steps=200000 birks_kB=0.126 quenching_model_id=birks_geant4 quenching_model_status=HYPOTHESIS quenching_claims_authorized=false production_cut_mm=0.1 physics_list=QGSP_BIC neutron_timecut_policy_id=pin_qgsp_bic_default_10us neutron_time_cut_us=10 neutron_tracking_time_cut_configured=1 neutron_diagnostics=0 reflectivity_scale=1 attenuation_scale(deprecated)=1 scintillator_absorption_scale=1 y11_bulk_attenuation_scale=1 pde_scale=1 collection_efficiency=1 optical_interface_model=UNKNOWN_EXTERNAL far_end=instrumented wls_time_profile=exponential wls_fluorescence_model=geant4_default_one_secondary wls_fluorescence_yield=0.7 mode=optical optical_dir=/projects/hep/fs10/shared/nnbar/billy/ccb-wt-1623/geant4/single_stave/build/optical strict_optical=1 output=/projects/hep/fs10/shared/nnbar/billy/ccb-wt-1623/geant4/single_stave/guard_1623/g_pi200.root gpu_optical=0 optical_out= dump_gdml=
G4PhysListFactory::GetReferencePhysList <QGSP_BIC>  EMoption= 0
<<< Geant4 Physics List simulation engine: QGSP_BIC


Checking overlaps for volume Coating:0 (G4SubtractionSolid) ... OK! 
Checking overlaps for volume Scintillator:0 (G4SubtractionSolid) ... OK! 
Checking overlaps for volume OuterClad_F1:0 (G4Tubs) ... OK! 
Checking overlaps for volume InnerClad_F1:0 (G4Tubs) ... OK! 
Checking overlaps for volume Core_F1:0 (G4Tubs) ... OK! 
Checking overlaps for volume Sensor_F1_PlusX:0 (G4Tubs) ... OK! 
Checking overlaps for volume Sensor_F1_MinusX:1 (G4Tubs) ... OK! 
Checking overlaps for volume OuterClad_F2:1 (G4Tubs) ... OK! 
Checking overlaps for volume InnerClad_F2:1 (G4Tubs) ... OK! 
Checking overlaps for volume Core_F2:1 (G4Tubs) ... OK! 
Checking overlaps for volume Sensor_F2_PlusX:2 (G4Tubs) ... OK! 
Checking overlaps for volume Sensor_F2_MinusX:3 (G4Tubs) ... OK! 
GEOMETRY_REPORT_BEGIN
stave_length_cm 50
stave_width_cm 5.18
stave_thickness_cm 2
normal_path_cm 2
fibre_diameter_mm 1.8
hole_diameter_mm 2
fibre_separation_cm 2
fibre_within_hole 1
fibre_protrudes_for_readout 1
holes_contained_y 1
holes_contained_z 1
geometry_hash e323b92195f9a6288944f0738dbadccf9386422f076362ca172fd0b6d119d1e1
physics_hash 695755f15879c60b7dbc23f5ad7f972d0ec3d9710fa2ec357d17a3b37c48faee
optical_hash 02abddb7662749ea88712a86cced3d7438d45eb865b430c54073ae9dde8549eb
clad_inner_rindex 1.49
clad_outer_rindex 1.42
GEOMETRY_REPORT_END
GEOMETRY_SELFCHECK_PASS
### Adding tracking cuts for neutron  TimeCut(ns)= 10000  KinEnergyCut(MeV)= 0
### Birks coefficients used in run time
   G4_POLYSTYRENE     0.07943 mm/MeV     0.00841958 g/cm^2/MeV  massFactor=  504.5 effCharge= 18.5
   CCB_Scintillator     0.126 mm/MeV     0.013356 g/cm^2/MeV  massFactor=  504.5 effCharge= 18.5
=======================================================================
======                 Electromagnetic Physics Parameters      ========
=======================================================================
LPM effect enabled                                 1
Enable creation and use of sampling tables         0
Apply cuts on all EM processes                     0
Use combined TransportationWithMsc                 Disabled
Use general process                                1
Enable linear polarisation for gamma               0
Enable photoeffect sampling below K-shell          1
Enable sampling of quantum entanglement            0
X-section factor for integral approach             0.8
Min kinetic energy for tables                      100 eV 
Max kinetic energy for tables                      100 TeV
Number of bins per decade of a table               7
Verbose level                                      1
Verbose level for worker thread                    0
Bremsstrahlung energy threshold above which 
  primary e+- is added to the list of secondary    100 TeV
Bremsstrahlung energy threshold above which primary
  muon/hadron is added to the list of secondary    100 TeV
Lowest triplet kinetic energy                      1 MeV
Enable sampling of gamma linear polarisation       0
5D gamma conversion model type                     0
5D gamma conversion model on isolated ion          0
Livermore data directory                           epics_2017
=======================================================================
======                 Ionisation Parameters                   ========
=======================================================================
Step function for e+-                              (0.2, 1 mm)
Step function for muons/hadrons                    (0.2, 0.1 mm)
Step function for light ions                       (0.2, 0.1 mm)
Step function for general ions                     (0.2, 0.1 mm)
Lowest e+e- kinetic energy                         1 keV
Lowest muon/hadron kinetic energy                  1 keV
Use ICRU90 data                                    0
Fluctuations of dE/dx are enabled                  1
Type of fluctuation model for leptons and hadrons  Urban
Use built-in Birks satuaration                     1
Build CSDA range enabled                           0
Use cut as a final range enabled                   0
Enable angular generator interface                 0
Max kinetic energy for CSDA tables                 1 GeV
Max kinetic energy for NIEL computation            0 eV 
Linear loss limit                                  0.01
Read data from file for e+e- pair production by mu 0
=======================================================================
======                 Multiple Scattering Parameters          ========
=======================================================================
Type of msc step limit algorithm for e+-           1
Type of msc step limit algorithm for muons/hadrons 0
Msc lateral displacement for e+- enabled           1
Msc lateral displacement for muons and hadrons     0
Urban msc model lateral displacement alg96         1
Range factor for msc step limit for e+-            0.04
Range factor for msc step limit for muons/hadrons  0.2
Geometry factor for msc step limitation of e+-     2.5
Safety factor for msc step limit for e+-           0.6
Skin parameter for msc step limitation of e+-      1
Lambda limit for msc step limit for e+-            1 mm
Use Mott correction for e- scattering              0
Factor used for dynamic computation of angular 
  limit between single and multiple scattering     1
Fixed angular limit between single 
  and multiple scattering                          3.1416 rad
Upper energy limit for e+- multiple scattering     100 MeV
Type of electron single scattering model           0
Type of nuclear form-factor                        1
Screening factor                                   1
=======================================================================

phot:  for gamma SubType=12 BuildTable=0
      LambdaPrime table from 200 keV to 100 TeV in 61 bins 
      ===== EM models for the G4Region  DefaultRegionForTheWorld ======
 LivermorePhElectric : Emin=    0 eV  Emax=  100 TeV  SauterGavrila Fluo

compt:  for gamma SubType=13 BuildTable=1
      Lambda table from 100 eV  to 1 MeV, 7 bins/decade, spline: 1
      LambdaPrime table from 1 MeV to 100 TeV in 56 bins 
      ===== EM models for the G4Region  DefaultRegionForTheWorld ======
       Klein-Nishina : Emin=    0 eV  Emax=  100 TeV

conv:  for gamma SubType=14 BuildTable=1
      Lambda table from 1.022 MeV to 100 TeV, 18 bins/decade, spline: 1
      ===== EM models for the G4Region  DefaultRegionForTheWorld ======
     BetheHeitlerLPM : Emin=    0 eV  Emax=  100 TeV  ModifiedTsai

Rayl:  for gamma SubType=11 BuildTable=1
      Lambda table from 100 eV  to 150 keV, 7 bins/decade, spline: 0
      LambdaPrime table from 150 keV to 100 TeV in 62 bins 
      ===== EM models for the G4Region  DefaultRegionForTheWorld ======
   LivermoreRayleigh : Emin=    0 eV  Emax=  100 TeV  CullenGenerator

msc:  for e-  SubType= 10
      ===== EM models for the G4Region  DefaultRegionForTheWorld ======
            UrbanMsc : Emin=    0 eV  Emax=  100 MeV Nbins=42 100 eV  - 100 MeV
          StepLim=UseSafety Rfact=0.04 Gfact=2.5 Sfact=0.6 DispFlag:1 Skin=1 Llim=1 mm
        WentzelVIUni : Emin=  100 MeV Emax=  100 TeV Nbins=42 100 MeV - 100 TeV
          StepLim=UseSafety Rfact=0.04 Gfact=2.5 Sfact=0.6 DispFlag:1 Skin=1 Llim=1 mm

eIoni:  for e-  XStype:3  SubType=2
      dE/dx and range tables from 100 eV  to 100 TeV in 84 bins
      Lambda tables from threshold to 100 TeV, 7 bins/decade, spline: 1
      StepFunction=(0.2, 1 mm), integ: 3, fluct: 1, linLossLim= 0.01
      ===== EM models for the G4Region  DefaultRegionForTheWorld ======
        MollerBhabha : Emin=    0 eV  Emax=  100 TeV

eBrem:  for e-  XStype:4  SubType=3
      dE/dx and range tables from 100 eV  to 100 TeV in 84 bins
      Lambda tables from threshold to 100 TeV, 7 bins/decade, spline: 1
      LPM flag: 1 for E > 1 GeV,  VertexHighEnergyTh(GeV)= 100000
      ===== EM models for the G4Region  DefaultRegionForTheWorld ======
             eBremSB : Emin=    0 eV  Emax=    1 GeV  ModifiedTsai
            eBremLPM : Emin=    1 GeV Emax=  100 TeV  ModifiedTsai

CoulombScat:  for e- XStype:1 SubType=1 BuildTable=1
      Lambda table from 100 MeV to 100 TeV, 7 bins/decade, spline: 0
      ThetaMin(p) < Theta(degree) < 180, pLimit(GeV^1)= 0.139531
      ===== EM models for the G4Region  DefaultRegionForTheWorld ======
  eCoulombScattering : Emin=  100 MeV Emax=  100 TeV

msc:  for e+  SubType= 10
      ===== EM models for the G4Region  DefaultRegionForTheWorld ======
            UrbanMsc : Emin=    0 eV  Emax=  100 MeV Nbins=42 100 eV  - 100 MeV
          StepLim=UseSafety Rfact=0.04 Gfact=2.5 Sfact=0.6 DispFlag:1 Skin=1 Llim=1 mm
        WentzelVIUni : Emin=  100 MeV Emax=  100 TeV Nbins=42 100 MeV - 100 TeV
          StepLim=UseSafety Rfact=0.04 Gfact=2.5 Sfact=0.6 DispFlag:1 Skin=1 Llim=1 mm

eIoni:  for e+  XStype:3  SubType=2
      dE/dx and range tables from 100 eV  to 100 TeV in 84 bins
      Lambda tables from threshold to 100 TeV, 7 bins/decade, spline: 1
      StepFunction=(0.2, 1 mm), integ: 3, fluct: 1, linLossLim= 0.01
      ===== EM models for the G4Region  DefaultRegionForTheWorld ======
        MollerBhabha : Emin=    0 eV  Emax=  100 TeV

eBrem:  for e+  XStype:4  SubType=3
      dE/dx and range tables from 100 eV  to 100 TeV in 84 bins
      Lambda tables from threshold to 100 TeV, 7 bins/decade, spline: 1
      LPM flag: 1 for E > 1 GeV,  VertexHighEnergyTh(GeV)= 100000
      ===== EM models for the G4Region  DefaultRegionForTheWorld ======
             eBremSB : Emin=    0 eV  Emax=    1 GeV  ModifiedTsai
            eBremLPM : Emin=    1 GeV Emax=  100 TeV  ModifiedTsai

annihil:  for e+ XStype:2 SubType=5 BuildTable=0
      ===== EM models for the G4Region  DefaultRegionForTheWorld ======
            eplus2gg : Emin=    0 eV  Emax=  100 TeV

CoulombScat:  for e+ XStype:1 SubType=1 BuildTable=1
      Lambda table from 100 MeV to 100 TeV, 7 bins/decade, spline: 0
      ThetaMin(p) < Theta(degree) < 180, pLimit(GeV^1)= 0.139531
      ===== EM models for the G4Region  DefaultRegionForTheWorld ======
  eCoulombScattering : Emin=  100 MeV Emax=  100 TeV

msc:  for proton  SubType= 10
      ===== EM models for the G4Region  DefaultRegionForTheWorld ======
        WentzelVIUni : Emin=    0 eV  Emax=  100 TeV Nbins=84 100 eV  - 100 TeV
          StepLim=Minimal Rfact=0.2 Gfact=2.5 Sfact=0.6 DispFlag:0 Skin=1 Llim=1 mm

hIoni:  for proton  XStype:3  SubType=2
      dE/dx and range tables from 100 eV  to 100 TeV in 84 bins
      Lambda tables from threshold to 100 TeV, 7 bins/decade, spline: 1
      StepFunction=(0.2, 0.1 mm), integ: 3, fluct: 1, linLossLim= 0.01
      ===== EM models for the G4Region  DefaultRegionForTheWorld ======
               Bragg : Emin=    0 eV  Emax=    2 MeV
          BetheBloch : Emin=    2 MeV Emax=  100 TeV

hBrems:  for proton  XStype:1  SubType=3
      dE/dx and range tables from 100 eV  to 100 TeV in 84 bins
      Lambda tables from threshold to 100 TeV, 7 bins/decade, spline: 1
      ===== EM models for the G4Region  DefaultRegionForTheWorld ======
               hBrem : Emin=    0 eV  Emax=  100 TeV  ModifiedMephi

hPairProd:  for proton  XStype:1  SubType=4
      dE/dx and range tables from 100 eV  to 100 TeV in 84 bins
      Lambda tables from threshold to 100 TeV, 7 bins/decade, spline: 1
      Sampling table 17x1001; from 7.50618 GeV to 100 TeV 
      ===== EM models for the G4Region  DefaultRegionForTheWorld ======
           hPairProd : Emin=    0 eV  Emax=  100 TeV  ModifiedMephi

CoulombScat:  for proton XStype:1 SubType=1 BuildTable=1
      Lambda table from threshold  to 100 TeV, 7 bins/decade, spline: 0
      ThetaMin(p) < Theta(degree) < 180, pLimit(GeV^1)= 0.139531
      ===== EM models for the G4Region  DefaultRegionForTheWorld ======
  eCoulombScattering : Emin=    0 eV  Emax=  100 TeV

msc:  for GenericIon  SubType= 10
      ===== EM models for the G4Region  DefaultRegionForTheWorld ======
            UrbanMsc : Emin=    0 eV  Emax=  100 TeV
          StepLim=Minimal Rfact=0.2 Gfact=2.5 Sfact=0.6 DispFlag:0 Skin=1 Llim=1 mm

ionIoni:  for GenericIon  XStype:3  SubType=2
      dE/dx and range tables from 100 eV  to 100 TeV in 84 bins
      Lambda tables from threshold to 100 TeV, 7 bins/decade, spline: 1
      StepFunction=(0.2, 0.1 mm), integ: 3, fluct: 1, linLossLim= 0.02
      ===== EM models for the G4Region  DefaultRegionForTheWorld ======
            BraggIon : Emin=    0 eV  Emax=    2 MeV
          BetheBloch : Emin=    2 MeV Emax=  100 TeV

msc:  for alpha  SubType= 10
      ===== EM models for the G4Region  DefaultRegionForTheWorld ======
            UrbanMsc : Emin=    0 eV  Emax=  100 TeV
          StepLim=Minimal Rfact=0.2 Gfact=2.5 Sfact=0.6 DispFlag:0 Skin=1 Llim=1 mm

ionIoni:  for alpha  XStype:3  SubType=2
      dE/dx and range tables from 100 eV  to 100 TeV in 84 bins
      Lambda tables from threshold to 100 TeV, 7 bins/decade, spline: 1
      StepFunction=(0.2, 0.1 mm), integ: 3, fluct: 1, linLossLim= 0.02
      ===== EM models for the G4Region  DefaultRegionForTheWorld ======
            BraggIon : Emin=    0 eV  Emax=7.9452 MeV
          BetheBloch : Emin=7.9452 MeV Emax=  100 TeV

msc:  for anti_proton  SubType= 10
      ===== EM models for the G4Region  DefaultRegionForTheWorld ======
        WentzelVIUni : Emin=    0 eV  Emax=  100 TeV Nbins=84 100 eV  - 100 TeV
          StepLim=Minimal Rfact=0.2 Gfact=2.5 Sfact=0.6 DispFlag:0 Skin=1 Llim=1 mm

hIoni:  for anti_proton  XStype:3  SubType=2
      dE/dx and range tables from 100 eV  to 100 TeV in 84 bins
      Lambda tables from threshold to 100 TeV, 7 bins/decade, spline: 1
      StepFunction=(0.2, 0.1 mm), integ: 3, fluct: 1, linLossLim= 0.01
      ===== EM models for the G4Region  DefaultRegionForTheWorld ======
            ICRU73QO : Emin=    0 eV  Emax=    2 MeV
          BetheBloch : Emin=    2 MeV Emax=  100 TeV

hBrems:  for anti_proton  XStype:1  SubType=3
      dE/dx and range tables from 100 eV  to 100 TeV in 84 bins
      Lambda tables from threshold to 100 TeV, 7 bins/decade, spline: 1
      ===== EM models for the G4Region  DefaultRegionForTheWorld ======
               hBrem : Emin=    0 eV  Emax=  100 TeV  ModifiedMephi

hPairProd:  for anti_proton  XStype:1  SubType=4
      dE/dx and range tables from 100 eV  to 100 TeV in 84 bins
      Lambda tables from threshold to 100 TeV, 7 bins/decade, spline: 1
      Sampling table 17x1001; from 7.50618 GeV to 100 TeV 
      ===== EM models for the G4Region  DefaultRegionForTheWorld ======
           hPairProd : Emin=    0 eV  Emax=  100 TeV  ModifiedMephi

CoulombScat:  for anti_proton XStype:1 SubType=1 BuildTable=1
      Lambda table from threshold  to 100 TeV, 7 bins/decade, spline: 0
      ThetaMin(p) < Theta(degree) < 180, pLimit(GeV^1)= 0.139531
      ===== EM models for the G4Region  DefaultRegionForTheWorld ======
  eCoulombScattering : Emin=    0 eV  Emax=  100 TeV

msc:  for kaon+  SubType= 10
      ===== EM models for the G4Region  DefaultRegionForTheWorld ======
        WentzelVIUni : Emin=    0 eV  Emax=  100 TeV Nbins=84 100 eV  - 100 TeV
          StepLim=Minimal Rfact=0.2 Gfact=2.5 Sfact=0.6 DispFlag:0 Skin=1 Llim=1 mm

hIoni:  for kaon+  XStype:3  SubType=2
      dE/dx and range tables from 100 eV  to 100 TeV in 84 bins
      Lambda tables from threshold to 100 TeV, 7 bins/decade, spline: 1
      StepFunction=(0.2, 0.1 mm), integ: 3, fluct: 1, linLossLim= 0.01
      ===== EM models for the G4Region  DefaultRegionForTheWorld ======
               Bragg : Emin=    0 eV  Emax=1.05231 MeV
          BetheBloch : Emin=1.05231 MeV Emax=  100 TeV

hBrems:  for kaon+  XStype:1  SubType=3
      dE/dx and range tables from 100 eV  to 100 TeV in 84 bins
      Lambda tables from threshold to 100 TeV, 7 bins/decade, spline: 1
      ===== EM models for the G4Region  DefaultRegionForTheWorld ======
               hBrem : Emin=    0 eV  Emax=  100 TeV  ModifiedMephi

hPairProd:  for kaon+  XStype:1  SubType=4
      dE/dx and range tables from 100 eV  to 100 TeV in 84 bins
      Lambda tables from threshold to 100 TeV, 7 bins/decade, spline: 1
      Sampling table 18x1001; from 3.94942 GeV to 100 TeV 
      ===== EM models for the G4Region  DefaultRegionForTheWorld ======
           hPairProd : Emin=    0 eV  Emax=  100 TeV  ModifiedMephi

CoulombScat:  for kaon+ XStype:1 SubType=1 BuildTable=1
      Lambda table from threshold  to 100 TeV, 7 bins/decade, spline: 0
      ThetaMin(p) < Theta(degree) < 180, pLimit(GeV^1)= 0.139531
      ===== EM models for the G4Region  DefaultRegionForTheWorld ======
  eCoulombScattering : Emin=    0 eV  Emax=  100 TeV

msc:  for kaon-  SubType= 10
      ===== EM models for the G4Region  DefaultRegionForTheWorld ======
        WentzelVIUni : Emin=    0 eV  Emax=  100 TeV Nbins=84 100 eV  - 100 TeV
          StepLim=Minimal Rfact=0.2 Gfact=2.5 Sfact=0.6 DispFlag:0 Skin=1 Llim=1 mm

hIoni:  for kaon-  XStype:3  SubType=2
      dE/dx and range tables from 100 eV  to 100 TeV in 84 bins
      Lambda tables from threshold to 100 TeV, 7 bins/decade, spline: 1
      StepFunction=(0.2, 0.1 mm), integ: 3, fluct: 1, linLossLim= 0.01
      ===== EM models for the G4Region  DefaultRegionForTheWorld ======
            ICRU73QO : Emin=    0 eV  Emax=1.05231 MeV
          BetheBloch : Emin=1.05231 MeV Emax=  100 TeV

hBrems:  for kaon-  XStype:1  SubType=3
      dE/dx and range tables from 100 eV  to 100 TeV in 84 bins
      Lambda tables from threshold to 100 TeV, 7 bins/decade, spline: 1
      ===== EM models for the G4Region  DefaultRegionForTheWorld ======
               hBrem : Emin=    0 eV  Emax=  100 TeV  ModifiedMephi

hPairProd:  for kaon-  XStype:1  SubType=4
      dE/dx and range tables from 100 eV  to 100 TeV in 84 bins
      Lambda tables from threshold to 100 TeV, 7 bins/decade, spline: 1
      Sampling table 18x1001; from 3.94942 GeV to 100 TeV 
      ===== EM models for the G4Region  DefaultRegionForTheWorld ======
           hPairProd : Emin=    0 eV  Emax=  100 TeV  ModifiedMephi

CoulombScat:  for kaon- XStype:1 SubType=1 BuildTable=1
      Used Lambda table of kaon+
      ThetaMin(p) < Theta(degree) < 180, pLimit(GeV^1)= 0.139531
      ===== EM models for the G4Region  DefaultRegionForTheWorld ======
  eCoulombScattering : Emin=    0 eV  Emax=  100 TeV

msc:  for mu+  SubType= 10
      ===== EM models for the G4Region  DefaultRegionForTheWorld ======
        WentzelVIUni : Emin=    0 eV  Emax=  100 TeV Nbins=84 100 eV  - 100 TeV
          StepLim=Minimal Rfact=0.2 Gfact=2.5 Sfact=0.6 DispFlag:0 Skin=1 Llim=1 mm

muIoni:  for mu+  XStype:3  SubType=2
      dE/dx and range tables from 100 eV  to 100 TeV in 84 bins
      Lambda tables from threshold to 100 TeV, 7 bins/decade, spline: 1
      StepFunction=(0.2, 0.1 mm), integ: 3, fluct: 1, linLossLim= 0.01
      ===== EM models for the G4Region  DefaultRegionForTheWorld ======
               Bragg : Emin=    0 eV  Emax=  200 keV
        MuBetheBloch : Emin=  200 keV Emax=  100 TeV

muBrems:  for mu+  XStype:1  SubType=3
      dE/dx and range tables from 100 eV  to 100 TeV in 84 bins
      Lambda tables from threshold to 100 TeV, 7 bins/decade, spline: 1
      ===== EM models for the G4Region  DefaultRegionForTheWorld ======
              MuBrem : Emin=    0 eV  Emax=  100 TeV  ModifiedMephi

muPairProd:  for mu+  XStype:1  SubType=4
      dE/dx and range tables from 100 eV  to 100 TeV in 84 bins
      Lambda tables from threshold to 100 TeV, 7 bins/decade, spline: 1
      Sampling table 21x1001; from 0.85 GeV to 100 TeV 
      ===== EM models for the G4Region  DefaultRegionForTheWorld ======
          muPairProd : Emin=    0 eV  Emax=  100 TeV  ModifiedMephi

CoulombScat:  for mu+ XStype:1 SubType=1 BuildTable=1
      Lambda table from threshold  to 100 TeV, 7 bins/decade, spline: 0
      ThetaMin(p) < Theta(degree) < 180, pLimit(GeV^1)= 0.139531
      ===== EM models for the G4Region  DefaultRegionForTheWorld ======
  eCoulombScattering : Emin=    0 eV  Emax=  100 TeV

msc:  for mu-  SubType= 10
      ===== EM models for the G4Region  DefaultRegionForTheWorld ======
        WentzelVIUni : Emin=    0 eV  Emax=  100 TeV Nbins=84 100 eV  - 100 TeV
          StepLim=Minimal Rfact=0.2 Gfact=2.5 Sfact=0.6 DispFlag:0 Skin=1 Llim=1 mm

muIoni:  for mu-  XStype:3  SubType=2
      dE/dx and range tables from 100 eV  to 100 TeV in 84 bins
      Lambda tables from threshold to 100 TeV, 7 bins/decade, spline: 1
      StepFunction=(0.2, 0.1 mm), integ: 3, fluct: 1, linLossLim= 0.01
      ===== EM models for the G4Region  DefaultRegionForTheWorld ======
            ICRU73QO : Emin=    0 eV  Emax=  200 keV
        MuBetheBloch : Emin=  200 keV Emax=  100 TeV

muBrems:  for mu-  XStype:1  SubType=3
      dE/dx and range tables from 100 eV  to 100 TeV in 84 bins
      Lambda tables from threshold to 100 TeV, 7 bins/decade, spline: 1
      ===== EM models for the G4Region  DefaultRegionForTheWorld ======
              MuBrem : Emin=    0 eV  Emax=  100 TeV  ModifiedMephi

muPairProd:  for mu-  XStype:1  SubType=4
      dE/dx and range tables from 100 eV  to 100 TeV in 84 bins
      Lambda tables from threshold to 100 TeV, 7 bins/decade, spline: 1
      Sampling table 21x1001; from 0.85 GeV to 100 TeV 
      ===== EM models for the G4Region  DefaultRegionForTheWorld ======
          muPairProd : Emin=    0 eV  Emax=  100 TeV  ModifiedMephi

CoulombScat:  for mu- XStype:1 SubType=1 BuildTable=1
      Used Lambda table of mu+
      ThetaMin(p) < Theta(degree) < 180, pLimit(GeV^1)= 0.139531
      ===== EM models for the G4Region  DefaultRegionForTheWorld ======
  eCoulombScattering : Emin=    0 eV  Emax=  100 TeV

msc:  for pi+  SubType= 10
      ===== EM models for the G4Region  DefaultRegionForTheWorld ======
        WentzelVIUni : Emin=    0 eV  Emax=  100 TeV Nbins=84 100 eV  - 100 TeV
          StepLim=Minimal Rfact=0.2 Gfact=2.5 Sfact=0.6 DispFlag:0 Skin=1 Llim=1 mm

hIoni:  for pi+  XStype:3  SubType=2
      dE/dx and range tables from 100 eV  to 100 TeV in 84 bins
      Lambda tables from threshold to 100 TeV, 7 bins/decade, spline: 1
      StepFunction=(0.2, 0.1 mm), integ: 3, fluct: 1, linLossLim= 0.01
      ===== EM models for the G4Region  DefaultRegionForTheWorld ======
               Bragg : Emin=    0 eV  Emax=297.505 keV
          BetheBloch : Emin=297.505 keV Emax=  100 TeV

hBrems:  for pi+  XStype:1  SubType=3
      dE/dx and range tables from 100 eV  to 100 TeV in 84 bins
      Lambda tables from threshold to 100 TeV, 7 bins/decade, spline: 1
      ===== EM models for the G4Region  DefaultRegionForTheWorld ======
               hBrem : Emin=    0 eV  Emax=  100 TeV  ModifiedMephi

hPairProd:  for pi+  XStype:1  SubType=4
      dE/dx and range tables from 100 eV  to 100 TeV in 84 bins
      Lambda tables from threshold to 100 TeV, 7 bins/decade, spline: 1
      Sampling table 20x1001; from 1.11656 GeV to 100 TeV 
      ===== EM models for the G4Region  DefaultRegionForTheWorld ======
           hPairProd : Emin=    0 eV  Emax=  100 TeV  ModifiedMephi

CoulombScat:  for pi+ XStype:1 SubType=1 BuildTable=1
      Lambda table from threshold  to 100 TeV, 7 bins/decade, spline: 0
      ThetaMin(p) < Theta(degree) < 180, pLimit(GeV^1)= 0.139531
      ===== EM models for the G4Region  DefaultRegionForTheWorld ======
  eCoulombScattering : Emin=    0 eV  Emax=  100 TeV

msc:  for pi-  SubType= 10
      ===== EM models for the G4Region  DefaultRegionForTheWorld ======
        WentzelVIUni : Emin=    0 eV  Emax=  100 TeV Nbins=84 100 eV  - 100 TeV
          StepLim=Minimal Rfact=0.2 Gfact=2.5 Sfact=0.6 DispFlag:0 Skin=1 Llim=1 mm

hIoni:  for pi-  XStype:3  SubType=2
      dE/dx and range tables from 100 eV  to 100 TeV in 84 bins
      Lambda tables from threshold to 100 TeV, 7 bins/decade, spline: 1
      StepFunction=(0.2, 0.1 mm), integ: 3, fluct: 1, linLossLim= 0.01
      ===== EM models for the G4Region  DefaultRegionForTheWorld ======
            ICRU73QO : Emin=    0 eV  Emax=297.505 keV
          BetheBloch : Emin=297.505 keV Emax=  100 TeV

hBrems:  for pi-  XStype:1  SubType=3
      dE/dx and range tables from 100 eV  to 100 TeV in 84 bins
      Lambda tables from threshold to 100 TeV, 7 bins/decade, spline: 1
      ===== EM models for the G4Region  DefaultRegionForTheWorld ======
               hBrem : Emin=    0 eV  Emax=  100 TeV  ModifiedMephi

hPairProd:  for pi-  XStype:1  SubType=4
      dE/dx and range tables from 100 eV  to 100 TeV in 84 bins
      Lambda tables from threshold to 100 TeV, 7 bins/decade, spline: 1
      Sampling table 20x1001; from 1.11656 GeV to 100 TeV 
      ===== EM models for the G4Region  DefaultRegionForTheWorld ======
           hPairProd : Emin=    0 eV  Emax=  100 TeV  ModifiedMephi

CoulombScat:  for pi- XStype:1 SubType=1 BuildTable=1
      Used Lambda table of pi+
      ThetaMin(p) < Theta(degree) < 180, pLimit(GeV^1)= 0.139531
      ===== EM models for the G4Region  DefaultRegionForTheWorld ======
  eCoulombScattering : Emin=    0 eV  Emax=  100 TeV

====================================================================
                  HADRONIC PROCESSES SUMMARY (verbose level 1)
-----------------------------------------------------------------------
                           Hadronic Processes for neutron
  Process: hadElastic
        Model:             hElasticCHIPS: 0 eV  ---> 100 TeV
     Cr_sctns:        G4NeutronElasticXS: 0 eV  ---> 100 TeV
  Process: neutronInelastic
        Model:                      QGSP: 12 GeV ---> 100 TeV
        Model:                      FTFP: 3 GeV ---> 25 GeV
        Model:            Binary Cascade: 0 eV  ---> 6 GeV
     Cr_sctns:      G4NeutronInelasticXS: 0 eV  ---> 100 TeV
  Process: nCapture
        Model:               nRadCapture: 0 eV  ---> 100 TeV
     Cr_sctns:        G4NeutronCaptureXS: 0 eV  ---> 100 TeV
  Process: nKiller
-----------------------------------------------------------------------
                           Hadronic Processes for GenericIon
  Process: ionElastic
        Model:          NNDiffuseElastic: 0 eV /n ---> 100 TeV/n
     Cr_sctns:  Glauber-Gribov Nucl-nucl: 0 eV  ---> 25.6 PeV
  Process: ionInelastic
        Model:  Binary Light Ion Cascade: 0 eV /n ---> 6 GeV/n
        Model:                      FTFP: 3 GeV/n ---> 100 TeV/n
     Cr_sctns:  Glauber-Gribov Nucl-nucl: 0 eV  ---> 25.6 PeV
-----------------------------------------------------------------------
                           Hadronic Processes for He3
  Process: hadElastic
        Model:              hElasticLHEP: 0 eV /n ---> 100 TeV/n
     Cr_sctns:  Glauber-Gribov Nucl-nucl: 0 eV  ---> 25.6 PeV
  Process: He3Inelastic
        Model:  Binary Light Ion Cascade: 0 eV /n ---> 6 GeV/n
        Model:                      FTFP: 3 GeV/n ---> 100 TeV/n
     Cr_sctns:  Glauber-Gribov Nucl-nucl: 0 eV  ---> 25.6 PeV
-----------------------------------------------------------------------
                           Hadronic Processes for alpha
  Process: hadElastic
        Model:              hElasticLHEP: 0 eV /n ---> 100 TeV/n
     Cr_sctns:  Glauber-Gribov Nucl-nucl: 0 eV  ---> 25.6 PeV
  Process: alphaInelastic
        Model:  Binary Light Ion Cascade: 0 eV /n ---> 6 GeV/n
        Model:                      FTFP: 3 GeV/n ---> 100 TeV/n
     Cr_sctns:  Glauber-Gribov Nucl-nucl: 0 eV  ---> 25.6 PeV
-----------------------------------------------------------------------
                           Hadronic Processes for anti_He3
  Process: hadElastic
        Model:              hElasticLHEP: 0 eV /n ---> 100.1 MeV/n
        Model:              AntiAElastic: 100 MeV/n ---> 100 TeV/n
     Cr_sctns:              AntiAGlauber: 0 eV  ---> 25.6 PeV
  Process: anti_He3Inelastic
        Model:                      FTFP: 0 eV /n ---> 100 TeV/n
     Cr_sctns:              AntiAGlauber: 0 eV  ---> 25.6 PeV
  Process: hFritiofCaptureAtRest
-----------------------------------------------------------------------
                           Hadronic Processes for anti_alpha
  Process: hadElastic
        Model:              hElasticLHEP: 0 eV /n ---> 100.1 MeV/n
        Model:              AntiAElastic: 100 MeV/n ---> 100 TeV/n
     Cr_sctns:              AntiAGlauber: 0 eV  ---> 25.6 PeV
  Process: anti_alphaInelastic
        Model:                      FTFP: 0 eV /n ---> 100 TeV/n
     Cr_sctns:              AntiAGlauber: 0 eV  ---> 25.6 PeV
  Process: hFritiofCaptureAtRest
-----------------------------------------------------------------------
                           Hadronic Processes for anti_deuteron
  Process: hadElastic
        Model:              hElasticLHEP: 0 eV /n ---> 100.1 MeV/n
        Model:              AntiAElastic: 100 MeV/n ---> 100 TeV/n
     Cr_sctns:              AntiAGlauber: 0 eV  ---> 25.6 PeV
  Process: anti_deuteronInelastic
        Model:                      FTFP: 0 eV /n ---> 100 TeV/n
     Cr_sctns:              AntiAGlauber: 0 eV  ---> 25.6 PeV
  Process: hFritiofCaptureAtRest
-------------------------------------------------------------------------
                           Hadronic Processes for anti_hypertriton
  Process: hFritiofCaptureAtRest
-----------------------------------------------------------------------
                           Hadronic Processes for anti_lambda
  Process: hadElastic
        Model:              hElasticLHEP: 0 eV  ---> 100 TeV
     Cr_sctns:            Glauber-Gribov: 0 eV  ---> 100 TeV
  Process: anti_lambdaInelastic
        Model:                      QGSP: 12 GeV ---> 100 TeV
        Model:                      FTFP: 0 eV  ---> 25 GeV
     Cr_sctns:            Glauber-Gribov: 0 eV  ---> 100 TeV
  Process: hFritiofCaptureAtRest
-----------------------------------------------------------------------
                           Hadronic Processes for anti_neutron
  Process: hadElastic
        Model:              hElasticLHEP: 0 eV  ---> 100.1 MeV
        Model:              AntiAElastic: 100 MeV ---> 100 TeV
     Cr_sctns:              AntiAGlauber: 0 eV  ---> 25.6 PeV
  Process: anti_neutronInelastic
        Model:                      FTFP: 0 eV  ---> 100 TeV
     Cr_sctns:              AntiAGlauber: 0 eV  ---> 25.6 PeV
  Process: hFritiofCaptureAtRest
-----------------------------------------------------------------------
                           Hadronic Processes for anti_proton
  Process: hadElastic
        Model:              hElasticLHEP: 0 eV  ---> 100.1 MeV
        Model:              AntiAElastic: 100 MeV ---> 100 TeV
     Cr_sctns:              AntiAGlauber: 0 eV  ---> 25.6 PeV
  Process: anti_protonInelastic
        Model:                      FTFP: 0 eV  ---> 100 TeV
     Cr_sctns:              AntiAGlauber: 0 eV  ---> 25.6 PeV
  Process: hFritiofCaptureAtRest
-----------------------------------------------------------------------
                           Hadronic Processes for anti_triton
  Process: hadElastic
        Model:              hElasticLHEP: 0 eV /n ---> 100.1 MeV/n
        Model:              AntiAElastic: 100 MeV/n ---> 100 TeV/n
     Cr_sctns:              AntiAGlauber: 0 eV  ---> 25.6 PeV
  Process: anti_tritonInelastic
        Model:                      FTFP: 0 eV /n ---> 100 TeV/n
     Cr_sctns:              AntiAGlauber: 0 eV  ---> 25.6 PeV
  Process: hFritiofCaptureAtRest
-----------------------------------------------------------------------
                           Hadronic Processes for deuteron
  Process: hadElastic
        Model:              hElasticLHEP: 0 eV /n ---> 100 TeV/n
     Cr_sctns:  Glauber-Gribov Nucl-nucl: 0 eV  ---> 25.6 PeV
  Process: dInelastic
        Model:  Binary Light Ion Cascade: 0 eV /n ---> 6 GeV/n
        Model:                      FTFP: 3 GeV/n ---> 100 TeV/n
     Cr_sctns:  Glauber-Gribov Nucl-nucl: 0 eV  ---> 25.6 PeV
-----------------------------------------------------------------------
                           Hadronic Processes for e+
  Process: positronNuclear
        Model:   G4ElectroVDNuclearModel: 0 eV  ---> 1 PeV
     Cr_sctns:          ElectroNuclearXS: 0 eV  ---> 100 TeV
-----------------------------------------------------------------------
                           Hadronic Processes for e-
  Process: electronNuclear
        Model:   G4ElectroVDNuclearModel: 0 eV  ---> 1 PeV
     Cr_sctns:          ElectroNuclearXS: 0 eV  ---> 100 TeV
-----------------------------------------------------------------------
                           Hadronic Processes for gamma
  Process: photonNuclear
        Model:               GammaNPreco: 0 eV  ---> 200 MeV
        Model:            BertiniCascade: 199 MeV ---> 6 GeV
        Model:           TheoFSGenerator: 3 GeV ---> 100 TeV
     Cr_sctns:            GammaNuclearXS: 0 eV  ---> 100 TeV
-----------------------------------------------------------------------
                           Hadronic Processes for kaon+
  Process: hadElastic
        Model:              hElasticLHEP: 0 eV  ---> 100 TeV
     Cr_sctns:            Glauber-Gribov: 0 eV  ---> 100 TeV
  Process: kaon+Inelastic
        Model:                      QGSP: 12 GeV ---> 100 TeV
        Model:                      FTFP: 3 GeV ---> 25 GeV
        Model:            BertiniCascade: 0 eV  ---> 6 GeV
     Cr_sctns:            Glauber-Gribov: 0 eV  ---> 100 TeV
-----------------------------------------------------------------------
                           Hadronic Processes for kaon-
  Process: hadElastic
        Model:              hElasticLHEP: 0 eV  ---> 100 TeV
     Cr_sctns:            Glauber-Gribov: 0 eV  ---> 100 TeV
  Process: kaon-Inelastic
        Model:                      QGSP: 12 GeV ---> 100 TeV
        Model:                      FTFP: 3 GeV ---> 25 GeV
        Model:            BertiniCascade: 0 eV  ---> 6 GeV
     Cr_sctns:            Glauber-Gribov: 0 eV  ---> 100 TeV
  Process: hBertiniCaptureAtRest
-----------------------------------------------------------------------
                           Hadronic Processes for lambda
  Process: hadElastic
        Model:              hElasticLHEP: 0 eV  ---> 100 TeV
     Cr_sctns:            Glauber-Gribov: 0 eV  ---> 100 TeV
  Process: lambdaInelastic
        Model:                      QGSP: 12 GeV ---> 100 TeV
        Model:                      FTFP: 3 GeV ---> 25 GeV
        Model:            BertiniCascade: 0 eV  ---> 6 GeV
     Cr_sctns:            Glauber-Gribov: 0 eV  ---> 100 TeV
-----------------------------------------------------------------------
                           Hadronic Processes for mu+
  Process: muonNuclear
        Model:      G4MuonVDNuclearModel: 0 eV  ---> 1 PeV
     Cr_sctns:     KokoulinMuonNuclearXS: 0 eV  ---> 100 TeV
-----------------------------------------------------------------------
                           Hadronic Processes for mu-
  Process: muonNuclear
        Model:      G4MuonVDNuclearModel: 0 eV  ---> 1 PeV
     Cr_sctns:     KokoulinMuonNuclearXS: 0 eV  ---> 100 TeV
  Process: muMinusCaptureAtRest
-----------------------------------------------------------------------
                           Hadronic Processes for pi+
  Process: hadElastic
        Model:           hElasticGlauber: 0 eV  ---> 100 TeV
     Cr_sctns:  BarashenkovGlauberGribov: 0 eV  ---> 100 TeV
  Process: pi+Inelastic
        Model:                      QGSP: 12 GeV ---> 100 TeV
        Model:                      FTFP: 3 GeV ---> 25 GeV
        Model:            BertiniCascade: 0 eV  ---> 6 GeV
     Cr_sctns:  BarashenkovGlauberGribov: 0 eV  ---> 100 TeV
-----------------------------------------------------------------------
                           Hadronic Processes for pi-
  Process: hadElastic
        Model:           hElasticGlauber: 0 eV  ---> 100 TeV
     Cr_sctns:  BarashenkovGlauberGribov: 0 eV  ---> 100 TeV
  Process: pi-Inelastic
        Model:                      QGSP: 12 GeV ---> 100 TeV
        Model:                      FTFP: 3 GeV ---> 25 GeV
        Model:            BertiniCascade: 0 eV  ---> 6 GeV
     Cr_sctns:  BarashenkovGlauberGribov: 0 eV  ---> 100 TeV
  Process: hBertiniCaptureAtRest
-----------------------------------------------------------------------
                           Hadronic Processes for proton
  Process: hadElastic
        Model:             hElasticCHIPS: 0 eV  ---> 100 TeV
     Cr_sctns:  BarashenkovGlauberGribov: 0 eV  ---> 100 TeV
  Process: protonInelastic
        Model:                      QGSP: 12 GeV ---> 100 TeV
        Model:                      FTFP: 3 GeV ---> 25 GeV
        Model:            Binary Cascade: 0 eV  ---> 6 GeV
     Cr_sctns:  BarashenkovGlauberGribov: 0 eV  ---> 100 TeV
-----------------------------------------------------------------------
                           Hadronic Processes for sigma-
  Process: hadElastic
        Model:              hElasticLHEP: 0 eV  ---> 100 TeV
     Cr_sctns:            Glauber-Gribov: 0 eV  ---> 100 TeV
  Process: sigma-Inelastic
        Model:                      QGSP: 12 GeV ---> 100 TeV
        Model:                      FTFP: 3 GeV ---> 25 GeV
        Model:            BertiniCascade: 0 eV  ---> 6 GeV
     Cr_sctns:            Glauber-Gribov: 0 eV  ---> 100 TeV
  Process: hBertiniCaptureAtRest
-----------------------------------------------------------------------
                           Hadronic Processes for triton
  Process: hadElastic
        Model:              hElasticLHEP: 0 eV /n ---> 100 TeV/n
     Cr_sctns:  Glauber-Gribov Nucl-nucl: 0 eV  ---> 25.6 PeV
  Process: tInelastic
        Model:  Binary Light Ion Cascade: 0 eV /n ---> 6 GeV/n
        Model:                      FTFP: 3 GeV/n ---> 100 TeV/n
     Cr_sctns:  Glauber-Gribov Nucl-nucl: 0 eV  ---> 25.6 PeV
=======================================================================
======       Geant4 Native Pre-compound Model Parameters       ========
=======================================================================
Type of pre-compound inverse x-section              3
Pre-compound model active                           1
Pre-compound excitation low energy                  100 keV
Pre-compound excitation high energy                 30 MeV
Angular generator for pre-compound model            1
Use NeverGoBack option for pre-compound model       0
Use SoftCutOff option for pre-compound model        0
Use CEM transitions for pre-compound model          1
Use GNASH transitions for pre-compound model        0
Use HETC submodel for pre-compound model            0
=======================================================================
======       Nuclear De-excitation Module Parameters           ========
=======================================================================
Type of de-excitation inverse x-section             3
Type of de-excitation factory                       Evaporation+GEM
Number of de-excitation channels                    68
Min excitation energy                               10 eV 
Min energy per nucleon for multifragmentation       200 GeV
Limit excitation energy for Fermi BreakUp           20 MeV
Level density (1/MeV)                               0.075
Use simple level density model                      1
Use discrete excitation energy of the residual      1
Time limit for long lived isomeres                  1 ns 
Isomer production flag                              1
Internal e- conversion flag                         1
Store e- internal conversion data                   0
Correlated gamma emission flag                      0
Max 2J for sampling of angular correlations         10
=======================================================================

=========================================================================
--> G4TaskRunManager::CreateAndStartWorkers() --> Initializing workers...
=========================================================================

SIPM_CONFIG cells=3600 cells_x=60 cells_y=60 active_mm=3x3 recovery_ns=30 dcr_hz=500000 dark_enabled=1 crosstalk=0.03 afterpulse_fast=0.01 window_start_ns=-20 window_end_ns=250 sample_dt_ns=0.5 adc_bits=12 adc_lsb_pe=0.01 baseline_adc=200 overvoltage_V=3 temperature_C=25 trigger_recovery_model=EXPONENTIAL gain_recovery_model=EXPONENTIAL_H1_SHARED
SIPM_CONFIG cells=3600 cells_x=60 cells_y=60 active_mm=3x3 recovery_ns=30 dcr_hz=500000 dark_enabled=1 crosstalk=0.03 afterpulse_fast=0.01 window_start_ns=-20 window_end_ns=250 sample_dt_ns=0.5 adc_bits=12 adc_lsb_pe=0.01 baseline_adc=200 overvoltage_V=3 temperature_C=25 trigger_recovery_model=EXPONENTIAL gain_recovery_model=EXPONENTIAL_H1_SHARED
SIPM_CONFIG cells=3600 cells_x=60 cells_y=60 active_mm=3x3 recovery_ns=30 dcr_hz=500000 dark_enabled=1 crosstalk=0.03 afterpulse_fast=0.01 window_start_ns=-20 window_end_ns=250 sample_dt_ns=0.5 adc_bits=12 adc_lsb_pe=0.01 baseline_adc=200 overvoltage_V=3 temperature_C=25 trigger_recovery_model=EXPONENTIAL gain_recovery_model=EXPONENTIAL_H1_SHARED
SIPM_CONFIG cells=3600 cells_x=60 cells_y=60 active_mm=3x3 recovery_ns=30 dcr_hz=500000 dark_enabled=1 crosstalk=0.03 afterpulse_fast=0.01 window_start_ns=-20 window_end_ns=250 sample_dt_ns=0.5 adc_bits=12 adc_lsb_pe=0.01 baseline_adc=200 overvoltage_V=3 temperature_C=25 trigger_recovery_model=EXPONENTIAL gain_recovery_model=EXPONENTIAL_H1_SHARED
SIPM_CONFIG cells=3600 cells_x=60 cells_y=60 active_mm=3x3 recovery_ns=30 dcr_hz=500000 dark_enabled=1 crosstalk=0.03 afterpulse_fast=0.01 window_start_ns=-20 window_end_ns=250 sample_dt_ns=0.5 adc_bits=12 adc_lsb_pe=0.01 baseline_adc=200 overvoltage_V=3 temperature_C=25 trigger_recovery_model=EXPONENTIAL gain_recovery_model=EXPONENTIAL_H1_SHARED
SIPM_CONFIG cells=3600 cells_x=60 cells_y=60 active_mm=3x3 recovery_ns=30 dcr_hz=500000 dark_enabled=1 crosstalk=0.03 afterpulse_fast=0.01 window_start_ns=-20 window_end_ns=250 sample_dt_ns=0.5 adc_bits=12 adc_lsb_pe=0.01 baseline_adc=200 overvoltage_V=3 temperature_C=25 trigger_recovery_model=EXPONENTIAL gain_recovery_model=EXPONENTIAL_H1_SHARED
SIPM_CONFIG cells=3600 cells_x=60 cells_y=60 active_mm=3x3 recovery_ns=30 dcr_hz=500000 dark_enabled=1 crosstalk=0.03 afterpulse_fast=0.01 window_start_ns=-20 window_end_ns=250 sample_dt_ns=0.5 adc_bits=12 adc_lsb_pe=0.01 baseline_adc=200 overvoltage_V=3 temperature_C=25 trigger_recovery_model=EXPONENTIAL gain_recovery_model=EXPONENTIAL_H1_SHARED
SIPM_CONFIG cells=3600 cells_x=60 cells_y=60 active_mm=3x3 recovery_ns=30 dcr_hz=500000 dark_enabled=1 crosstalk=0.03 afterpulse_fast=0.01 window_start_ns=-20 window_end_ns=250 sample_dt_ns=0.5 adc_bits=12 adc_lsb_pe=0.01 baseline_adc=200 overvoltage_V=3 temperature_C=25 trigger_recovery_model=EXPONENTIAL gain_recovery_model=EXPONENTIAL_H1_SHARED
SIPM_CONFIG cells=3600 cells_x=60 cells_y=60 active_mm=3x3 recovery_ns=30 dcr_hz=500000 dark_enabled=1 crosstalk=0.03 afterpulse_fast=0.01 window_start_ns=-20 window_end_ns=250 sample_dt_ns=0.5 adc_bits=12 adc_lsb_pe=0.01 baseline_adc=200 overvoltage_V=3 temperature_C=25 trigger_recovery_model=EXPONENTIAL gain_recovery_model=EXPONENTIAL_H1_SHARED
SIPM_CONFIG cells=3600 cells_x=60 cells_y=60 active_mm=3x3 recovery_ns=30 dcr_hz=500000 dark_enabled=1 crosstalk=0.03 afterpulse_fast=0.01 window_start_ns=-20 window_end_ns=250 sample_dt_ns=0.5 adc_bits=12 adc_lsb_pe=0.01 baseline_adc=200 overvoltage_V=3 temperature_C=25 trigger_recovery_model=EXPONENTIAL gain_recovery_model=EXPONENTIAL_H1_SHARED
SIPM_CONFIG cells=3600 cells_x=60 cells_y=60 active_mm=3x3 recovery_ns=30 dcr_hz=500000 dark_enabled=1 crosstalk=0.03 afterpulse_fast=0.01 window_start_ns=-20 window_end_ns=250 sample_dt_ns=0.5 adc_bits=12 adc_lsb_pe=0.01 baseline_adc=200 overvoltage_V=3 temperature_C=25 trigger_recovery_model=EXPONENTIAL gain_recovery_model=EXPONENTIAL_H1_SHARED
SIPM_CONFIG cells=3600 cells_x=60 cells_y=60 active_mm=3x3 recovery_ns=30 dcr_hz=500000 dark_enabled=1 crosstalk=0.03 afterpulse_fast=0.01 window_start_ns=-20 window_end_ns=250 sample_dt_ns=0.5 adc_bits=12 adc_lsb_pe=0.01 baseline_adc=200 overvoltage_V=3 temperature_C=25 trigger_recovery_model=EXPONENTIAL gain_recovery_model=EXPONENTIAL_H1_SHARED
SIPM_CONFIG cells=3600 cells_x=60 cells_y=60 active_mm=3x3 recovery_ns=30 dcr_hz=500000 dark_enabled=1 crosstalk=0.03 afterpulse_fast=0.01 window_start_ns=-20 window_end_ns=250 sample_dt_ns=0.5 adc_bits=12 adc_lsb_pe=0.01 baseline_adc=200 overvoltage_V=3 temperature_C=25 trigger_recovery_model=EXPONENTIAL gain_recovery_model=EXPONENTIAL_H1_SHARED
SIPM_CONFIG cells=3600 cells_x=60 cells_y=60 active_mm=3x3 recovery_ns=30 dcr_hz=500000 dark_enabled=1 crosstalk=0.03 afterpulse_fast=0.01 window_start_ns=-20 window_end_ns=250 sample_dt_ns=0.5 adc_bits=12 adc_lsb_pe=0.01 baseline_adc=200 overvoltage_V=3 temperature_C=25 trigger_recovery_model=EXPONENTIAL gain_recovery_model=EXPONENTIAL_H1_SHARED
SIPM_CONFIG cells=3600 cells_x=60 cells_y=60 active_mm=3x3 recovery_ns=30 dcr_hz=500000 dark_enabled=1 crosstalk=0.03 afterpulse_fast=0.01 window_start_ns=-20 window_end_ns=250 sample_dt_ns=0.5 adc_bits=12 adc_lsb_pe=0.01 baseline_adc=200 overvoltage_V=3 temperature_C=25 trigger_recovery_model=EXPONENTIAL gain_recovery_model=EXPONENTIAL_H1_SHARED
SIPM_CONFIG cells=3600 cells_x=60 cells_y=60 active_mm=3x3 recovery_ns=30 dcr_hz=500000 dark_enabled=1 crosstalk=0.03 afterpulse_fast=0.01 window_start_ns=-20 window_end_ns=250 sample_dt_ns=0.5 adc_bits=12 adc_lsb_pe=0.01 baseline_adc=200 overvoltage_V=3 temperature_C=25 trigger_recovery_model=EXPONENTIAL gain_recovery_model=EXPONENTIAL_H1_SHARED
SIPM_CONFIG cells=3600 cells_x=60 cells_y=60 active_mm=3x3 recovery_ns=30 dcr_hz=500000 dark_enabled=1 crosstalk=0.03 afterpulse_fast=0.01 window_start_ns=-20 window_end_ns=250 sample_dt_ns=0.5 adc_bits=12 adc_lsb_pe=0.01 baseline_adc=200 overvoltage_V=3 temperature_C=25 trigger_recovery_model=EXPONENTIAL gain_recovery_model=EXPONENTIAL_H1_SHARED
SIPM_CONFIG cells=3600 cells_x=60 cells_y=60 active_mm=3x3 recovery_ns=30 dcr_hz=500000 dark_enabled=1 crosstalk=0.03 afterpulse_fast=0.01 window_start_ns=-20 window_end_ns=250 sample_dt_ns=0.5 adc_bits=12 adc_lsb_pe=0.01 baseline_adc=200 overvoltage_V=3 temperature_C=25 trigger_recovery_model=EXPONENTIAL gain_recovery_model=EXPONENTIAL_H1_SHARED
SIPM_CONFIG cells=3600 cells_x=60 cells_y=60 active_mm=3x3 recovery_ns=30 dcr_hz=500000 dark_enabled=1 crosstalk=0.03 afterpulse_fast=0.01 window_start_ns=-20 window_end_ns=250 sample_dt_ns=0.5 adc_bits=12 adc_lsb_pe=0.01 baseline_adc=200 overvoltage_V=3 temperature_C=25 trigger_recovery_model=EXPONENTIAL gain_recovery_model=EXPONENTIAL_H1_SHARED
SIPM_CONFIG cells=3600 cells_x=60 cells_y=60 active_mm=3x3 recovery_ns=30 dcr_hz=500000 dark_enabled=1 crosstalk=0.03 afterpulse_fast=0.01 window_start_ns=-20 window_end_ns=250 sample_dt_ns=0.5 adc_bits=12 adc_lsb_pe=0.01 baseline_adc=200 overvoltage_V=3 temperature_C=25 trigger_recovery_model=EXPONENTIAL gain_recovery_model=EXPONENTIAL_H1_SHARED
SIPM_CONFIG cells=3600 cells_x=60 cells_y=60 active_mm=3x3 recovery_ns=30 dcr_hz=500000 dark_enabled=1 crosstalk=0.03 afterpulse_fast=0.01 window_start_ns=-20 window_end_ns=250 sample_dt_ns=0.5 adc_bits=12 adc_lsb_pe=0.01 baseline_adc=200 overvoltage_V=3 temperature_C=25 trigger_recovery_model=EXPONENTIAL gain_recovery_model=EXPONENTIAL_H1_SHARED
SIPM_CONFIG cells=3600 cells_x=60 cells_y=60 active_mm=3x3 recovery_ns=30 dcr_hz=500000 dark_enabled=1 crosstalk=0.03 afterpulse_fast=0.01 window_start_ns=-20 window_end_ns=250 sample_dt_ns=0.5 adc_bits=12 adc_lsb_pe=0.01 baseline_adc=200 overvoltage_V=3 temperature_C=25 trigger_recovery_model=EXPONENTIAL gain_recovery_model=EXPONENTIAL_H1_SHARED
SIPM_CONFIG cells=3600 cells_x=60 cells_y=60 active_mm=3x3 recovery_ns=30 dcr_hz=500000 dark_enabled=1 crosstalk=0.03 afterpulse_fast=0.01 window_start_ns=-20 window_end_ns=250 sample_dt_ns=0.5 adc_bits=12 adc_lsb_pe=0.01 baseline_adc=200 overvoltage_V=3 temperature_C=25 trigger_recovery_model=EXPONENTIAL gain_recovery_model=EXPONENTIAL_H1_SHARED
SIPM_CONFIG cells=3600 cells_x=60 cells_y=60 active_mm=3x3 recovery_ns=30 dcr_hz=500000 dark_enabled=1 crosstalk=0.03 afterpulse_fast=0.01 window_start_ns=-20 window_end_ns=250 sample_dt_ns=0.5 adc_bits=12 adc_lsb_pe=0.01 baseline_adc=200 overvoltage_V=3 temperature_C=25 trigger_recovery_model=EXPONENTIAL gain_recovery_model=EXPONENTIAL_H1_SHARED
SIPM_CONFIG cells=3600 cells_x=60 cells_y=60 active_mm=3x3 recovery_ns=30 dcr_hz=500000 dark_enabled=1 crosstalk=0.03 afterpulse_fast=0.01 window_start_ns=-20 window_end_ns=250 sample_dt_ns=0.5 adc_bits=12 adc_lsb_pe=0.01 baseline_adc=200 overvoltage_V=3 temperature_C=25 trigger_recovery_model=EXPONENTIAL gain_recovery_model=EXPONENTIAL_H1_SHARED
SIPM_CONFIG cells=3600 cells_x=60 cells_y=60 active_mm=3x3 recovery_ns=30 dcr_hz=500000 dark_enabled=1 crosstalk=0.03 afterpulse_fast=0.01 window_start_ns=-20 window_end_ns=250 sample_dt_ns=0.5 adc_bits=12 adc_lsb_pe=0.01 baseline_adc=200 overvoltage_V=3 temperature_C=25 trigger_recovery_model=EXPONENTIAL gain_recovery_model=EXPONENTIAL_H1_SHARED
SIPM_CONFIG cells=3600 cells_x=60 cells_y=60 active_mm=3x3 recovery_ns=30 dcr_hz=500000 dark_enabled=1 crosstalk=0.03 afterpulse_fast=0.01 window_start_ns=-20 window_end_ns=250 sample_dt_ns=0.5 adc_bits=12 adc_lsb_pe=0.01 baseline_adc=200 overvoltage_V=3 temperature_C=25 trigger_recovery_model=EXPONENTIAL gain_recovery_model=EXPONENTIAL_H1_SHARED
SIPM_CONFIG cells=3600 cells_x=60 cells_y=60 active_mm=3x3 recovery_ns=30 dcr_hz=500000 dark_enabled=1 crosstalk=0.03 afterpulse_fast=0.01 window_start_ns=-20 window_end_ns=250 sample_dt_ns=0.5 adc_bits=12 adc_lsb_pe=0.01 baseline_adc=200 overvoltage_V=3 temperature_C=25 trigger_recovery_model=EXPONENTIAL gain_recovery_model=EXPONENTIAL_H1_SHARED
SIPM_CONFIG cells=3600 cells_x=60 cells_y=60 active_mm=3x3 recovery_ns=30 dcr_hz=500000 dark_enabled=1 crosstalk=0.03 afterpulse_fast=0.01 window_start_ns=-20 window_end_ns=250 sample_dt_ns=0.5 adc_bits=12 adc_lsb_pe=0.01 baseline_adc=200 overvoltage_V=3 temperature_C=25 trigger_recovery_model=EXPONENTIAL gain_recovery_model=EXPONENTIAL_H1_SHARED
SIPM_CONFIG cells=3600 cells_x=60 cells_y=60 active_mm=3x3 recovery_ns=30 dcr_hz=500000 dark_enabled=1 crosstalk=0.03 afterpulse_fast=0.01 window_start_ns=-20 window_end_ns=250 sample_dt_ns=0.5 adc_bits=12 adc_lsb_pe=0.01 baseline_adc=200 overvoltage_V=3 temperature_C=25 trigger_recovery_model=EXPONENTIAL gain_recovery_model=EXPONENTIAL_H1_SHARED
SIPM_CONFIG cells=3600 cells_x=60 cells_y=60 active_mm=3x3 recovery_ns=30 dcr_hz=500000 dark_enabled=1 crosstalk=0.03 afterpulse_fast=0.01 window_start_ns=-20 window_end_ns=250 sample_dt_ns=0.5 adc_bits=12 adc_lsb_pe=0.01 baseline_adc=200 overvoltage_V=3 temperature_C=25 trigger_recovery_model=EXPONENTIAL gain_recovery_model=EXPONENTIAL_H1_SHARED
SIPM_CONFIG cells=3600 cells_x=60 cells_y=60 active_mm=3x3 recovery_ns=30 dcr_hz=500000 dark_enabled=1 crosstalk=0.03 afterpulse_fast=0.01 window_start_ns=-20 window_end_ns=250 sample_dt_ns=0.5 adc_bits=12 adc_lsb_pe=0.01 baseline_adc=200 overvoltage_V=3 temperature_C=25 trigger_recovery_model=EXPONENTIAL gain_recovery_model=EXPONENTIAL_H1_SHARED
CCB_NEUTRON_TIMECUT policy_id=pin_qgsp_bic_default_10us time_cut_us=10 status=PINNED_REFERENCE_DEFAULT
RUN_CONFIG particle=pi+ KE_MeV=200 nevents=300 threads_requested=32 threads_effective=32 g4_force_threads=unset seed=42 hit_x_cm=0 hit_y_cm=0 theta_deg=0 phi_deg=0 allow_miss=0 beam_profile_id=AREA_UNIFORM_CONE_SPREAD sample_position=1 hit_x_min_cm=-22 hit_x_max_cm=22 hit_y_min_cm=-2.2 hit_y_max_cm=2.2 sample_angle=1 theta_spread_deg=10 write_photon_ntuple=0 optical_max_time_ns=1000 optical_max_steps=200000 birks_kB=0.126 quenching_model_id=birks_geant4 quenching_model_status=HYPOTHESIS quenching_claims_authorized=false production_cut_mm=0.1 physics_list=QGSP_BIC neutron_timecut_policy_id=pin_qgsp_bic_default_10us neutron_time_cut_us=10 neutron_tracking_time_cut_configured=1 neutron_diagnostics=0 reflectivity_scale=1 attenuation_scale(deprecated)=1 scintillator_absorption_scale=1 y11_bulk_attenuation_scale=1 pde_scale=1 collection_efficiency=1 optical_interface_model=UNKNOWN_EXTERNAL far_end=instrumented wls_time_profile=exponential wls_fluorescence_model=geant4_default_one_secondary wls_fluorescence_yield=0.7 mode=optical optical_dir=/projects/hep/fs10/shared/nnbar/billy/ccb-wt-1623/geant4/single_stave/build/optical strict_optical=1 output=/projects/hep/fs10/shared/nnbar/billy/ccb-wt-1623/geant4/single_stave/guard_1623/g_pi200.root gpu_optical=0 optical_out= dump_gdml= geometry_hash=e323b92195f9a6288944f0738dbadccf9386422f076362ca172fd0b6d119d1e1

-------- WWWW ------- G4Exception-START -------- WWWW -------
*** G4Exception : Run10035
      issued by : G4TaskRunManager::InitializeEventLoop()
Event modulo is reduced to 9 (was 17) to distribute events to all threads.
*** This is just a warning message. ***
-------- WWWW -------- G4Exception-END --------- WWWW -------


-------- WWWW ------- G4Exception-START -------- WWWW -------
*** G4Exception : Run10035
      issued by : G4TaskRunManager::InitializeEventLoop()
Event modulo is reduced to 9 (was 17) to distribute events to all threads.
*** This is just a warning message. ***
-------- WWWW -------- G4Exception-END --------- WWWW -------


=========================================================================================
--> G4TaskRunManager::CreateAndStartWorkers() --> Creating 33 tasks with 9 events/task...
=========================================================================================

SIPM_ARRIVALS event=36 total=551
SIPM_ADC event=36 readout=2777 f1far=1928 f2near=1245 f2far=1534
SIPM_ARRIVALS event=135 total=592
SIPM_ADC event=135 readout=3280 f1far=1462 f2near=2374 f2far=2087
SIPM_ARRIVALS event=216 total=606
SIPM_ADC event=216 readout=3459 f1far=2577 f2near=2477 f2far=1523
SIPM_ARRIVALS event=90 total=588
SIPM_ADC event=90 readout=2676 f1far=2299 f2near=2408 f2far=1889
SIPM_ARRIVALS event=153 total=604
SIPM_ADC event=153 readout=1678 f1far=3199 f2near=1718 f2far=2616
SIPM_ARRIVALS event=72 total=542
SIPM_ADC event=72 readout=1292 f1far=2000 f2near=2770 f2far=2202
SIPM_ARRIVALS event=198 total=603
SIPM_ADC event=198 readout=3468 f1far=1533 f2near=2873 f2far=1664
SIPM_ARRIVALS event=180 total=548
SIPM_ADC event=180 readout=2367 f1far=2979 f2near=1768 f2far=2031
SIPM_ARRIVALS event=252 total=611
SIPM_ADC event=252 readout=3440 f1far=1823 f2near=2291 f2far=1994
SIPM_ARRIVALS event=225 total=640
SIPM_ADC event=225 readout=2306 f1far=2883 f2near=2493 f2far=3292
SIPM_ARRIVALS event=270 total=600
SIPM_ADC event=270 readout=2883 f1far=2158 f2near=2291 f2far=1353
SIPM_ARRIVALS event=99 total=682
SIPM_ADC event=99 readout=2088 f1far=2466 f2near=2133 f2far=3895
SIPM_ARRIVALS event=207 total=586
SIPM_ADC event=207 readout=1601 f1far=1877 f2near=2810 f2far=3475
SIPM_ARRIVALS event=189 total=601
SIPM_ADC event=189 readout=3445 f1far=1655 f2near=2362 f2far=2685
SIPM_ARRIVALS event=63 total=584
SIPM_ADC event=63 readout=2760 f1far=1904 f2near=1961 f2far=1852
SIPM_ARRIVALS event=162 total=691
SIPM_ADC event=162 readout=2186 f1far=1305 f2near=3895 f2far=3019
SIPM_ARRIVALS event=81 total=612
SIPM_ADC event=81 readout=1556 f1far=1778 f2near=1840 f2far=2899
SIPM_ARRIVALS event=144 total=652
SIPM_ADC event=144 readout=2199 f1far=2803 f2near=2844 f2far=2940
SIPM_ARRIVALS event=279 total=696
SIPM_ADC event=279 readout=3059 f1far=1744 f2near=3193 f2far=1961
SIPM_ARRIVALS event=9 total=694
SIPM_ADC event=9 readout=1908 f1far=2858 f2near=1931 f2far=3488
SIPM_ARRIVALS event=171 total=782
SIPM_ADC event=171 readout=2846 f1far=2635 f2near=3895 f2far=2056
SIPM_ARRIVALS event=261 total=710
SIPM_ADC event=261 readout=3484 f1far=1850 f2near=3664 f2far=2509
SIPM_ARRIVALS event=234 total=715
SIPM_ADC event=234 readout=2690 f1far=3083 f2near=3020 f2far=3009
SIPM_ARRIVALS event=45 total=767
SIPM_ADC event=45 readout=3895 f1far=3094 f2near=3001 f2far=1946
SIPM_ARRIVALS event=117 total=789
SIPM_ADC event=117 readout=1871 f1far=3524 f2near=3069 f2far=3895
SIPM_ARRIVALS event=0 total=764
SIPM_ADC event=0 readout=2919 f1far=3478 f2near=2833 f2far=2415
SIPM_ARRIVALS event=243 total=758
SIPM_ADC event=243 readout=2756 f1far=2244 f2near=3569 f2far=2824
SIPM_ARRIVALS event=27 total=882
SIPM_ADC event=27 readout=3895 f1far=3895 f2near=3272 f2far=2861
SIPM_ARRIVALS event=126 total=915
SIPM_ADC event=126 readout=3392 f1far=2934 f2near=3895 f2far=3895
SIPM_ARRIVALS event=54 total=934
SIPM_ADC event=54 readout=2441 f1far=3523 f2near=3109 f2far=3895
SIPM_ARRIVALS event=136 total=624
SIPM_ADC event=136 readout=2352 f1far=2450 f2near=2395 f2far=2251
SIPM_ARRIVALS event=108 total=1147
SIPM_ADC event=108 readout=3895 f1far=3895 f2near=3221 f2far=3895
SIPM_ARRIVALS event=199 total=668
SIPM_ADC event=199 readout=1492 f1far=2904 f2near=1965 f2far=3895
SIPM_ARRIVALS event=37 total=638
SIPM_ADC event=37 readout=1902 f1far=3895 f2near=1376 f2far=3362
SIPM_ARRIVALS event=226 total=543
SIPM_ADC event=226 readout=1661 f1far=2706 f2near=2187 f2far=2156
SIPM_ARRIVALS event=217 total=634
SIPM_ADC event=217 readout=1948 f1far=1631 f2near=3175 f2far=2728
SIPM_ARRIVALS event=208 total=584
SIPM_ADC event=208 readout=2207 f1far=3392 f2near=1823 f2far=2563
SIPM_ARRIVALS event=82 total=678
SIPM_ADC event=82 readout=3276 f1far=1206 f2near=3510 f2far=2308
SIPM_ARRIVALS event=163 total=590
SIPM_ADC event=163 readout=2542 f1far=3079 f2near=1863 f2far=2378
SIPM_ARRIVALS event=73 total=689
SIPM_ADC event=73 readout=2046 f1far=1513 f2near=3895 f2far=2721
SIPM_ARRIVALS event=271 total=604
SIPM_ADC event=271 readout=2289 f1far=2807 f2near=2215 f2far=1931
SIPM_ARRIVALS event=118 total=591
SIPM_ADC event=118 readout=3678 f1far=1846 f2near=2669 f2far=1360
SIPM_ARRIVALS event=145 total=641
SIPM_ADC event=145 readout=1652 f1far=3230 f2near=1839 f2far=3404
SIPM_ARRIVALS event=91 total=741
SIPM_ADC event=91 readout=3422 f1far=2552 f2near=2633 f2far=2175
SIPM_ARRIVALS event=100 total=756
SIPM_ADC event=100 readout=2342 f1far=3301 f2near=2544 f2far=3007
SIPM_ARRIVALS event=253 total=763
SIPM_ADC event=253 readout=2474 f1far=3508 f2near=2477 f2far=2894
SIPM_ARRIVALS event=154 total=788
SIPM_ADC event=154 readout=3852 f1far=3197 f2near=2915 f2far=2205
SIPM_ARRIVALS event=172 total=625
SIPM_ADC event=172 readout=2536 f1far=1871 f2near=2979 f2far=1558
SIPM_ARRIVALS event=235 total=647
SIPM_ADC event=235 readout=2334 f1far=2782 f2near=1751 f2far=3598
SIPM_ARRIVALS event=244 total=518
SIPM_ADC event=244 readout=2085 f1far=1607 f2near=2145 f2far=1962
SIPM_ARRIVALS event=1 total=553
SIPM_ADC event=1 readout=2010 f1far=2046 f2near=2031 f2far=2570
SIPM_ARRIVALS event=181 total=865
SIPM_ADC event=181 readout=3895 f1far=2478 f2near=3636 f2far=3146
SIPM_ARRIVALS event=280 total=750
SIPM_ADC event=280 readout=3110 f1far=2477 f2near=2395 f2far=2831
SIPM_ARRIVALS event=28 total=641
SIPM_ADC event=28 readout=3036 f1far=2464 f2near=2227 f2far=2167
SIPM_ARRIVALS event=46 total=774
SIPM_ADC event=46 readout=2711 f1far=3445 f2near=2658 f2far=3303
SIPM_ARRIVALS event=10 total=782
SIPM_ADC event=10 readout=3102 f1far=3835 f2near=1956 f2far=2581
SIPM_ARRIVALS event=127 total=811
SIPM_ADC event=127 readout=3895 f1far=2218 f2near=3895 f2far=3895
SIPM_ARRIVALS event=55 total=627
SIPM_ADC event=55 readout=1741 f1far=3162 f2near=1541 f2far=3457
SIPM_ARRIVALS event=190 total=999
SIPM_ADC event=190 readout=2975 f1far=3815 f2near=3262 f2far=3895
SIPM_ARRIVALS event=262 total=970
SIPM_ADC event=262 readout=2621 f1far=3895 f2near=2745 f2far=3477
SIPM_ARRIVALS event=109 total=567
SIPM_ADC event=109 readout=2348 f1far=1563 f2near=2604 f2far=2260
SIPM_ARRIVALS event=227 total=589
SIPM_ADC event=227 readout=2911 f1far=2741 f2near=1885 f2far=2182
SIPM_ARRIVALS event=38 total=631
SIPM_ADC event=38 readout=2898 f1far=2005 f2near=2332 f2far=2411
SIPM_ARRIVALS event=200 total=690
SIPM_ADC event=200 readout=3198 f1far=3100 f2near=2111 f2far=2363
SIPM_ARRIVALS event=137 total=690
SIPM_ADC event=137 readout=2587 f1far=2848 f2near=2177 f2far=2998
SIPM_ARRIVALS event=101 total=583
SIPM_ADC event=101 readout=2159 f1far=1738 f2near=2158 f2far=2084
SIPM_ARRIVALS event=119 total=648
SIPM_ADC event=119 readout=1915 f1far=2370 f2near=2832 f2far=3217
SIPM_ARRIVALS event=218 total=764
SIPM_ADC event=218 readout=3895 f1far=2349 f2near=2426 f2far=1584
SIPM_ARRIVALS event=254 total=619
SIPM_ADC event=254 readout=2736 f1far=2835 f2near=2742 f2far=2211
SIPM_ARRIVALS event=146 total=642
SIPM_ADC event=146 readout=2576 f1far=2863 f2near=2103 f2far=1832
SIPM_ARRIVALS event=155 total=629
SIPM_ADC event=155 readout=3000 f1far=1975 f2near=2494 f2far=2607
SIPM_ARRIVALS event=272 total=674
SIPM_ADC event=272 readout=2182 f1far=2986 f2near=1878 f2far=2640
SIPM_ARRIVALS event=83 total=775
SIPM_ADC event=83 readout=2531 f1far=3217 f2near=2636 f2far=3415
SIPM_ARRIVALS event=92 total=619
SIPM_ADC event=92 readout=2181 f1far=1802 f2near=2883 f2far=2837
SIPM_ARRIVALS event=182 total=515
SIPM_ADC event=182 readout=2557 f1far=2313 f2near=2007 f2far=2238
SIPM_ARRIVALS event=236 total=610
SIPM_ADC event=236 readout=2477 f1far=2459 f2near=1714 f2far=2617
SIPM_ARRIVALS event=74 total=779
SIPM_ADC event=74 readout=2013 f1far=3008 f2near=2411 f2far=3799
SIPM_ARRIVALS event=173 total=625
SIPM_ADC event=173 readout=3895 f1far=1991 f2near=2971 f2far=1616
SIPM_ARRIVALS event=164 total=810
SIPM_ADC event=164 readout=3314 f1far=2660 f2near=2720 f2far=2231
SIPM_ARRIVALS event=29 total=643
SIPM_ADC event=29 readout=1629 f1far=2720 f2near=2084 f2far=3895
SIPM_ARRIVALS event=209 total=909
SIPM_ADC event=209 readout=2719 f1far=3857 f2near=3709 f2far=3895
SIPM_ARRIVALS event=11 total=608
SIPM_ADC event=11 readout=2251 f1far=2175 f2near=1933 f2far=2201
SIPM_ARRIVALS event=2 total=680
SIPM_ADC event=2 readout=2520 f1far=3681 f2near=2510 f2far=2494
SIPM_ARRIVALS event=56 total=580
SIPM_ADC event=56 readout=1506 f1far=2088 f2near=1904 f2far=2816
SIPM_ARRIVALS event=281 total=735
SIPM_ADC event=281 readout=2676 f1far=2192 f2near=3601 f2far=2909
SIPM_ARRIVALS event=47 total=617
SIPM_ADC event=47 readout=1965 f1far=2159 f2near=2251 f2far=3334
SIPM_ARRIVALS event=263 total=621
SIPM_ADC event=263 readout=2636 f1far=1878 f2near=3895 f2far=2000
SIPM_ARRIVALS event=128 total=672
SIPM_ADC event=128 readout=3225 f1far=2810 f2near=3192 f2far=1605
SIPM_ARRIVALS event=138 total=535
SIPM_ADC event=138 readout=1734 f1far=1888 f2near=1767 f2far=2420
SIPM_ARRIVALS event=228 total=644
SIPM_ADC event=228 readout=2431 f1far=1708 f2near=2504 f2far=1933
SIPM_ARRIVALS event=102 total=600
SIPM_ADC event=102 readout=919 f1far=2570 f2near=1621 f2far=3895
SIPM_ARRIVALS event=18 total=2608
SIPM_ARRIVALS event=39 total=676
SIPM_ADC event=39 readout=3020 f1far=2060 f2near=2440 f2far=1953
SIPM_ADC event=18 readout=3895 f1far=3895 f2near=3895 f2far=3895
SIPM_ARRIVALS event=219 total=600
SIPM_ADC event=219 readout=2542 f1far=1846 f2near=3097 f2far=2738
SIPM_ARRIVALS event=84 total=612
SIPM_ADC event=84 readout=2990 f1far=2254 f2near=2113 f2far=2581
SIPM_ARRIVALS event=273 total=607
SIPM_ADC event=273 readout=2286 f1far=3164 f2near=1808 f2far=1919
SIPM_ARRIVALS event=156 total=626
SIPM_ADC event=156 readout=2409 f1far=2846 f2near=3060 f2far=2410
SIPM_ARRIVALS event=255 total=682
SIPM_ADC event=255 readout=2381 f1far=2765 f2near=2416 f2far=3463
SIPM_ARRIVALS event=237 total=611
SIPM_ADC event=237 readout=2729 f1far=3350 f2near=1871 f2far=2595
SIPM_ARRIVALS event=201 total=753
SIPM_ADC event=201 readout=2469 f1far=3895 f2near=2446 f2far=2678
SIPM_ARRIVALS event=75 total=634
SIPM_ADC event=75 readout=2399 f1far=2436 f2near=2709 f2far=2055
SIPM_ARRIVALS event=174 total=569
SIPM_ADC event=174 readout=1848 f1far=1696 f2near=2816 f2far=2064
SIPM_ARRIVALS event=57 total=604
SIPM_ADC event=57 readout=2169 f1far=3202 f2near=1932 f2far=2423
SIPM_ARRIVALS event=210 total=663
SIPM_ADC event=210 readout=2947 f1far=1660 f2near=3895 f2far=2110
SIPM_ARRIVALS event=93 total=782
SIPM_ADC event=93 readout=2515 f1far=3895 f2near=1809 f2far=3892
SIPM_ARRIVALS event=165 total=691
SIPM_ADC event=165 readout=2416 f1far=3895 f2near=1344 f2far=2936
SIPM_ARRIVALS event=147 total=773
SIPM_ADC event=147 readout=3259 f1far=3895 f2near=1670 f2far=2337
SIPM_ARRIVALS event=183 total=831
SIPM_ADC event=183 readout=3895 f1far=2289 f2near=3895 f2far=2215
SIPM_ARRIVALS event=110 total=1012
SIPM_ADC event=110 readout=3895 f1far=2357 f2near=3895 f2far=2913
SIPM_ARRIVALS event=282 total=633
SIPM_ADC event=282 readout=1947 f1far=1687 f2near=2601 f2far=1892
SIPM_ARRIVALS event=30 total=692
SIPM_ADC event=30 readout=2400 f1far=1866 f2near=3381 f2far=3686
SIPM_ARRIVALS event=129 total=627
SIPM_ADC event=129 readout=2024 f1far=3381 f2near=2224 f2far=2420
SIPM_ARRIVALS event=264 total=605
SIPM_ADC event=264 readout=3638 f1far=1864 f2near=1866 f2far=1807
SIPM_ARRIVALS event=191 total=1325
SIPM_ADC event=191 readout=3895 f1far=3895 f2near=3895 f2far=3895
SIPM_ARRIVALS event=12 total=765
SIPM_ADC event=12 readout=1627 f1far=2417 f2near=3705 f2far=3895
SIPM_ARRIVALS event=3 total=752
SIPM_ADC event=3 readout=2365 f1far=2548 f2near=2849 f2far=3274
SIPM_ARRIVALS event=139 total=701
SIPM_ADC event=139 readout=2098 f1far=2129 f2near=2728 f2far=3351
SIPM_ARRIVALS event=48 total=864
SIPM_ADC event=48 readout=3895 f1far=3812 f2near=2956 f2far=3743
SIPM_ARRIVALS event=40 total=587
SIPM_ADC event=40 readout=2320 f1far=1968 f2near=3204 f2far=2911
SIPM_ARRIVALS event=85 total=708
SIPM_ADC event=85 readout=2645 f1far=2167 f2near=3895 f2far=2054
SIPM_ARRIVALS event=229 total=744
SIPM_ADC event=229 readout=3167 f1far=1793 f2near=3360 f2far=3058
SIPM_ARRIVALS event=238 total=591
SIPM_ADC event=238 readout=2025 f1far=2485 f2near=1978 f2far=2127
SIPM_ARRIVALS event=19 total=717
SIPM_ADC event=19 readout=1746 f1far=3096 f2near=1201 f2far=3203
SIPM_ARRIVALS event=175 total=578
SIPM_ADC event=175 readout=1214 f1far=1974 f2near=2706 f2far=1779
SIPM_ARRIVALS event=103 total=789
SIPM_ADC event=103 readout=3895 f1far=3154 f2near=3679 f2far=3066
SIPM_ARRIVALS event=256 total=621
SIPM_ADC event=256 readout=1548 f1far=1971 f2near=2415 f2far=3861
SIPM_ARRIVALS event=211 total=600
SIPM_ADC event=211 readout=1685 f1far=2021 f2near=2357 f2far=2658
SIPM_ARRIVALS event=76 total=656
SIPM_ADC event=76 readout=2069 f1far=3238 f2near=2693 f2far=3889
SIPM_ARRIVALS event=202 total=738
SIPM_ADC event=202 readout=3206 f1far=1753 f2near=3895 f2far=2422
SIPM_ARRIVALS event=157 total=741
SIPM_ADC event=157 readout=3098 f1far=2420 f2near=2864 f2far=3545
SIPM_ARRIVALS event=274 total=805
SIPM_ADC event=274 readout=2510 f1far=2694 f2near=3154 f2far=3117
SIPM_ARRIVALS event=31 total=600
SIPM_ADC event=31 readout=1657 f1far=3321 f2near=1923 f2far=3781
SIPM_ARRIVALS event=148 total=601
SIPM_ADC event=148 readout=2214 f1far=2564 f2near=2065 f2far=2043
SIPM_ARRIVALS event=111 total=615
SIPM_ADC event=111 readout=1758 f1far=3602 f2near=1793 f2far=3162
SIPM_ARRIVALS event=58 total=760
SIPM_ADC event=58 readout=1502 f1far=3130 f2near=2071 f2far=3895
SIPM_ARRIVALS event=265 total=601
SIPM_ADC event=265 readout=1752 f1far=3009 f2near=1718 f2far=2417
SIPM_ARRIVALS event=184 total=666
SIPM_ADC event=184 readout=2812 f1far=2823 f2near=2625 f2far=2610
SIPM_ARRIVALS event=192 total=607
SIPM_ADC event=192 readout=2434 f1far=1720 f2near=3046 f2far=2162
SIPM_ARRIVALS event=166 total=763
SIPM_ADC event=166 readout=1966 f1far=3569 f2near=1448 f2far=3171
SIPM_ARRIVALS event=283 total=703
SIPM_ADC event=283 readout=2338 f1far=2062 f2near=3074 f2far=2294
SIPM_ARRIVALS event=130 total=633
SIPM_ADC event=130 readout=2013 f1far=2555 f2near=2062 f2far=2858
SIPM_ARRIVALS event=4 total=574
SIPM_ADC event=4 readout=3088 f1far=1558 f2near=2245 f2far=1344
SIPM_ARRIVALS event=13 total=695
SIPM_ADC event=13 readout=3522 f1far=1783 f2near=3386 f2far=1788
SIPM_ARRIVALS event=64 total=2975
SIPM_ADC event=64 readout=3895 f1far=3895 f2near=3895 f2far=3895
SIPM_ARRIVALS event=86 total=520
SIPM_ADC event=86 readout=1829 f1far=1563 f2near=2553 f2far=1108
SIPM_ARRIVALS event=140 total=721
SIPM_ADC event=140 readout=2134 f1far=3865 f2near=2051 f2far=2892
SIPM_ARRIVALS event=220 total=1229
SIPM_ADC event=220 readout=3895 f1far=2991 f2near=3895 f2far=3753
SIPM_ARRIVALS event=230 total=560
SIPM_ADC event=230 readout=1513 f1far=1962 f2near=2220 f2far=2327
SIPM_ARRIVALS event=49 total=681
SIPM_ADC event=49 readout=2445 f1far=1558 f2near=3895 f2far=2529
SIPM_ARRIVALS event=176 total=629
SIPM_ADC event=176 readout=2366 f1far=2195 f2near=3340 f2far=3081
SIPM_ARRIVALS event=20 total=627
SIPM_ADC event=20 readout=2374 f1far=2538 f2near=2033 f2far=2692
SIPM_ARRIVALS event=104 total=616
SIPM_ADC event=104 readout=2556 f1far=2924 f2near=1701 f2far=2557
SIPM_ARRIVALS event=112 total=566
SIPM_ADC event=112 readout=2221 f1far=1456 f2near=3424 f2far=2083
SIPM_ARRIVALS event=149 total=638
SIPM_ADC event=149 readout=2386 f1far=3030 f2near=2193 f2far=3109
SIPM_ARRIVALS event=158 total=551
SIPM_ADC event=158 readout=2586 f1far=2233 f2near=1842 f2far=1697
SIPM_ARRIVALS event=77 total=684
SIPM_ADC event=77 readout=3180 f1far=3263 f2near=2164 f2far=2851
SIPM_ARRIVALS event=203 total=635
SIPM_ADC event=203 readout=2037 f1far=2609 f2near=1655 f2far=3205
SIPM_ARRIVALS event=257 total=677
SIPM_ADC event=257 readout=3002 f1far=2481 f2near=2105 f2far=3262
SIPM_ARRIVALS event=32 total=576
SIPM_ADC event=32 readout=3104 f1far=1450 f2near=2091 f2far=1754
SIPM_ARRIVALS event=59 total=567
SIPM_ADC event=59 readout=2041 f1far=3263 f2near=1929 f2far=2622
SIPM_ARRIVALS event=193 total=580
SIPM_ADC event=193 readout=1842 f1far=2091 f2near=2134 f2far=2978
SIPM_ARRIVALS event=185 total=659
SIPM_ADC event=185 readout=1691 f1far=2964 f2near=1777 f2far=2278
SIPM_ARRIVALS event=284 total=538
SIPM_ADC event=284 readout=1852 f1far=2222 f2near=1348 f2far=1739
SIPM_ARRIVALS event=41 total=882
SIPM_ADC event=41 readout=3895 f1far=3895 f2near=2496 f2far=2437
SIPM_ARRIVALS event=275 total=748
SIPM_ADC event=275 readout=3583 f1far=2968 f2near=2646 f2far=2715
SIPM_ARRIVALS event=167 total=574
SIPM_ADC event=167 readout=3220 f1far=1788 f2near=2255 f2far=1437
SIPM_ARRIVALS event=266 total=728
SIPM_ADC event=266 readout=2872 f1far=1900 f2near=3895 f2far=2745
SIPM_ARRIVALS event=212 total=824
SIPM_ADC event=212 readout=1978 f1far=3895 f2near=1864 f2far=3895
SIPM_ARRIVALS event=239 total=872
SIPM_ADC event=239 readout=2587 f1far=3705 f2near=2424 f2far=3895
SIPM_ARRIVALS event=131 total=555
SIPM_ADC event=131 readout=1452 f1far=2380 f2near=1474 f2far=2702
SIPM_ARRIVALS event=5 total=667
SIPM_ADC event=5 readout=1528 f1far=1964 f2near=3020 f2far=2337
SIPM_ARRIVALS event=14 total=622
SIPM_ADC event=14 readout=2513 f1far=2758 f2near=2298 f2far=2571
SIPM_ARRIVALS event=65 total=642
SIPM_ADC event=65 readout=2845 f1far=2066 f2near=3895 f2far=2383
SIPM_ARRIVALS event=87 total=596
SIPM_ADC event=87 readout=3465 f1far=2014 f2near=1931 f2far=1400
SIPM_ARRIVALS event=221 total=606
SIPM_ADC event=221 readout=2790 f1far=2158 f2near=2368 f2far=1193
SIPM_ARRIVALS event=50 total=590
SIPM_ADC event=50 readout=2878 f1far=2367 f2near=2304 f2far=1313
SIPM_ARRIVALS event=231 total=716
SIPM_ADC event=231 readout=3004 f1far=2195 f2near=3425 f2far=2849
SIPM_ARRIVALS event=141 total=653
SIPM_ADC event=141 readout=2361 f1far=3024 f2near=3143 f2far=3124
SIPM_ARRIVALS event=105 total=558
SIPM_ADC event=105 readout=2531 f1far=1782 f2near=1977 f2far=2019
SIPM_ARRIVALS event=177 total=625
SIPM_ADC event=177 readout=2419 f1far=1567 f2near=2254 f2far=2328
SIPM_ARRIVALS event=150 total=606
SIPM_ADC event=150 readout=2121 f1far=3041 f2near=1688 f2far=1775
SIPM_ARRIVALS event=113 total=736
SIPM_ADC event=113 readout=2313 f1far=3556 f2near=2748 f2far=3213
SIPM_ARRIVALS event=78 total=614
SIPM_ADC event=78 readout=2120 f1far=2251 f2near=2920 f2far=2937
SIPM_ARRIVALS event=276 total=585
SIPM_ADC event=276 readout=2536 f1far=3157 f2near=2026 f2far=2266
SIPM_ARRIVALS event=186 total=526
SIPM_ADC event=186 readout=2066 f1far=2902 f2near=1375 f2far=1430
SIPM_ARRIVALS event=132 total=577
SIPM_ADC event=132 readout=1671 f1far=3260 f2near=1529 f2far=1852
SIPM_ARRIVALS event=15 total=617
SIPM_ADC event=15 readout=3310 f1far=1501 f2near=3189 f2far=2147
SIPM_ARRIVALS event=168 total=662
SIPM_ADC event=168 readout=1495 f1far=3239 f2near=2211 f2far=3403
SIPM_ARRIVALS event=159 total=851
SIPM_ADC event=159 readout=3017 f1far=3895 f2near=1581 f2far=3335
SIPM_ARRIVALS event=285 total=622
SIPM_ADC event=285 readout=1950 f1far=1875 f2near=3181 f2far=1921
SIPM_ARRIVALS event=213 total=633
SIPM_ADC event=213 readout=2621 f1far=2414 f2near=2953 f2far=2981
SIPM_ARRIVALS event=204 total=708
SIPM_ADC event=204 readout=3129 f1far=1987 f2near=3200 f2far=2598
SIPM_ARRIVALS event=267 total=756
SIPM_ADC event=267 readout=2139 f1far=3220 f2near=2138 f2far=3544
SIPM_ARRIVALS event=42 total=674
SIPM_ADC event=42 readout=1997 f1far=3743 f2near=1955 f2far=2850
SIPM_ARRIVALS event=21 total=900
SIPM_ADC event=21 readout=3650 f1far=2733 f2near=3895 f2far=3349
SIPM_ARRIVALS event=240 total=814
SIPM_ADC event=240 readout=3895 f1far=2581 f2near=3263 f2far=2200
SIPM_ARRIVALS event=6 total=669
SIPM_ADC event=6 readout=1510 f1far=2214 f2near=2750 f2far=3895
SIPM_ARRIVALS event=66 total=748
SIPM_ADC event=66 readout=3378 f1far=2448 f2near=3617 f2far=2397
SIPM_ARRIVALS event=33 total=897
SIPM_ADC event=33 readout=3356 f1far=3411 f2near=3199 f2far=3014
SIPM_ARRIVALS event=88 total=621
SIPM_ADC event=88 readout=3124 f1far=2206 f2near=2399 f2far=1669
SIPM_ARRIVALS event=194 total=976
SIPM_ADC event=194 readout=3347 f1far=3065 f2near=3626 f2far=3895
SIPM_ARRIVALS event=222 total=664
SIPM_ADC event=222 readout=3327 f1far=3895 f2near=1856 f2far=2629
SIPM_ARRIVALS event=142 total=691
SIPM_ADC event=142 readout=3895 f1far=2060 f2near=3442 f2far=1318
SIPM_ARRIVALS event=51 total=767
SIPM_ADC event=51 readout=3895 f1far=2181 f2near=3895 f2far=2639
SIPM_ARRIVALS event=106 total=625
SIPM_ADC event=106 readout=2085 f1far=2918 f2near=1891 f2far=2489
SIPM_ARRIVALS event=232 total=658
SIPM_ADC event=232 readout=1696 f1far=3227 f2near=2459 f2far=3100
SIPM_ARRIVALS event=60 total=1049
SIPM_ADC event=60 readout=3060 f1far=3619 f2near=3895 f2far=3895
SIPM_ARRIVALS event=178 total=613
SIPM_ADC event=178 readout=1826 f1far=2202 f2near=2810 f2far=3566
SIPM_ARRIVALS event=258 total=1284
SIPM_ADC event=258 readout=3895 f1far=3895 f2near=3340 f2far=3609
SIPM_ARRIVALS event=114 total=650
SIPM_ADC event=114 readout=2431 f1far=3616 f2near=2342 f2far=2867
SIPM_ARRIVALS event=151 total=660
SIPM_ADC event=151 readout=1588 f1far=2454 f2near=2334 f2far=3129
SIPM_ARRIVALS event=277 total=610
SIPM_ADC event=277 readout=1702 f1far=2111 f2near=2255 f2far=2771
SIPM_ARRIVALS event=169 total=596
SIPM_ADC event=169 readout=1815 f1far=2739 f2near=1898 f2far=2883
SIPM_ARRIVALS event=16 total=582
SIPM_ADC event=16 readout=1637 f1far=2332 f2near=2190 f2far=2446
SIPM_ARRIVALS event=205 total=698
SIPM_ADC event=205 readout=3895 f1far=1863 f2near=3146 f2far=1968
SIPM_ARRIVALS event=160 total=657
SIPM_ADC event=160 readout=2464 f1far=1997 f2near=2972 f2far=2816
SIPM_ARRIVALS event=214 total=702
SIPM_ADC event=214 readout=1411 f1far=3038 f2near=2460 f2far=3895
SIPM_ARRIVALS event=286 total=651
SIPM_ADC event=286 readout=2376 f1far=2346 f2near=2409 f2far=2587
SIPM_ARRIVALS event=245 total=3897
SIPM_ADC event=245 readout=3895 f1far=3895 f2near=3895 f2far=3895
SIPM_ARRIVALS event=79 total=786
SIPM_ADC event=79 readout=1999 f1far=3134 f2near=3497 f2far=3550
SIPM_ARRIVALS event=7 total=633
SIPM_ADC event=7 readout=2293 f1far=3818 f2near=1591 f2far=2449
SIPM_ARRIVALS event=187 total=911
SIPM_ADC event=187 readout=2187 f1far=3881 f2near=2701 f2far=3895
SIPM_ARRIVALS event=22 total=666
SIPM_ADC event=22 readout=2802 f1far=1263 f2near=2929 f2far=3558
SIPM_ARRIVALS event=241 total=706
SIPM_ADC event=241 readout=3895 f1far=2148 f2near=2528 f2far=1920
SIPM_ARRIVALS event=195 total=573
SIPM_ADC event=195 readout=1788 f1far=2961 f2near=1550 f2far=3230
SIPM_ARRIVALS event=89 total=680
SIPM_ADC event=89 readout=1835 f1far=3070 f2near=2510 f2far=3671
SIPM_ARRIVALS event=67 total=720
SIPM_ADC event=67 readout=2435 f1far=2079 f2near=3433 f2far=2546
SIPM_ARRIVALS event=223 total=553
SIPM_ADC event=223 readout=2614 f1far=2150 f2near=1456 f2far=1755
SIPM_ARRIVALS event=34 total=692
SIPM_ADC event=34 readout=2649 f1far=2018 f2near=2598 f2far=2961
SIPM_ARRIVALS event=43 total=845
SIPM_ADC event=43 readout=1958 f1far=3895 f2near=2176 f2far=3895
SIPM_ARRIVALS event=179 total=573
SIPM_ADC event=179 readout=3189 f1far=2565 f2near=2427 f2far=2072
SIPM_ARRIVALS event=120 total=4043
SIPM_ADC event=120 readout=3895 f1far=3895 f2near=3895 f2far=3895
SIPM_ARRIVALS event=52 total=694
SIPM_ADC event=52 readout=2096 f1far=3895 f2near=2422 f2far=3406
SIPM_ARRIVALS event=61 total=669
SIPM_ADC event=61 readout=1219 f1far=3689 f2near=1750 f2far=3632
SIPM_ARRIVALS event=278 total=508
SIPM_ADC event=278 readout=2482 f1far=2224 f2near=1930 f2far=1690
SIPM_ARRIVALS event=115 total=623
SIPM_ADC event=115 readout=3709 f1far=2132 f2near=2649 f2far=1819
SIPM_ARRIVALS event=170 total=591
SIPM_ADC event=170 readout=2223 f1far=1523 f2near=2741 f2far=2296
SIPM_ARRIVALS event=259 total=679
SIPM_ADC event=259 readout=3583 f1far=1611 f2near=3895 f2far=1893
SIPM_ARRIVALS event=17 total=534
SIPM_ADC event=17 readout=2094 f1far=1597 f2near=2690 f2far=1643
SIPM_ARRIVALS event=107 total=870
SIPM_ADC event=107 readout=3258 f1far=3569 f2near=2356 f2far=3532
SIPM_ARRIVALS event=215 total=656
SIPM_ADC event=215 readout=2517 f1far=3290 f2near=1917 f2far=2074
SIPM_ARRIVALS event=206 total=617
SIPM_ADC event=206 readout=2777 f1far=1981 f2near=3860 f2far=1900
SIPM_ARRIVALS event=8 total=565
SIPM_ADC event=8 readout=1536 f1far=2471 f2near=2407 f2far=2980
SIPM_ARRIVALS event=23 total=602
SIPM_ADC event=23 readout=1890 f1far=3005 f2near=2116 f2far=2685
SIPM_ARRIVALS event=246 total=674
SIPM_ADC event=246 readout=2151 f1far=1650 f2near=3378 f2far=2534
SIPM_ARRIVALS event=233 total=1089
SIPM_ADC event=233 readout=3895 f1far=3895 f2near=2571 f2far=3432
SIPM_ARRIVALS event=80 total=733
SIPM_ADC event=80 readout=3493 f1far=2592 f2near=3320 f2far=2071
SIPM_ARRIVALS event=288 total=634
SIPM_ADC event=288 readout=3062 f1far=1235 f2near=3782 f2far=1661
SIPM_ARRIVALS event=152 total=952
SIPM_ADC event=152 readout=3217 f1far=3053 f2near=3352 f2far=3895
SIPM_ARRIVALS event=242 total=628
SIPM_ADC event=242 readout=2197 f1far=2506 f2near=2666 f2far=2409
SIPM_ARRIVALS event=35 total=679
SIPM_ADC event=35 readout=3695 f1far=2061 f2near=2487 f2far=1902
SIPM_ARRIVALS event=68 total=583
SIPM_ADC event=68 readout=1961 f1far=1411 f2near=2572 f2far=2878
SIPM_ARRIVALS event=196 total=695
SIPM_ADC event=196 readout=3895 f1far=2163 f2near=2144 f2far=1973
SIPM_ARRIVALS event=161 total=922
SIPM_ADC event=161 readout=3889 f1far=3737 f2near=2034 f2far=3895
SIPM_ARRIVALS event=53 total=618
SIPM_ADC event=53 readout=2923 f1far=1443 f2near=3290 f2far=1946
SIPM_ARRIVALS event=62 total=543
SIPM_ADC event=62 readout=1548 f1far=2056 f2near=1928 f2far=3252
SIPM_ARRIVALS event=44 total=707
SIPM_ADC event=44 readout=2991 f1far=3157 f2near=2672 f2far=2139
SIPM_ARRIVALS event=121 total=725
SIPM_ADC event=121 readout=3407 f1far=2516 f2near=3895 f2far=2029
SIPM_ARRIVALS event=260 total=621
SIPM_ADC event=260 readout=2641 f1far=2088 f2near=2387 f2far=2315
SIPM_ARRIVALS event=188 total=1071
SIPM_ADC event=188 readout=3895 f1far=2967 f2near=3895 f2far=3652
SIPM_ARRIVALS event=287 total=1130
SIPM_ADC event=287 readout=3224 f1far=3895 f2near=3895 f2far=3895
SIPM_ARRIVALS event=94 total=3764
SIPM_ADC event=94 readout=3895 f1far=3895 f2near=3895 f2far=3895
SIPM_ARRIVALS event=297 total=753
SIPM_ADC event=297 readout=3532 f1far=3027 f2near=3073 f2far=1432
SIPM_ARRIVALS event=224 total=1039
SIPM_ADC event=224 readout=3362 f1far=3481 f2near=3154 f2far=3895
SIPM_ARRIVALS event=133 total=2090
SIPM_ADC event=133 readout=3895 f1far=3895 f2near=3895 f2far=3895
SIPM_ARRIVALS event=24 total=531
SIPM_ADC event=24 readout=1791 f1far=1842 f2near=2499 f2far=2823
SIPM_ARRIVALS event=247 total=682
SIPM_ADC event=247 readout=1554 f1far=2661 f2near=2050 f2far=2641
SIPM_ARRIVALS event=289 total=626
SIPM_ADC event=289 readout=2437 f1far=1967 f2near=2482 f2far=2964
SIPM_ARRIVALS event=116 total=1075
SIPM_ADC event=116 readout=3895 f1far=1981 f2near=3895 f2far=2631
SIPM_ARRIVALS event=197 total=714
SIPM_ADC event=197 readout=3177 f1far=2240 f2near=3895 f2far=2277
SIPM_ARRIVALS event=122 total=681
SIPM_ADC event=122 readout=3895 f1far=2235 f2near=2541 f2far=1908
SIPM_ARRIVALS event=298 total=618
SIPM_ADC event=298 readout=2049 f1far=3352 f2near=1699 f2far=1799
SIPM_ARRIVALS event=143 total=2086
SIPM_ADC event=143 readout=3895 f1far=3895 f2near=3895 f2far=3895
SIPM_ARRIVALS event=25 total=667
SIPM_ADC event=25 readout=2186 f1far=2297 f2near=2365 f2far=2147
SIPM_ARRIVALS event=134 total=735
SIPM_ADC event=134 readout=2703 f1far=2889 f2near=2592 f2far=2332
SIPM_ARRIVALS event=248 total=596
SIPM_ADC event=248 readout=1291 f1far=2676 f2near=1985 f2far=3895
SIPM_ARRIVALS event=95 total=906
SIPM_ADC event=95 readout=3848 f1far=2652 f2near=3895 f2far=3895
SIPM_ARRIVALS event=290 total=794
SIPM_ADC event=290 readout=3179 f1far=2104 f2near=3895 f2far=2768
SIPM_ARRIVALS event=299 total=603
SIPM_ADC event=299 readout=2420 f1far=1632 f2near=3895 f2far=2559
SIPM_ARRIVALS event=123 total=577
SIPM_ADC event=123 readout=2251 f1far=2012 f2near=2519 f2far=3010
SIPM_ARRIVALS event=26 total=585
SIPM_ADC event=26 readout=3709 f1far=1847 f2near=2703 f2far=1129
SIPM_ARRIVALS event=96 total=596
SIPM_ADC event=96 readout=2827 f1far=1897 f2near=2994 f2far=2338
SIPM_ARRIVALS event=291 total=647
SIPM_ADC event=291 readout=2601 f1far=1612 f2near=3058 f2far=1856
SIPM_ARRIVALS event=249 total=717
SIPM_ADC event=249 readout=2541 f1far=2486 f2near=2438 f2far=2810
SIPM_ARRIVALS event=268 total=3784
SIPM_ADC event=268 readout=3895 f1far=3895 f2near=3895 f2far=3895
SIPM_ARRIVALS event=124 total=705
SIPM_ADC event=124 readout=1860 f1far=2423 f2near=2592 f2far=3429
SIPM_ARRIVALS event=97 total=635
SIPM_ADC event=97 readout=3048 f1far=2093 f2near=2545 f2far=1730
SIPM_ARRIVALS event=292 total=751
SIPM_ADC event=292 readout=2202 f1far=3283 f2near=2788 f2far=3497
SIPM_ARRIVALS event=250 total=714
SIPM_ADC event=250 readout=1891 f1far=3552 f2near=2179 f2far=3614
SIPM_ARRIVALS event=269 total=609
SIPM_ADC event=269 readout=3102 f1far=1992 f2near=1565 f2far=3126
SIPM_ARRIVALS event=125 total=656
SIPM_ADC event=125 readout=2665 f1far=1562 f2near=3878 f2far=2301
SIPM_ARRIVALS event=98 total=891
SIPM_ADC event=98 readout=2449 f1far=3895 f2near=2448 f2far=3895
SIPM_ARRIVALS event=251 total=637
SIPM_ADC event=251 readout=2472 f1far=3098 f2near=2122 f2far=1902
SIPM_ARRIVALS event=293 total=850
SIPM_ADC event=293 readout=3516 f1far=2681 f2near=3127 f2far=3574
SIPM_ARRIVALS event=294 total=874
SIPM_ADC event=294 readout=3377 f1far=2579 f2near=3816 f2far=3454
SIPM_ARRIVALS event=69 total=8135
SIPM_ADC event=69 readout=3895 f1far=3895 f2near=3895 f2far=3895
SIPM_ARRIVALS event=295 total=3372
SIPM_ADC event=295 readout=3895 f1far=3895 f2near=3895 f2far=3895
SIPM_ARRIVALS event=70 total=742
SIPM_ADC event=70 readout=2054 f1far=3213 f2near=1711 f2far=3895
SIPM_ARRIVALS event=296 total=551
SIPM_ADC event=296 readout=2498 f1far=2377 f2near=1668 f2far=2353
SIPM_ARRIVALS event=71 total=580
SIPM_ADC event=71 readout=2167 f1far=1980 f2near=2979 f2far=1628
RUN_DONE events=300 output=/projects/hep/fs10/shared/nnbar/billy/ccb-wt-1623/geant4/single_stave/guard_1623/g_pi200.root
     Cr_sctns:  Glauber-Gribov Nucl-nucl: 0 eV  ---> 25.6 PeV
     Cr_sctns:  Glauber-Gribov Nucl-nucl: 0 eV  ---> 25.6 PeV
     Cr_sctns:  Glauber-Gribov Nucl-nucl: 0 eV  ---> 25.6 PeV
     Cr_sctns:  Glauber-Gribov Nucl-nucl: 0 eV  ---> 25.6 PeV
     Cr_sctns:  Glauber-Gribov Nucl-nucl: 0 eV  ---> 25.6 PeV
     Cr_sctns:  Glauber-Gribov Nucl-nucl: 0 eV  ---> 25.6 PeV
     Cr_sctns:  Glauber-Gribov Nucl-nucl: 0 eV  ---> 25.6 PeV
     Cr_sctns:  Glauber-Gribov Nucl-nucl: 0 eV  ---> 25.6 PeV
     Cr_sctns:  Glauber-Gribov Nucl-nucl: 0 eV  ---> 25.6 PeV
     Cr_sctns:  Glauber-Gribov Nucl-nucl: 0 eV  ---> 25.6 PeV
     Cr_sctns:  Glauber-Gribov Nucl-nucl: 0 eV  ---> 25.6 PeV
     Cr_sctns:  Glauber-Gribov Nucl-nucl: 0 eV  ---> 25.6 PeV
     Cr_sctns:  Glauber-Gribov Nucl-nucl: 0 eV  ---> 25.6 PeV
     Cr_sctns:  Glauber-Gribov Nucl-nucl: 0 eV  ---> 25.6 PeV
     Cr_sctns:  Glauber-Gribov Nucl-nucl: 0 eV  ---> 25.6 PeV
     Cr_sctns:  Glauber-Gribov Nucl-nucl: 0 eV  ---> 25.6 PeV
     Cr_sctns:  Glauber-Gribov Nucl-nucl: 0 eV  ---> 25.6 PeV
     Cr_sctns:  Glauber-Gribov Nucl-nucl: 0 eV  ---> 25.6 PeV
     Cr_sctns:  Glauber-Gribov Nucl-nucl: 0 eV  ---> 25.6 PeV
     Cr_sctns:  Glauber-Gribov Nucl-nucl: 0 eV  ---> 25.6 PeV
     Cr_sctns:  Glauber-Gribov Nucl-nucl: 0 eV  ---> 25.6 PeV
     Cr_sctns:  Glauber-Gribov Nucl-nucl: 0 eV  ---> 25.6 PeV
     Cr_sctns:  Glauber-Gribov Nucl-nucl: 0 eV  ---> 25.6 PeV
     Cr_sctns:  Glauber-Gribov Nucl-nucl: 0 eV  ---> 25.6 PeV
     Cr_sctns:  Glauber-Gribov Nucl-nucl: 0 eV  ---> 25.6 PeV
     Cr_sctns:  Glauber-Gribov Nucl-nucl: 0 eV  ---> 25.6 PeV
     Cr_sctns:  Glauber-Gribov Nucl-nucl: 0 eV  ---> 25.6 PeV
     Cr_sctns:  Glauber-Gribov Nucl-nucl: 0 eV  ---> 25.6 PeV
     Cr_sctns:  Glauber-Gribov Nucl-nucl: 0 eV  ---> 25.6 PeV
     Cr_sctns:  Glauber-Gribov Nucl-nucl: 0 eV  ---> 25.6 PeV
     Cr_sctns:  Glauber-Gribov Nucl-nucl: 0 eV  ---> 25.6 PeV
     Cr_sctns:  Glauber-Gribov Nucl-nucl: 0 eV  ---> 25.6 PeV
CCB_STAVE_END
