CMake Deprecation Warning at /sw/easybuild_milan/software/Geant4/11.2.2-GCC-12.3.0/lib64/cmake/Geant4/PTL/PTLConfig.cmake:30 (cmake_minimum_required):
  Compatibility with CMake < 3.10 will be removed from a future version of
  CMake.

  Update the VERSION argument <min> value.  Or, use the <min>...<max> syntax
  to tell CMake that the project requires at least <min> but has been updated
  to work with policies introduced by <max> or earlier.
Call Stack (most recent call first):
  /usr/share/cmake/Modules/CMakeFindDependencyMacro.cmake:76 (find_package)
  /sw/easybuild_milan/software/Geant4/11.2.2-GCC-12.3.0/lib64/cmake/Geant4/Geant4Config.cmake:286 (find_dependency)
  CMakeLists.txt:19 (find_package)


/projects/hep/fs10/shared/nnbar/billy/ccb-wt-1623/geant4/single_stave/src/AppConfig.cc: In member function ‘bool AppConfig::ParseArgs(int, char**)’:
/projects/hep/fs10/shared/nnbar/billy/ccb-wt-1623/geant4/single_stave/src/AppConfig.cc:231:7: warning: this ‘if’ clause does not guard... [-Wmisleading-indentation]
  231 |       if(!(v=need(i)))return false; double t;
      |       ^~
/projects/hep/fs10/shared/nnbar/billy/ccb-wt-1623/geant4/single_stave/src/AppConfig.cc:231:37: note: ...this statement, but the latter is misleadingly indented as if it were guarded by the ‘if’
  231 |       if(!(v=need(i)))return false; double t;
      |                                     ^~~~~~
/projects/hep/fs10/shared/nnbar/billy/ccb-wt-1623/geant4/single_stave/src/AppConfig.cc:237:7: warning: this ‘if’ clause does not guard... [-Wmisleading-indentation]
  237 |       if(!(v=need(i)))return false; double t;
      |       ^~
/projects/hep/fs10/shared/nnbar/billy/ccb-wt-1623/geant4/single_stave/src/AppConfig.cc:237:37: note: ...this statement, but the latter is misleadingly indented as if it were guarded by the ‘if’
  237 |       if(!(v=need(i)))return false; double t;
      |                                     ^~~~~~
/projects/hep/fs10/shared/nnbar/billy/ccb-wt-1623/geant4/single_stave/src/AppConfig.cc:242:7: warning: this ‘if’ clause does not guard... [-Wmisleading-indentation]
  242 |       if(!(v=need(i)))return false; double t;
      |       ^~
/projects/hep/fs10/shared/nnbar/billy/ccb-wt-1623/geant4/single_stave/src/AppConfig.cc:242:37: note: ...this statement, but the latter is misleadingly indented as if it were guarded by the ‘if’
  242 |       if(!(v=need(i)))return false; double t;
      |                                     ^~~~~~
/projects/hep/fs10/shared/nnbar/billy/ccb-wt-1623/geant4/single_stave/src/AppConfig.cc:247:7: warning: this ‘if’ clause does not guard... [-Wmisleading-indentation]
  247 |       if(!(v=need(i)))return false; int t;
      |       ^~
/projects/hep/fs10/shared/nnbar/billy/ccb-wt-1623/geant4/single_stave/src/AppConfig.cc:247:37: note: ...this statement, but the latter is misleadingly indented as if it were guarded by the ‘if’
  247 |       if(!(v=need(i)))return false; int t;
      |                                     ^~~
