CMake Deprecation Warning at /sw/easybuild_milan/software/Geant4/11.2.2-GCC-12.3.0/lib64/cmake/Geant4/PTL/PTLConfig.cmake:30 (cmake_minimum_required):
  Compatibility with CMake < 3.10 will be removed from a future version of
  CMake.

  Update the VERSION argument <min> value.  Or, use the <min>...<max> syntax
  to tell CMake that the project requires at least <min> but has been updated
  to work with policies introduced by <max> or earlier.
Call Stack (most recent call first):
  /usr/share/cmake/Modules/CMakeFindDependencyMacro.cmake:76 (find_package)
  /sw/easybuild_milan/software/Geant4/11.2.2-GCC-12.3.0/lib64/cmake/Geant4/Geant4Config.cmake:286 (find_dependency)
  CMakeLists.txt:19 (find_package)


/projects/hep/fs10/shared/nnbar/billy/ccb-wt-1623/geant4/single_stave/src/AppConfig.cc: In member function ‘bool AppConfig::ParseArgs(int, char**)’:
/projects/hep/fs10/shared/nnbar/billy/ccb-wt-1623/geant4/single_stave/src/AppConfig.cc:229:7: warning: this ‘if’ clause does not guard... [-Wmisleading-indentation]
  229 |       if(!(v=need(i)))return false; double t;
      |       ^~
/projects/hep/fs10/shared/nnbar/billy/ccb-wt-1623/geant4/single_stave/src/AppConfig.cc:229:37: note: ...this statement, but the latter is misleadingly indented as if it were guarded by the ‘if’
  229 |       if(!(v=need(i)))return false; double t;
      |                                     ^~~~~~
/projects/hep/fs10/shared/nnbar/billy/ccb-wt-1623/geant4/single_stave/src/AppConfig.cc:235:7: warning: this ‘if’ clause does not guard... [-Wmisleading-indentation]
  235 |       if(!(v=need(i)))return false; double t;
      |       ^~
/projects/hep/fs10/shared/nnbar/billy/ccb-wt-1623/geant4/single_stave/src/AppConfig.cc:235:37: note: ...this statement, but the latter is misleadingly indented as if it were guarded by the ‘if’
  235 |       if(!(v=need(i)))return false; double t;
      |                                     ^~~~~~
/projects/hep/fs10/shared/nnbar/billy/ccb-wt-1623/geant4/single_stave/src/AppConfig.cc:240:7: warning: this ‘if’ clause does not guard... [-Wmisleading-indentation]
  240 |       if(!(v=need(i)))return false; int t;
      |       ^~
/projects/hep/fs10/shared/nnbar/billy/ccb-wt-1623/geant4/single_stave/src/AppConfig.cc:240:37: note: ...this statement, but the latter is misleadingly indented as if it were guarded by the ‘if’
  240 |       if(!(v=need(i)))return false; int t;
      |                                     ^~~
In file included from /projects/hep/fs10/shared/nnbar/billy/ccb-wt-1623/geant4/single_stave/include/EventAction.hh:10,
                 from /projects/hep/fs10/shared/nnbar/billy/ccb-wt-1623/geant4/single_stave/src/ActionInitialization.cc:4:
/projects/hep/fs10/shared/nnbar/billy/ccb-wt-1623/geant4/single_stave/include/SimData.hh:67:5: error: ‘n_optical_killed_time’ does not name a type
   67 |     n_optical_killed_time = n_optical_killed_steps = 0;       // 1 if that KE fell below kStopKeMeV
      |     ^~~~~~~~~~~~~~~~~~~~~
In file included from /projects/hep/fs10/shared/nnbar/billy/ccb-wt-1623/geant4/single_stave/include/EventAction.hh:10,
                 from /projects/hep/fs10/shared/nnbar/billy/ccb-wt-1623/geant4/single_stave/src/EventAction.cc:1:
/projects/hep/fs10/shared/nnbar/billy/ccb-wt-1623/geant4/single_stave/include/SimData.hh:67:5: error: ‘n_optical_killed_time’ does not name a type
   67 |     n_optical_killed_time = n_optical_killed_steps = 0;       // 1 if that KE fell below kStopKeMeV
      |     ^~~~~~~~~~~~~~~~~~~~~
In file included from /projects/hep/fs10/shared/nnbar/billy/ccb-wt-1623/geant4/single_stave/src/RunAction.cc:2:
/projects/hep/fs10/shared/nnbar/billy/ccb-wt-1623/geant4/single_stave/include/SimData.hh:67:5: error: ‘n_optical_killed_time’ does not name a type
   67 |     n_optical_killed_time = n_optical_killed_steps = 0;       // 1 if that KE fell below kStopKeMeV
      |     ^~~~~~~~~~~~~~~~~~~~~
gmake[2]: *** [CMakeFiles/ccb_stave_sim.dir/build.make:79: CMakeFiles/ccb_stave_sim.dir/src/ActionInitialization.cc.o] Error 1
gmake[2]: *** Waiting for unfinished jobs....
In file included from /projects/hep/fs10/shared/nnbar/billy/ccb-wt-1623/geant4/single_stave/include/EventAction.hh:10,
                 from /projects/hep/fs10/shared/nnbar/billy/ccb-wt-1623/geant4/single_stave/src/TrackingAction.cc:2:
/projects/hep/fs10/shared/nnbar/billy/ccb-wt-1623/geant4/single_stave/include/SimData.hh:67:5: error: ‘n_optical_killed_time’ does not name a type
   67 |     n_optical_killed_time = n_optical_killed_steps = 0;       // 1 if that KE fell below kStopKeMeV
      |     ^~~~~~~~~~~~~~~~~~~~~
gmake[2]: *** [CMakeFiles/ccb_stave_sim.dir/build.make:149: CMakeFiles/ccb_stave_sim.dir/src/EventAction.cc.o] Error 1
In file included from /projects/hep/fs10/shared/nnbar/billy/ccb-wt-1623/geant4/single_stave/include/EventAction.hh:10,
                 from /projects/hep/fs10/shared/nnbar/billy/ccb-wt-1623/geant4/single_stave/src/SteppingAction.cc:2:
/projects/hep/fs10/shared/nnbar/billy/ccb-wt-1623/geant4/single_stave/include/SimData.hh:67:5: error: ‘n_optical_killed_time’ does not name a type
   67 |     n_optical_killed_time = n_optical_killed_steps = 0;       // 1 if that KE fell below kStopKeMeV
      |     ^~~~~~~~~~~~~~~~~~~~~
gmake[2]: *** [CMakeFiles/ccb_stave_sim.dir/build.make:317: CMakeFiles/ccb_stave_sim.dir/src/TrackingAction.cc.o] Error 1
gmake[2]: *** [CMakeFiles/ccb_stave_sim.dir/build.make:233: CMakeFiles/ccb_stave_sim.dir/src/RunAction.cc.o] Error 1
gmake[2]: *** [CMakeFiles/ccb_stave_sim.dir/build.make:303: CMakeFiles/ccb_stave_sim.dir/src/SteppingAction.cc.o] Error 1
gmake[1]: *** [CMakeFiles/Makefile2:160: CMakeFiles/ccb_stave_sim.dir/all] Error 2
gmake: *** [Makefile:101: all] Error 2
