11.2.2
-- CCB Opticks GPU bridge: build out-of-tree via opticks/build_bridge.sh
-- Configuring done (0.8s)
-- Generating done (0.3s)
-- Build files have been written to: /projects/hep/fs10/shared/nnbar/billy/ccb-wt-1623/geant4/single_stave/build
[ 11%] Built target ccb_sipm_core
[ 25%] Built target ccb_sipm_kernel_history_tests
[ 32%] Built target ccb_sipm_dark_history_tests
[ 32%] Built target ccb_sipm_toy
[ 51%] Built target ccb_sipm_measured_impulse_tests
[ 53%] Built target ccb_sipm_impulse_provenance_state_tests
[ 53%] Built target ccb_sipm_impulse_runtime_binding_tests
[ 53%] Built target ccb_sipm_impulse_digest_tests
[ 53%] Built target ccb_sipm_tests
[ 53%] Built target ccb_sipm_geant4
[ 55%] Building CXX object CMakeFiles/ccb_stave_sim.dir/src/ActionInitialization.cc.o
[ 58%] Building CXX object CMakeFiles/ccb_stave_sim.dir/src/EventAction.cc.o
[ 65%] Building CXX object CMakeFiles/ccb_stave_sim.dir/src/TrackingAction.cc.o
[ 65%] Building CXX object CMakeFiles/ccb_stave_sim.dir/src/SteppingAction.cc.o
[ 65%] Building CXX object CMakeFiles/ccb_stave_sim.dir/src/RunAction.cc.o
[ 67%] Linking CXX executable ccb_stave_sim
[100%] Built target ccb_stave_sim
BUILD_OK /projects/hep/fs10/shared/nnbar/billy/ccb-wt-1623/geant4/single_stave/build/ccb_stave_sim
-rwxr-xr-x 1 scyiu hep 563848 Sep 10 09:53 /projects/hep/fs10/shared/nnbar/billy/ccb-wt-1623/geant4/single_stave/build/ccb_stave_sim
