===== 1. pristine baseline build =====
BASELINE_BUILD_OK
===== 2. default-path equivalence (no #1623 flags, same seed) =====
  base exit=0
  new exit=0
===== 3. envelope preflight rejects an out-of-stave window =====
  exit=4 (expect 4)
CCB_BEAM_ENVELOPE_PREFLIGHT profile=AREA_UNIFORM_NORMAL corners_checked=4 corners_missing=4 min_path_cm=0 reason=hit_x/hit_y outside stave face
fatal: sampled phase-space envelope leaves the stave (#1623/#999): 4/4 corner probes miss (hit_x/hit_y outside stave face)
===== 4. thread independence of the sampled phase space =====
  threads=1 exit=0
  threads=16 exit=0
===== 5. new species smoke =====
  mu- exit=0
  mu+ exit=0
  pi+ exit=0
  pi- exit=0
===== 6. python cross-checks =====
[equivalence] baseline columns=37 new columns=49
[equivalence] added   = ['dir_ux', 'dir_uy', 'dir_uz', 'gen_x_cm', 'gen_y_cm', 'n_optical_killed_steps', 'n_optical_killed_time', 'primary_exit_x_cm', 'primary_exit_y_cm', 'primary_exit_z_cm', 'primary_ke_end_MeV', 'primary_stopped']
[equivalence] removed = []
[equivalence] rows baseline=60 new=60
[equivalence] shared columns compared=37 differing=0
[threads] rows 1T=120 16T=120
[threads] gen_x_cm: identical event-by-event
[threads] gen_y_cm: identical event-by-event
[threads] dir_ux: identical event-by-event
[threads] dir_uy: identical event-by-event
[threads] dir_uz: identical event-by-event
[spread] gen_x [ -21.86,  21.55] cm (window -22..22)
[spread] gen_y [  -2.20,   2.13] cm (window -2.2..2.2)
[spread] theta [   0.25,   9.93] deg (cone half-angle 10)
[species] mu-  rows= 100 pdg=[13] Edep= 4.026 MeV Evis= 3.924 MeV Nscint=   39256 Npe=   49.2 stopped=0/100
[species] mu+  rows= 100 pdg=[-13] Edep= 4.073 MeV Evis= 3.971 MeV Nscint=   39725 Npe=   50.6 stopped=0/100
[species] pi+  rows= 100 pdg=[211] Edep= 6.039 MeV Evis= 5.134 MeV Nscint=   51343 Npe=   64.8 stopped=3/100
[species] pi-  rows= 100 pdg=[-211] Edep= 4.163 MeV Evis= 4.014 MeV Nscint=   40150 Npe=   49.3 stopped=0/100

VERIFY_CHECKS_PASS
===== 7. ctest: baseline vs modified (attribution) =====
  baseline ctest exit=8
  modified ctest exit=8
  baseline failures: 12
    ccb_stave_birks_visible_regression
    ccb_stave_far_end_modes
    ccb_stave_gdml_export
    ccb_stave_geometry_report_python
    ccb_stave_geometry_smoke
    ccb_stave_gpu_optical_capture
    ccb_stave_production_cut_regression
    ccb_stave_proton_smoke
    ccb_stave_sipm_adc
    ccb_stave_sipm_arrivals
    ccb_stave_sipm_env_fail_closed
    ccb_stave_wls_profile
  modified failures: 12
    ccb_stave_birks_visible_regression
    ccb_stave_far_end_modes
    ccb_stave_gdml_export
    ccb_stave_geometry_report_python
    ccb_stave_geometry_smoke
    ccb_stave_gpu_optical_capture
    ccb_stave_production_cut_regression
    ccb_stave_proton_smoke
    ccb_stave_sipm_adc
    ccb_stave_sipm_arrivals
    ccb_stave_sipm_env_fail_closed
    ccb_stave_wls_profile
  NEW failures introduced by this branch: <none>
  failures no longer present:             <none>
CTEST_NO_REGRESSION
VERIFY_DONE checks_exit=0
