11.2.2
-- CCB Opticks GPU bridge: build out-of-tree via opticks/build_bridge.sh
-- Configuring done (0.8s)
-- Generating done (0.3s)
-- Build files have been written to: /projects/hep/fs10/shared/nnbar/billy/ccb-wt-1623/geant4/single_stave/build
[ 11%] Built target ccb_sipm_core
[ 16%] Built target ccb_sipm_tests
[ 20%] Built target ccb_sipm_measured_impulse_tests
[ 41%] Built target ccb_sipm_impulse_runtime_binding_tests
[ 48%] Built target ccb_sipm_toy
[ 48%] Built target ccb_sipm_impulse_provenance_state_tests
[ 53%] Built target ccb_sipm_kernel_history_tests
[ 53%] Built target ccb_sipm_dark_history_tests
[ 53%] Built target ccb_sipm_impulse_digest_tests
[ 53%] Built target ccb_sipm_geant4
[ 55%] Building CXX object CMakeFiles/ccb_stave_sim.dir/src/main.cc.o
[ 58%] Linking CXX executable ccb_stave_sim
[100%] Built target ccb_stave_sim
BUILD_OK /projects/hep/fs10/shared/nnbar/billy/ccb-wt-1623/geant4/single_stave/build/ccb_stave_sim
-rwxr-xr-x 1 scyiu hep 564792 Sep 10 18:30 /projects/hep/fs10/shared/nnbar/billy/ccb-wt-1623/geant4/single_stave/build/ccb_stave_sim
