11.2.2
-- The CXX compiler identification is GNU 12.3.0
-- Detecting CXX compiler ABI info
-- Detecting CXX compiler ABI info - done
-- Check for working CXX compiler: /sw/easybuild_milan/software/GCCcore/12.3.0/bin/c++ - skipped
-- Detecting CXX compile features
-- Detecting CXX compile features - done
-- Found EXPAT: /sw/easybuild_milan/software/expat/2.5.0-GCCcore-12.3.0/lib/libexpat.so (found suitable version "2.5.0", minimum required is "2.5.0")
-- Found ZLIB: /sw/easybuild_milan/software/zlib/1.2.13-GCCcore-12.3.0/lib/libz.so (found suitable version "1.2.13", minimum required is "1.2.13")
-- Performing Test CMAKE_HAVE_LIBC_PTHREAD
-- Performing Test CMAKE_HAVE_LIBC_PTHREAD - Success
-- Found Threads: TRUE
-- Found XercesC: /sw/easybuild_milan/software/Xerces-C++/3.2.4-GCCcore-12.3.0/lib/libxerces-c.so (found suitable version "3.2.4", minimum required is "3.2.4")
-- Found X11: /sw/easybuild_milan/software/X11/20230603-GCCcore-12.3.0/include
-- Looking for XOpenDisplay in /sw/easybuild_milan/software/X11/20230603-GCCcore-12.3.0/lib/libX11.so;/sw/easybuild_milan/software/X11/20230603-GCCcore-12.3.0/lib/libXext.so
-- Looking for XOpenDisplay in /sw/easybuild_milan/software/X11/20230603-GCCcore-12.3.0/lib/libX11.so;/sw/easybuild_milan/software/X11/20230603-GCCcore-12.3.0/lib/libXext.so - found
-- Looking for gethostbyname
-- Looking for gethostbyname - found
-- Looking for connect
-- Looking for connect - found
-- Looking for remove
-- Looking for remove - found
-- Looking for shmat
-- Looking for shmat - found
-- Looking for IceConnectionNumber in ICE
-- Looking for IceConnectionNumber in ICE - found
-- Found OpenGL: /sw/easybuild_milan/software/libglvnd/1.6.0-GCCcore-12.3.0/lib/libOpenGL.so
-- Found Geant4: /sw/easybuild_milan/software/Geant4/11.2.2-GCC-12.3.0/lib64/cmake/Geant4/Geant4Config.cmake (found version "11.2.2")
-- CCB Opticks GPU bridge: build out-of-tree via opticks/build_bridge.sh
-- Configuring done (17.0s)
-- Generating done (1.1s)
-- Build files have been written to: /projects/hep/fs10/shared/nnbar/billy/ccb-wt-1623/geant4/single_stave/build
[ 10%] Building CXX object CMakeFiles/ccb_stave_sim.dir/src/ActionInitialization.cc.o
[ 15%] Building CXX object CMakeFiles/ccb_stave_sim.dir/src/AppConfig.cc.o
[ 20%] Building CXX object CMakeFiles/ccb_stave_sim.dir/src/DetectorConstruction.cc.o
[ 20%] Building CXX object CMakeFiles/ccb_stave_sim.dir/src/DetectorMessenger.cc.o
[ 30%] Building CXX object CMakeFiles/ccb_stave_sim.dir/src/OpticalConstantsLedger.cc.o
[ 30%] Building CXX object CMakeFiles/ccb_stave_sim.dir/src/EventAction.cc.o
[ 55%] Building CXX object CMakeFiles/ccb_stave_sim.dir/src/BuildIdentity.cc.o
[ 55%] Building CXX object CMakeFiles/ccb_stave_sim.dir/src/RunAction.cc.o
[ 55%] Building CXX object CMakeFiles/ccb_stave_sim.dir/src/OpticalTables.cc.o
[ 55%] Building CXX object CMakeFiles/ccb_stave_sim.dir/src/PrimaryGeneratorAction.cc.o
[ 55%] Building CXX object CMakeFiles/ccb_stave_sim.dir/src/PhysicsList.cc.o
[ 60%] Building CXX object CMakeFiles/ccb_stave_sim.dir/src/NeutronTimecutPolicy.cc.o
[ 65%] Building CXX object CMakeFiles/ccb_stave_sim.dir/src/SipmDigitizerConfig.cc.o
[ 70%] Building CXX object CMakeFiles/ccb_stave_sim.dir/src/Sha256.cc.o
[ 75%] Building CXX object CMakeFiles/ccb_stave_sim.dir/src/SipmBuildProvenance.cc.o
[ 80%] Building CXX object CMakeFiles/ccb_stave_sim.dir/src/StackingAction.cc.o
[ 85%] Building CXX object CMakeFiles/ccb_stave_sim.dir/src/SteppingAction.cc.o
