===== 1. pristine baseline build =====
BASELINE_BUILD_OK
===== 2. default-path equivalence (no #1623 flags, same seed) =====
  base exit=0
  new exit=0
===== 3. envelope preflight rejects an out-of-stave window =====
  exit=4 (expect 4)
CCB_BEAM_ENVELOPE_PREFLIGHT profile=AREA_UNIFORM_NORMAL corners_checked=4 corners_missing=4 min_path_cm=0 reason=hit_x/hit_y outside stave face
fatal: sampled phase-space envelope leaves the stave (#1623/#999): 4/4 corner probes miss (hit_x/hit_y outside stave face)
===== 4. thread independence of the sampled phase space =====
  threads=1 exit=124
  threads=16 exit=0
===== 5. new species smoke =====
  mu- exit=0
  mu+ exit=0
  pi+ exit=0
  pi- exit=0
===== 6. python cross-checks =====
/projects/hep/fs10/shared/nnbar/billy/ccb_venv/bin/python: error while loading shared libraries: libpython3.11.so.1.0: cannot open shared object file: No such file or directory
===== 7. ctest on the modified tree =====
  ctest exit=8
20/25 Test #20: ccb_sipm_dark_history_tests ...............   Passed    0.04 sec
      Start 21: ccb_sipm_kernel_history_tests
21/25 Test #21: ccb_sipm_kernel_history_tests .............   Passed    0.01 sec
      Start 22: ccb_sipm_measured_impulse_tests
22/25 Test #22: ccb_sipm_measured_impulse_tests ...........   Passed    0.01 sec
      Start 23: ccb_sipm_impulse_provenance_state_tests
23/25 Test #23: ccb_sipm_impulse_provenance_state_tests ...   Passed    0.01 sec
      Start 24: ccb_sipm_impulse_digest_tests
24/25 Test #24: ccb_sipm_impulse_digest_tests .............   Passed    0.01 sec
      Start 25: ccb_sipm_impulse_runtime_binding_tests
25/25 Test #25: ccb_sipm_impulse_runtime_binding_tests ....   Passed    0.01 sec

52% tests passed, 12 tests failed out of 25

Total Test time (real) = 808.40 sec

The following tests FAILED:
	  1 - ccb_stave_geometry_smoke (Failed)
	  2 - ccb_stave_proton_smoke (Failed)
	  3 - ccb_stave_wls_profile (Failed)
	  4 - ccb_stave_gdml_export (Failed)
	  5 - ccb_stave_gpu_optical_capture (Failed)
	  6 - ccb_stave_geometry_report_python (Failed)
	  7 - ccb_stave_birks_visible_regression (Failed)
	 10 - ccb_stave_production_cut_regression (Failed)
	 11 - ccb_stave_far_end_modes (Failed)
	 12 - ccb_stave_sipm_arrivals (Failed)
	 13 - ccb_stave_sipm_adc (Failed)
	 14 - ccb_stave_sipm_env_fail_closed (Failed)
Errors while running CTest
VERIFY_DONE checks_exit=127
