{
 "I": {
  "v1": {
   "amplitude_means": {
    "B2": 3556.6,
    "B4": 435.2,
    "B6": 44.8,
    "B8": 32.7
   },
   "normalized": {
    "B2": 0.874,
    "B4": 0.107,
    "B6": 0.011,
    "B8": 0.008
   },
   "b8_over_b2": 0.0092
  },
  "meas_even": {
   "amplitude_means": {
    "B2": 3556.6,
    "B4": 1570.3,
    "B6": 2415.6,
    "B8": 2536.2
   },
   "normalized": {
    "B2": 0.3529,
    "B4": 0.1558,
    "B6": 0.2397,
    "B8": 0.2516
   },
   "b8_over_b2": 0.7131
  },
  "meas_odd": {
   "amplitude_means": {
    "B2": 4021.0,
    "B4": 2328.1,
    "B6": 2514.2,
    "B8": 2565.4
   },
   "normalized": {
    "B2": 0.3518,
    "B4": 0.2037,
    "B6": 0.22,
    "B8": 0.2245
   },
   "b8_over_b2": 0.638
  }
 },
 "II": {
  "v1": {
   "amplitude_means": {
    "B2": 1274.5,
    "B4": 224.2,
    "B6": 148.4,
    "B8": 106.6
   },
   "normalized": {
    "B2": 0.7267,
    "B4": 0.1279,
    "B6": 0.0846,
    "B8": 0.0608
   },
   "b8_over_b2": 0.0836
  },
  "meas_even": {
   "amplitude_means": {
    "B2": 1274.5,
    "B4": 2279.8,
    "B6": 2319.3,
    "B8": 2466.5
   },
   "normalized": {
    "B2": 0.1528,
    "B4": 0.2734,
    "B6": 0.2781,
    "B8": 0.2957
   },
   "b8_over_b2": 1.9353
  },
  "meas_odd": {
   "amplitude_means": {
    "B2": 1996.1,
    "B4": 2234.6,
    "B6": 2451.2,
    "B8": 2548.7
   },
   "normalized": {
    "B2": 0.2163,
    "B4": 0.2421,
    "B6": 0.2655,
    "B8": 0.2761
   },
   "b8_over_b2": 1.2768
  }
 }
}
